Component: ARM Compiler 5.06 update 4 (build 422) Tool: armlink [4d35d2]

==============================================================================

Section Cross References

    startup_stm32f103xe.o(RESET) refers to startup_stm32f103xe.o(STACK) for __initial_sp
    startup_stm32f103xe.o(RESET) refers to startup_stm32f103xe.o(.text) for Reset_Handler
    startup_stm32f103xe.o(RESET) refers to stm32f1xx_it.o(i.NMI_Handler) for NMI_Handler
    startup_stm32f103xe.o(RESET) refers to stm32f1xx_it.o(i.HardFault_Handler) for HardFault_Handler
    startup_stm32f103xe.o(RESET) refers to stm32f1xx_it.o(i.MemManage_Handler) for MemManage_Handler
    startup_stm32f103xe.o(RESET) refers to stm32f1xx_it.o(i.BusFault_Handler) for BusFault_Handler
    startup_stm32f103xe.o(RESET) refers to stm32f1xx_it.o(i.UsageFault_Handler) for UsageFault_Handler
    startup_stm32f103xe.o(RESET) refers to stm32f1xx_it.o(i.SVC_Handler) for SVC_Handler
    startup_stm32f103xe.o(RESET) refers to stm32f1xx_it.o(i.DebugMon_Handler) for DebugMon_Handler
    startup_stm32f103xe.o(RESET) refers to stm32f1xx_it.o(i.PendSV_Handler) for PendSV_Handler
    startup_stm32f103xe.o(RESET) refers to stm32f1xx_it.o(i.SysTick_Handler) for SysTick_Handler
    startup_stm32f103xe.o(RESET) refers to stm32f1xx_it.o(i.EXTI3_IRQHandler) for EXTI3_IRQHandler
    startup_stm32f103xe.o(RESET) refers to stm32f1xx_it.o(i.EXTI4_IRQHandler) for EXTI4_IRQHandler
    startup_stm32f103xe.o(RESET) refers to stm32f1xx_it.o(i.EXTI9_5_IRQHandler) for EXTI9_5_IRQHandler
    startup_stm32f103xe.o(RESET) refers to stm32f1xx_it.o(i.USART1_IRQHandler) for USART1_IRQHandler
    startup_stm32f103xe.o(RESET) refers to stm32f1xx_it.o(i.USART3_IRQHandler) for USART3_IRQHandler
    startup_stm32f103xe.o(.text) refers to system_stm32f1xx.o(i.SystemInit) for SystemInit
    startup_stm32f103xe.o(.text) refers to entry.o(.ARM.Collect$$$$00000000) for __main
    bsp_ov7725.o(i.ImagDisp) refers to stm32f1xx_hal_uart.o(i.HAL_UART_Transmit) for HAL_UART_Transmit
    bsp_ov7725.o(i.ImagDisp) refers to stm32f1xx_hal.o(i.HAL_Delay) for HAL_Delay
    bsp_ov7725.o(i.ImagDisp) refers to bsp_ov7725.o(.bss) for .bss
    bsp_ov7725.o(i.Ov7725_Init) refers to bsp_sccb.o(i.SCCB_WriteByte) for SCCB_WriteByte
    bsp_ov7725.o(i.Ov7725_Init) refers to bsp_sccb.o(i.SCCB_ReadByte) for SCCB_ReadByte
    bsp_ov7725.o(i.Ov7725_Init) refers to bsp_ov7725.o(.data) for .data
    bsp_sccb.o(i.SCCB_ReadByte) refers to bsp_sccb.o(i.SCCB_Start) for SCCB_Start
    bsp_sccb.o(i.SCCB_ReadByte) refers to bsp_sccb.o(i.SCCB_SendByte) for SCCB_SendByte
    bsp_sccb.o(i.SCCB_ReadByte) refers to bsp_sccb.o(i.SCCB_WaitAck) for SCCB_WaitAck
    bsp_sccb.o(i.SCCB_ReadByte) refers to bsp_sccb.o(i.SCCB_Stop) for SCCB_Stop
    bsp_sccb.o(i.SCCB_ReadByte) refers to bsp_sccb.o(i.SCCB_delay) for SCCB_delay
    bsp_sccb.o(i.SCCB_ReadByte) refers to stm32f1xx_hal_gpio.o(i.HAL_GPIO_ReadPin) for HAL_GPIO_ReadPin
    bsp_sccb.o(i.SCCB_SendByte) refers to bsp_sccb.o(i.SCCB_delay) for SCCB_delay
    bsp_sccb.o(i.SCCB_Start) refers to bsp_sccb.o(i.SCCB_delay) for SCCB_delay
    bsp_sccb.o(i.SCCB_Start) refers to stm32f1xx_hal_gpio.o(i.HAL_GPIO_ReadPin) for HAL_GPIO_ReadPin
    bsp_sccb.o(i.SCCB_Stop) refers to bsp_sccb.o(i.SCCB_delay) for SCCB_delay
    bsp_sccb.o(i.SCCB_WaitAck) refers to bsp_sccb.o(i.SCCB_delay) for SCCB_delay
    bsp_sccb.o(i.SCCB_WaitAck) refers to stm32f1xx_hal_gpio.o(i.HAL_GPIO_ReadPin) for HAL_GPIO_ReadPin
    bsp_sccb.o(i.SCCB_WriteByte) refers to bsp_sccb.o(i.SCCB_Start) for SCCB_Start
    bsp_sccb.o(i.SCCB_WriteByte) refers to bsp_sccb.o(i.SCCB_SendByte) for SCCB_SendByte
    bsp_sccb.o(i.SCCB_WriteByte) refers to bsp_sccb.o(i.SCCB_WaitAck) for SCCB_WaitAck
    bsp_sccb.o(i.SCCB_WriteByte) refers to bsp_sccb.o(i.SCCB_Stop) for SCCB_Stop
    lcd.o(i.LCD_BackLed_Control) refers to stm32f1xx_hal_gpio.o(i.HAL_GPIO_WritePin) for HAL_GPIO_WritePin
    lcd.o(i.LCD_Clear) refers to lcd.o(i.LCD_OpenWindow) for LCD_OpenWindow
    lcd.o(i.LCD_Clear) refers to lcd.o(i.LCD_FillColor) for LCD_FillColor
    lcd.o(i.LCD_DrawChar) refers to lcd.o(i.LCD_OpenWindow) for LCD_OpenWindow
    lcd.o(i.LCD_DrawChar) refers to lcd.o(.constdata) for .constdata
    lcd.o(i.LCD_DrawString) refers to lcd.o(i.LCD_DrawChar) for LCD_DrawChar
    lcd.o(i.LCD_GetPointPixel) refers to lcd.o(i.LCD_OpenWindow) for LCD_OpenWindow
    lcd.o(i.LCD_GetPointPixel) refers to lcd.o(i.LCD_Read_PixelData) for LCD_Read_PixelData
    lcd.o(i.LCD_INIT) refers to lcd.o(i.LCD_BackLed_Control) for LCD_BackLed_Control
    lcd.o(i.LCD_INIT) refers to lcd.o(i.LCD_Rst) for LCD_Rst
    lcd.o(i.LCD_INIT) refers to lcd.o(i.LCD_REG_Config) for LCD_REG_Config
    lcd.o(i.LCD_INIT) refers to lcd.o(i.LCD_Clear) for LCD_Clear
    lcd.o(i.LCD_REG_Config) refers to lcd.o(i.Delay) for Delay
    lcd.o(i.LCD_Rst) refers to stm32f1xx_hal_gpio.o(i.HAL_GPIO_WritePin) for HAL_GPIO_WritePin
    lcd.o(i.LCD_Rst) refers to lcd.o(i.Delay) for Delay
[...]
    f2d.o(.text) refers (Special) to iusefp.o(.text) for __I$use$fp
    d2f.o(.text) refers (Special) to iusefp.o(.text) for __I$use$fp
    d2f.o(.text) refers to fepilogue.o(.text) for _float_round
    cfrcmple.o(.text) refers (Special) to iusefp.o(.text) for __I$use$fp
    entry2.o(.ARM.Collect$$$$00000001) refers to entry2.o(.ARM.Collect$$$$00002712) for __lit__00000000
    entry2.o(.ARM.Collect$$$$00002712) refers to startup_stm32f103xe.o(STACK) for __initial_sp
    entry2.o(__vectab_stack_and_reset_area) refers to startup_stm32f103xe.o(STACK) for __initial_sp
    entry2.o(__vectab_stack_and_reset_area) refers to entry.o(.ARM.Collect$$$$00000000) for __main
    entry5.o(.ARM.Collect$$$$00000004) refers to init.o(.text) for __scatterload
    entry9a.o(.ARM.Collect$$$$0000000B) refers to main.o(i.main) for main
    entry9b.o(.ARM.Collect$$$$0000000C) refers to main.o(i.main) for main
    fputc.o(i.fputc) refers (Special) to iusesemip.o(.text) for __I$use$semihosting$fputc
    fputc.o(i.fputc) refers (Special) to semi.o(.text) for __semihosting_library_function
    uldiv.o(.text) refers to llushr.o(.text) for __aeabi_llsr
    uldiv.o(.text) refers to llshl.o(.text) for __aeabi_llsl
    depilogue.o(.text) refers to llshl.o(.text) for __aeabi_llsl
    depilogue.o(.text) refers to llushr.o(.text) for __aeabi_llsr
    dadd.o(.text) refers to llshl.o(.text) for __aeabi_llsl
    dadd.o(.text) refers to llsshr.o(.text) for __aeabi_lasr
    dadd.o(.text) refers to depilogue.o(.text) for _double_epilogue
    dfixul.o(.text) refers to llushr.o(.text) for __aeabi_llsr
    dfixul.o(.text) refers to llshl.o(.text) for __aeabi_llsl
    init.o(.text) refers to entry5.o(.ARM.Collect$$$$00000004) for __main_after_scatterload


==============================================================================

Removing Unused input sections from the image.

    Removing startup_stm32f103xe.o(HEAP), (512 bytes).
    Removing bsp_ov7725.o(.rev16_text), (4 bytes).
    Removing bsp_ov7725.o(.revsh_text), (4 bytes).
    Removing bsp_ov7725.o(.rrx_text), (6 bytes).
    Removing bsp_sccb.o(.rev16_text), (4 bytes).
    Removing bsp_sccb.o(.revsh_text), (4 bytes).
    Removing bsp_sccb.o(.rrx_text), (6 bytes).
    Removing lcd.o(.rev16_text), (4 bytes).
    Removing lcd.o(.revsh_text), (4 bytes).
    Removing lcd.o(.rrx_text), (6 bytes).
    Removing lcd.o(i.LCD_Cam_Gram), (56 bytes).
    Removing lcd.o(i.LCD_DrawCircle), (2 bytes).
    Removing lcd.o(i.LCD_DrawDot), (2 bytes).
    Removing lcd.o(i.LCD_DrawLine), (66 bytes).
    Removing lcd.o(i.LCD_GetPointPixel), (18 bytes).
    Removing lcd.o(i.LCD_Read_Data), (12 bytes).
    Removing lcd.o(i.LCD_Read_PixelData), (40 bytes).
    Removing lcd.o(i.LCD_Write_Cmd), (8 bytes).
    Removing lcd.o(i.LCD_Write_Data), (12 bytes).
    Removing usart2.o(.rev16_text), (4 bytes).
    Removing usart2.o(.revsh_text), (4 bytes).
    Removing usart2.o(.rrx_text), (6 bytes).
    Removing encoder.o(.rev16_text), (4 bytes).
    Removing encoder.o(.revsh_text), (4 bytes).
    Removing encoder.o(.rrx_text), (6 bytes).
    Removing main.o(.rev16_text), (4 bytes).
    Removing main.o(.revsh_text), (4 bytes).
    Removing main.o(.rrx_text), (6 bytes).
    Removing main.o(i.Error_Handler), (2 bytes).
    Removing main.o(.bss), (30 bytes).
    Removing stm32f1xx_it.o(.rev16_text), (4 bytes).
    Removing stm32f1xx_it.o(.revsh_text), (4 bytes).
    Removing stm32f1xx_it.o(.rrx_text), (6 bytes).
    Removing stm32f1xx_hal_msp.o(.rev16_text), (4 bytes).
    Removing stm32f1xx_hal_msp.o(.revsh_text), (4 bytes).
    Removing stm32f1xx_hal_msp.o(.rrx_text), (6 bytes).
    Removing stm32f1xx_hal_msp.o(i.HAL_SRAM_MspDeInit), (68 bytes).
    Removing stm32f1xx_hal_msp.o(i.HAL_UART_MspDeInit), (92 bytes).
    Removing stm32f1xx_hal_gpio_ex.o(.rev16_text), (4 bytes).
    Removing stm32f1xx_hal_gpio_ex.o(.revsh_text), (4 bytes).
    Removing stm32f1xx_hal_gpio_ex.o(.rrx_text), (6 bytes).
    Removing stm32f1xx_hal_gpio_ex.o(i.HAL_GPIOEx_ConfigEventout), (20 bytes).
    Removing stm32f1xx_hal_gpio_ex.o(i.HAL_GPIOEx_DisableEventout), (16 bytes).
    Removing stm32f1xx_hal_gpio_ex.o(i.HAL_GPIOEx_EnableEventout), (16 bytes).
    Removing stm32f1xx_ll_fsmc.o(.rev16_text), (4 bytes).
    Removing stm32f1xx_ll_fsmc.o(.revsh_text), (4 bytes).
    Removing stm32f1xx_ll_fsmc.o(.rrx_text), (6 bytes).
    Removing stm32f1xx_ll_fsmc.o(i.FSMC_NAND_AttributeSpace_Timing_Init), (40 bytes).
    Removing stm32f1xx_ll_fsmc.o(i.FSMC_NAND_CommonSpace_Timing_Init), (40 bytes).
    Removing stm32f1xx_ll_fsmc.o(i.FSMC_NAND_DeInit), (52 bytes).
    Removing stm32f1xx_ll_fsmc.o(i.FSMC_NAND_ECC_Disable), (26 bytes).
    Removing stm32f1xx_ll_fsmc.o(i.FSMC_NAND_ECC_Enable), (26 bytes).
    Removing stm32f1xx_ll_fsmc.o(i.FSMC_NAND_GetECC), (80 bytes).
    Removing stm32f1xx_ll_fsmc.o(i.FSMC_NAND_Init), (72 bytes).
    Removing stm32f1xx_ll_fsmc.o(i.FSMC_NORSRAM_DeInit), (50 bytes).
    Removing stm32f1xx_ll_fsmc.o(i.FSMC_NORSRAM_WriteOperation_Disable), (16 bytes).
    Removing stm32f1xx_ll_fsmc.o(i.FSMC_NORSRAM_WriteOperation_Enable), (16 bytes).
    Removing stm32f1xx_ll_fsmc.o(i.FSMC_PCCARD_AttributeSpace_Timing_Init), (28 bytes).
    Removing stm32f1xx_ll_fsmc.o(i.FSMC_PCCARD_CommonSpace_Timing_Init), (28 bytes).
    Removing stm32f1xx_ll_fsmc.o(i.FSMC_PCCARD_DeInit), (30 bytes).
    Removing stm32f1xx_ll_fsmc.o(i.FSMC_PCCARD_IOSpace_Timing_Init), (28 bytes).
    Removing stm32f1xx_ll_fsmc.o(i.FSMC_PCCARD_Init), (40 bytes).
    Removing stm32f1xx_hal_sram.o(.rev16_text), (4 bytes).
    Removing stm32f1xx_hal_sram.o(.revsh_text), (4 bytes).
    Removing stm32f1xx_hal_sram.o(.rrx_text), (6 bytes).
    Removing stm32f1xx_hal_sram.o(i.HAL_SRAM_DMA_XferCpltCallback), (2 bytes).
    Removing stm32f1xx_hal_sram.o(i.HAL_SRAM_DMA_XferErrorCallback), (2 bytes).
    Removing stm32f1xx_hal_sram.o(i.HAL_SRAM_DeInit), (28 bytes).
    Removing stm32f1xx_hal_sram.o(i.HAL_SRAM_GetState), (6 bytes).
    Removing stm32f1xx_hal_sram.o(i.HAL_SRAM_MspDeInit), (2 bytes).
    Removing stm32f1xx_hal_sram.o(i.HAL_SRAM_MspInit), (2 bytes).
    Removing stm32f1xx_hal_sram.o(i.HAL_SRAM_Read_16b), (54 bytes).
    Removing stm32f1xx_hal_sram.o(i.HAL_SRAM_Read_32b), (50 bytes).
    Removing stm32f1xx_hal_sram.o(i.HAL_SRAM_Read_8b), (54 bytes).
    Removing stm32f1xx_hal_sram.o(i.HAL_SRAM_Read_DMA), (60 bytes).
    Removing stm32f1xx_hal_sram.o(i.HAL_SRAM_WriteOperation_Disable), (48 bytes).
    Removing stm32f1xx_hal_sram.o(i.HAL_SRAM_WriteOperation_Enable), (42 bytes).
    Removing stm32f1xx_hal_sram.o(i.HAL_SRAM_Write_16b), (66 bytes).
    Removing stm32f1xx_hal_sram.o(i.HAL_SRAM_Write_32b), (62 bytes).
    Removing stm32f1xx_hal_sram.o(i.HAL_SRAM_Write_8b), (66 bytes).
    Removing stm32f1xx_hal_sram.o(i.HAL_SRAM_Write_DMA), (80 bytes).
    Removing stm32f1xx_hal_tim.o(.rev16_text), (4 bytes).
    Removing stm32f1xx_hal_tim.o(.revsh_text), (4 bytes).
    Removing stm32f1xx_hal_tim.o(.rrx_text), (6 bytes).
    Removing stm32f1xx_hal_tim_ex.o(.rev16_text), (4 bytes).
    Removing stm32f1xx_hal_tim_ex.o(.revsh_text), (4 bytes).
    Removing stm32f1xx_hal_tim_ex.o(.rrx_text), (6 bytes).
    Removing stm32f1xx_hal_uart.o(.rev16_text), (4 bytes).
    Removing stm32f1xx_hal_uart.o(.revsh_text), (4 bytes).
    Removing stm32f1xx_hal_uart.o(.rrx_text), (6 bytes).
    Removing stm32f1xx_hal_uart.o(i.HAL_HalfDuplex_EnableReceiver), (50 bytes).
    Removing stm32f1xx_hal_uart.o(i.HAL_HalfDuplex_EnableTransmitter), (50 bytes).
    Removing stm32f1xx_hal_uart.o(i.HAL_HalfDuplex_Init), (108 bytes).
    Removing stm32f1xx_hal_uart.o(i.HAL_LIN_Init), (122 bytes).
    Removing stm32f1xx_hal_uart.o(i.HAL_LIN_SendBreak), (46 bytes).
    Removing stm32f1xx_hal_uart.o(i.HAL_MultiProcessor_EnterMuteMode), (46 bytes).
    Removing stm32f1xx_hal_uart.o(i.HAL_MultiProcessor_ExitMuteMode), (46 bytes).
    Removing stm32f1xx_hal_uart.o(i.HAL_MultiProcessor_Init), (130 bytes).
    Removing stm32f1xx_hal_uart.o(i.HAL_UART_Abort), (104 bytes).
    Removing stm32f1xx_hal_uart.o(i.HAL_UART_AbortCpltCallback), (2 bytes).
    Removing stm32f1xx_hal_uart.o(i.HAL_UART_AbortReceive), (68 bytes).
    Removing stm32f1xx_hal_uart.o(i.HAL_UART_AbortReceiveCpltCallback), (2 bytes).
    Removing stm32f1xx_hal_uart.o(i.HAL_UART_AbortReceive_IT), (92 bytes).
    Removing stm32f1xx_hal_uart.o(i.HAL_UART_AbortTransmit), (58 bytes).
    Removing stm32f1xx_hal_uart.o(i.HAL_UART_AbortTransmitCpltCallback), (2 bytes).
    Removing stm32f1xx_hal_uart.o(i.HAL_UART_AbortTransmit_IT), (84 bytes).
    Removing stm32f1xx_hal_uart.o(i.HAL_UART_Abort_IT), (172 bytes).
    Removing stm32f1xx_hal_uart.o(i.HAL_UART_DMAPause), (102 bytes).
    Removing stm32f1xx_hal_uart.o(i.HAL_UART_DMAResume), (94 bytes).
    Removing stm32f1xx_hal_uart.o(i.HAL_UART_DMAStop), (88 bytes).
    Removing stm32f1xx_hal_uart.o(i.HAL_UART_DeInit), (40 bytes).
    Removing stm32f1xx_hal_uart.o(i.HAL_UART_GetError), (4 bytes).
    Removing stm32f1xx_hal_uart.o(i.HAL_UART_GetState), (10 bytes).
    Removing stm32f1xx_hal_uart.o(i.HAL_UART_MspDeInit), (2 bytes).
    Removing stm32f1xx_hal_uart.o(i.HAL_UART_MspInit), (2 bytes).
    Removing stm32f1xx_hal_uart.o(i.HAL_UART_Receive), (184 bytes).
    Removing stm32f1xx_hal_uart.o(i.HAL_UART_Receive_DMA), (152 bytes).
    Removing stm32f1xx_hal_uart.o(i.HAL_UART_RxCpltCallback), (2 bytes).
    Removing stm32f1xx_hal_uart.o(i.HAL_UART_RxHalfCpltCallback), (2 bytes).
    Removing stm32f1xx_hal_uart.o(i.HAL_UART_Transmit_DMA), (128 bytes).
    Removing stm32f1xx_hal_uart.o(i.HAL_UART_Transmit_IT), (62 bytes).
    Removing stm32f1xx_hal_uart.o(i.HAL_UART_TxHalfCpltCallback), (2 bytes).
    Removing stm32f1xx_hal_uart.o(i.UART_DMAError), (74 bytes).
    Removing stm32f1xx_hal_uart.o(i.UART_DMAReceiveCplt), (60 bytes).
    Removing stm32f1xx_hal_uart.o(i.UART_DMARxAbortCallback), (42 bytes).
    Removing stm32f1xx_hal_uart.o(i.UART_DMARxHalfCplt), (10 bytes).
    Removing stm32f1xx_hal_uart.o(i.UART_DMARxOnlyAbortCallback), (20 bytes).
    Removing stm32f1xx_hal_uart.o(i.UART_DMATransmitCplt), (46 bytes).
    Removing stm32f1xx_hal_uart.o(i.UART_DMATxAbortCallback), (42 bytes).
    Removing stm32f1xx_hal_uart.o(i.UART_DMATxHalfCplt), (10 bytes).
    Removing stm32f1xx_hal_uart.o(i.UART_DMATxOnlyAbortCallback), (20 bytes).
    Removing stm32f1xx_hal_uart.o(i.UART_EndTxTransfer), (18 bytes).
    Removing stm32f1xx_hal.o(.rev16_text), (4 bytes).
    Removing stm32f1xx_hal.o(.revsh_text), (4 bytes).
    Removing stm32f1xx_hal.o(.rrx_text), (6 bytes).
    Removing stm32f1xx_hal.o(i.HAL_DBGMCU_DisableDBGSleepMode), (16 bytes).
    Removing stm32f1xx_hal.o(i.HAL_DBGMCU_DisableDBGStandbyMode), (16 bytes).
    Removing stm32f1xx_hal.o(i.HAL_DBGMCU_DisableDBGStopMode), (16 bytes).
    Removing stm32f1xx_hal.o(i.HAL_DBGMCU_EnableDBGSleepMode), (16 bytes).
    Removing stm32f1xx_hal.o(i.HAL_DBGMCU_EnableDBGStandbyMode), (16 bytes).
    Removing stm32f1xx_hal.o(i.HAL_DBGMCU_EnableDBGStopMode), (16 bytes).
    Removing stm32f1xx_hal.o(i.HAL_DeInit), (32 bytes).
    Removing stm32f1xx_hal.o(i.HAL_GetDEVID), (16 bytes).
    Removing stm32f1xx_hal.o(i.HAL_GetHalVersion), (8 bytes).
    Removing stm32f1xx_hal.o(i.HAL_GetREVID), (12 bytes).
    Removing stm32f1xx_hal.o(i.HAL_GetTickFreq), (12 bytes).
    Removing stm32f1xx_hal.o(i.HAL_GetTickPrio), (12 bytes).
    Removing stm32f1xx_hal.o(i.HAL_GetUID), (28 bytes).
    Removing stm32f1xx_hal.o(i.HAL_MspDeInit), (2 bytes).
    Removing stm32f1xx_hal.o(i.HAL_MspInit), (2 bytes).
    Removing stm32f1xx_hal.o(i.HAL_ResumeTick), (14 bytes).
    Removing stm32f1xx_hal.o(i.HAL_SetTickFreq), (28 bytes).
    Removing stm32f1xx_hal.o(i.HAL_SuspendTick), (14 bytes).
    Removing stm32f1xx_hal_rcc.o(.rev16_text), (4 bytes).
    Removing stm32f1xx_hal_rcc.o(.revsh_text), (4 bytes).
    Removing stm32f1xx_hal_rcc.o(.rrx_text), (6 bytes).
    Removing stm32f1xx_hal_rcc.o(i.HAL_RCC_CSSCallback), (2 bytes).
    Removing stm32f1xx_hal_rcc.o(i.HAL_RCC_DeInit), (216 bytes).
    Removing stm32f1xx_hal_rcc.o(i.HAL_RCC_DisableCSS), (12 bytes).
    Removing stm32f1xx_hal_rcc.o(i.HAL_RCC_EnableCSS), (12 bytes).
    Removing stm32f1xx_hal_rcc.o(i.HAL_RCC_GetClockConfig), (64 bytes).
    Removing stm32f1xx_hal_rcc.o(i.HAL_RCC_GetHCLKFreq), (12 bytes).
    Removing stm32f1xx_hal_rcc.o(i.HAL_RCC_GetOscConfig), (144 bytes).
    Removing stm32f1xx_hal_rcc.o(i.HAL_RCC_MCOConfig), (72 bytes).
    Removing stm32f1xx_hal_rcc.o(i.HAL_RCC_NMI_IRQHandler), (24 bytes).
    Removing stm32f1xx_hal_rcc_ex.o(.rev16_text), (4 bytes).
    Removing stm32f1xx_hal_rcc_ex.o(.revsh_text), (4 bytes).
    Removing stm32f1xx_hal_rcc_ex.o(.rrx_text), (6 bytes).
    Removing stm32f1xx_hal_rcc_ex.o(i.HAL_RCCEx_GetPeriphCLKConfig), (52 bytes).
    Removing stm32f1xx_hal_rcc_ex.o(i.HAL_RCCEx_GetPeriphCLKFreq), (212 bytes).
    Removing stm32f1xx_hal_rcc_ex.o(i.HAL_RCCEx_PeriphCLKConfig), (236 bytes).
    Removing stm32f1xx_hal_gpio.o(.rev16_text), (4 bytes).
    Removing stm32f1xx_hal_gpio.o(.revsh_text), (4 bytes).
    Removing stm32f1xx_hal_gpio.o(.rrx_text), (6 bytes).
    Removing stm32f1xx_hal_gpio.o(i.HAL_GPIO_DeInit), (256 bytes).
    Removing stm32f1xx_hal_gpio.o(i.HAL_GPIO_LockPin), (34 bytes).
    Removing stm32f1xx_hal_gpio.o(i.HAL_GPIO_TogglePin), (8 bytes).
    Removing stm32f1xx_hal_dma.o(.rev16_text), (4 bytes).
    Removing stm32f1xx_hal_dma.o(.revsh_text), (4 bytes).
    Removing stm32f1xx_hal_dma.o(.rrx_text), (6 bytes).
    Removing stm32f1xx_hal_dma.o(i.DMA_SetConfig), (42 bytes).
    Removing stm32f1xx_hal_dma.o(i.HAL_DMA_Abort), (48 bytes).
    Removing stm32f1xx_hal_dma.o(i.HAL_DMA_DeInit), (128 bytes).
    Removing stm32f1xx_hal_dma.o(i.HAL_DMA_GetError), (4 bytes).
    Removing stm32f1xx_hal_dma.o(i.HAL_DMA_GetState), (6 bytes).
    Removing stm32f1xx_hal_dma.o(i.HAL_DMA_IRQHandler), (584 bytes).
    Removing stm32f1xx_hal_dma.o(i.HAL_DMA_Init), (124 bytes).
    Removing stm32f1xx_hal_dma.o(i.HAL_DMA_PollForTransfer), (988 bytes).
    Removing stm32f1xx_hal_dma.o(i.HAL_DMA_RegisterCallback), (74 bytes).
    Removing stm32f1xx_hal_dma.o(i.HAL_DMA_Start), (80 bytes).
    Removing stm32f1xx_hal_dma.o(i.HAL_DMA_Start_IT), (112 bytes).
    Removing stm32f1xx_hal_dma.o(i.HAL_DMA_UnRegisterCallback), (82 bytes).
    Removing stm32f1xx_hal_cortex.o(.rev16_text), (4 bytes).
    Removing stm32f1xx_hal_cortex.o(.revsh_text), (4 bytes).
    Removing stm32f1xx_hal_cortex.o(.rrx_text), (6 bytes).
    Removing stm32f1xx_hal_cortex.o(i.HAL_NVIC_ClearPendingIRQ), (22 bytes).
    Removing stm32f1xx_hal_cortex.o(i.HAL_NVIC_DisableIRQ), (22 bytes).
    Removing stm32f1xx_hal_cortex.o(i.HAL_NVIC_GetActive), (32 bytes).
    Removing stm32f1xx_hal_cortex.o(i.HAL_NVIC_GetPendingIRQ), (32 bytes).
    Removing stm32f1xx_hal_cortex.o(i.HAL_NVIC_GetPriority), (82 bytes).
    Removing stm32f1xx_hal_cortex.o(i.HAL_NVIC_GetPriorityGrouping), (16 bytes).
    Removing stm32f1xx_hal_cortex.o(i.HAL_NVIC_SetPendingIRQ), (22 bytes).
    Removing stm32f1xx_hal_cortex.o(i.HAL_NVIC_SystemReset), (36 bytes).
    Removing stm32f1xx_hal_cortex.o(i.HAL_SYSTICK_CLKSourceConfig), (24 bytes).
    Removing stm32f1xx_hal_cortex.o(i.HAL_SYSTICK_Callback), (2 bytes).
    Removing stm32f1xx_hal_cortex.o(i.HAL_SYSTICK_IRQHandler), (8 bytes).
    Removing stm32f1xx_hal_pwr.o(.rev16_text), (4 bytes).
    Removing stm32f1xx_hal_pwr.o(.revsh_text), (4 bytes).
    Removing stm32f1xx_hal_pwr.o(.rrx_text), (6 bytes).
    Removing stm32f1xx_hal_pwr.o(i.HAL_PWR_ConfigPVD), (124 bytes).
    Removing stm32f1xx_hal_pwr.o(i.HAL_PWR_DeInit), (24 bytes).
    Removing stm32f1xx_hal_pwr.o(i.HAL_PWR_DisableBkUpAccess), (12 bytes).
    Removing stm32f1xx_hal_pwr.o(i.HAL_PWR_DisablePVD), (12 bytes).
    Removing stm32f1xx_hal_pwr.o(i.HAL_PWR_DisableSEVOnPend), (16 bytes).
    Removing stm32f1xx_hal_pwr.o(i.HAL_PWR_DisableSleepOnExit), (16 bytes).
    Removing stm32f1xx_hal_pwr.o(i.HAL_PWR_DisableWakeUpPin), (28 bytes).
    Removing stm32f1xx_hal_pwr.o(i.HAL_PWR_EnableBkUpAccess), (12 bytes).
    Removing stm32f1xx_hal_pwr.o(i.HAL_PWR_EnablePVD), (12 bytes).
    Removing stm32f1xx_hal_pwr.o(i.HAL_PWR_EnableSEVOnPend), (16 bytes).
    Removing stm32f1xx_hal_pwr.o(i.HAL_PWR_EnableSleepOnExit), (16 bytes).
    Removing stm32f1xx_hal_pwr.o(i.HAL_PWR_EnableWakeUpPin), (28 bytes).
    Removing stm32f1xx_hal_pwr.o(i.HAL_PWR_EnterSLEEPMode), (32 bytes).
    Removing stm32f1xx_hal_pwr.o(i.HAL_PWR_EnterSTANDBYMode), (32 bytes).
    Removing stm32f1xx_hal_pwr.o(i.HAL_PWR_EnterSTOPMode), (68 bytes).
    Removing stm32f1xx_hal_pwr.o(i.HAL_PWR_PVDCallback), (2 bytes).
    Removing stm32f1xx_hal_pwr.o(i.HAL_PWR_PVD_IRQHandler), (28 bytes).
    Removing stm32f1xx_hal_pwr.o(i.PWR_OverloadWfe), (6 bytes).
    Removing stm32f1xx_hal_flash.o(.rev16_text), (4 bytes).
    Removing stm32f1xx_hal_flash.o(.revsh_text), (4 bytes).
    Removing stm32f1xx_hal_flash.o(.rrx_text), (6 bytes).
    Removing stm32f1xx_hal_flash.o(i.FLASH_Program_HalfWord), (28 bytes).
    Removing stm32f1xx_hal_flash.o(i.FLASH_SetErrorCode), (92 bytes).
    Removing stm32f1xx_hal_flash.o(i.FLASH_WaitForLastOperation), (84 bytes).
    Removing stm32f1xx_hal_flash.o(i.HAL_FLASH_EndOfOperationCallback), (2 bytes).
    Removing stm32f1xx_hal_flash.o(i.HAL_FLASH_GetError), (12 bytes).
    Removing stm32f1xx_hal_flash.o(i.HAL_FLASH_IRQHandler), (264 bytes).
    Removing stm32f1xx_hal_flash.o(i.HAL_FLASH_Lock), (20 bytes).
    Removing stm32f1xx_hal_flash.o(i.HAL_FLASH_OB_Launch), (4 bytes).
    Removing stm32f1xx_hal_flash.o(i.HAL_FLASH_OB_Lock), (20 bytes).
    Removing stm32f1xx_hal_flash.o(i.HAL_FLASH_OB_Unlock), (36 bytes).
    Removing stm32f1xx_hal_flash.o(i.HAL_FLASH_OperationErrorCallback), (2 bytes).
    Removing stm32f1xx_hal_flash.o(i.HAL_FLASH_Program), (128 bytes).
    Removing stm32f1xx_hal_flash.o(i.HAL_FLASH_Program_IT), (100 bytes).
    Removing stm32f1xx_hal_flash.o(i.HAL_FLASH_Unlock), (40 bytes).
    Removing stm32f1xx_hal_flash.o(.bss), (32 bytes).
    Removing stm32f1xx_hal_flash_ex.o(.rev16_text), (4 bytes).
    Removing stm32f1xx_hal_flash_ex.o(.revsh_text), (4 bytes).
    Removing stm32f1xx_hal_flash_ex.o(.rrx_text), (6 bytes).
    Removing stm32f1xx_hal_flash_ex.o(i.FLASH_MassErase), (36 bytes).
    Removing stm32f1xx_hal_flash_ex.o(i.FLASH_OB_DisableWRP), (176 bytes).
    Removing stm32f1xx_hal_flash_ex.o(i.FLASH_OB_EnableWRP), (176 bytes).
    Removing stm32f1xx_hal_flash_ex.o(i.FLASH_OB_GetRDP), (24 bytes).
    Removing stm32f1xx_hal_flash_ex.o(i.FLASH_OB_RDP_LevelConfig), (100 bytes).
    Removing stm32f1xx_hal_flash_ex.o(i.FLASH_PageErase), (36 bytes).
    Removing stm32f1xx_hal_flash_ex.o(i.HAL_FLASHEx_Erase), (168 bytes).
    Removing stm32f1xx_hal_flash_ex.o(i.HAL_FLASHEx_Erase_IT), (84 bytes).
    Removing stm32f1xx_hal_flash_ex.o(i.HAL_FLASHEx_OBErase), (84 bytes).
    Removing stm32f1xx_hal_flash_ex.o(i.HAL_FLASHEx_OBGetConfig), (36 bytes).
    Removing stm32f1xx_hal_flash_ex.o(i.HAL_FLASHEx_OBGetUserData), (32 bytes).
    Removing stm32f1xx_hal_flash_ex.o(i.HAL_FLASHEx_OBProgram), (200 bytes).
    Removing system_stm32f1xx.o(.rev16_text), (4 bytes).
    Removing system_stm32f1xx.o(.revsh_text), (4 bytes).
    Removing system_stm32f1xx.o(.rrx_text), (6 bytes).
    Removing system_stm32f1xx.o(i.SystemCoreClockUpdate), (104 bytes).

264 unused section(s) (total 11708 bytes) removed from the image.

==============================================================================

Image Symbol Table

    Local Symbols

    Symbol Name                              Value     Ov Type        Size  Object(Section)

    ../Drivers/STM32F1xx_HAL_Driver/Src/stm32f1xx_hal.c 0x00000000   Number         0  stm32f1xx_hal.o ABSOLUTE
    ../Drivers/STM32F1xx_HAL_Driver/Src/stm32f1xx_hal_cortex.c 0x00000000   Number         0  stm32f1xx_hal_cortex.o ABSOLUTE
    ../Drivers/STM32F1xx_HAL_Driver/Src/stm32f1xx_hal_dma.c 0x00000000   Number         0  stm32f1xx_hal_dma.o ABSOLUTE
    ../Drivers/STM32F1xx_HAL_Driver/Src/stm32f1xx_hal_flash.c 0x00000000   Number         0  stm32f1xx_hal_flash.o ABSOLUTE
    ../Drivers/STM32F1xx_HAL_Driver/Src/stm32f1xx_hal_flash_ex.c 0x00000000   Number         0  stm32f1xx_hal_flash_ex.o ABSOLUTE
    ../Drivers/STM32F1xx_HAL_Driver/Src/stm32f1xx_hal_gpio.c 0x00000000   Number         0  stm32f1xx_hal_gpio.o ABSOLUTE
    ../Drivers/STM32F1xx_HAL_Driver/Src/stm32f1xx_hal_gpio_ex.c 0x00000000   Number         0  stm32f1xx_hal_gpio_ex.o ABSOLUTE
    ../Drivers/STM32F1xx_HAL_Driver/Src/stm32f1xx_hal_pwr.c 0x00000000   Number         0  stm32f1xx_hal_pwr.o ABSOLUTE
    ../Drivers/STM32F1xx_HAL_Driver/Src/stm32f1xx_hal_rcc.c 0x00000000   Number         0  stm32f1xx_hal_rcc.o ABSOLUTE
    ../Drivers/STM32F1xx_HAL_Driver/Src/stm32f1xx_hal_rcc_ex.c 0x00000000   Number         0  stm32f1xx_hal_rcc_ex.o ABSOLUTE
    ../Drivers/STM32F1xx_HAL_Driver/Src/stm32f1xx_hal_sram.c 0x00000000   Number         0  stm32f1xx_hal_sram.o ABSOLUTE
    ../Drivers/STM32F1xx_HAL_Driver/Src/stm32f1xx_hal_tim.c 0x00000000   Number         0  stm32f1xx_hal_tim.o ABSOLUTE
    ../Drivers/STM32F1xx_HAL_Driver/Src/stm32f1xx_hal_tim_ex.c 0x00000000   Number         0  stm32f1xx_hal_tim_ex.o ABSOLUTE
    ../Drivers/STM32F1xx_HAL_Driver/Src/stm32f1xx_hal_uart.c 0x00000000   Number         0  stm32f1xx_hal_uart.o ABSOLUTE
    ../Drivers/STM32F1xx_HAL_Driver/Src/stm32f1xx_ll_fsmc.c 0x00000000   Number         0  stm32f1xx_ll_fsmc.o ABSOLUTE
    ../Src/main.c                            0x00000000   Number         0  main.o ABSOLUTE
    ../Src/stm32f1xx_hal_msp.c               0x00000000   Number         0  stm32f1xx_hal_msp.o ABSOLUTE
    ../Src/stm32f1xx_it.c                    0x00000000   Number         0  stm32f1xx_it.o ABSOLUTE
    ../Src/system_stm32f1xx.c                0x00000000   Number         0  system_stm32f1xx.o ABSOLUTE
    ../clib/microlib/division.c              0x00000000   Number         0  uldiv.o ABSOLUTE
    ../clib/microlib/division.c              0x00000000   Number         0  uidiv.o ABSOLUTE
    ../clib/microlib/init/entry.s            0x00000000   Number         0  entry10b.o ABSOLUTE
    ../clib/microlib/init/entry.s            0x00000000   Number         0  entry5.o ABSOLUTE
    ../clib/microlib/init/entry.s            0x00000000   Number         0  entry2.o ABSOLUTE
    ../clib/microlib/init/entry.s            0x00000000   Number         0  entry7a.o ABSOLUTE
    ../clib/microlib/init/entry.s            0x00000000   Number         0  entry7b.o ABSOLUTE
    ../clib/microlib/init/entry.s            0x00000000   Number         0  entry9a.o ABSOLUTE
    ../clib/microlib/init/entry.s            0x00000000   Number         0  entry11b.o ABSOLUTE
    ../clib/microlib/init/entry.s            0x00000000   Number         0  entry11a.o ABSOLUTE
    ../clib/microlib/init/entry.s            0x00000000   Number         0  entry8a.o ABSOLUTE
    ../clib/microlib/init/entry.s            0x00000000   Number         0  entry10a.o ABSOLUTE
    ../clib/microlib/init/entry.s            0x00000000   Number         0  entry9b.o ABSOLUTE
    ../clib/microlib/init/entry.s            0x00000000   Number         0  entry8b.o ABSOLUTE
    ../clib/microlib/init/entry.s            0x00000000   Number         0  entry.o ABSOLUTE
    ../clib/microlib/longlong.c              0x00000000   Number         0  llushr.o ABSOLUTE
    ../clib/microlib/longlong.c              0x00000000   Number         0  llshl.o ABSOLUTE
    ../clib/microlib/longlong.c              0x00000000   Number         0  llsshr.o ABSOLUTE
    ../clib/microlib/printf/printf.c         0x00000000   Number         0  printfa.o ABSOLUTE
    ../clib/microlib/printf/printf.c         0x00000000   Number         0  printf7.o ABSOLUTE
    ../clib/microlib/printf/printf.c         0x00000000   Number         0  printf8.o ABSOLUTE
    ../clib/microlib/printf/printf.c         0x00000000   Number         0  printf6.o ABSOLUTE
    ../clib/microlib/printf/printf.c         0x00000000   Number         0  printfb.o ABSOLUTE
    ../clib/microlib/printf/printf.c         0x00000000   Number         0  printf1.o ABSOLUTE
    ../clib/microlib/printf/printf.c         0x00000000   Number         0  printf4.o ABSOLUTE
    ../clib/microlib/printf/printf.c         0x00000000   Number         0  printf2.o ABSOLUTE
    ../clib/microlib/printf/printf.c         0x00000000   Number         0  printf3.o ABSOLUTE
    ../clib/microlib/printf/printf.c         0x00000000   Number         0  printf0.o ABSOLUTE
    ../clib/microlib/printf/printf.c         0x00000000   Number         0  printf5.o ABSOLUTE
    ../clib/microlib/printf/stubs.s          0x00000000   Number         0  stubs.o ABSOLUTE
    ../clib/microlib/stdio/fputc.c           0x00000000   Number         0  fputc.o ABSOLUTE
    ../clib/microlib/stdio/semi.s            0x00000000   Number         0  semi.o ABSOLUTE
    ../clib/microlib/stdio/streams.c         0x00000000   Number         0  stdout.o ABSOLUTE
    ../clib/microlib/string/memset.c         0x00000000   Number         0  memseta.o ABSOLUTE
    ../clib/microlib/stubs.s                 0x00000000   Number         0  iusefp.o ABSOLUTE
    ../clib/microlib/stubs.s                 0x00000000   Number         0  iusesemip.o ABSOLUTE
    ../fplib/microlib/d2f.c                  0x00000000   Number         0  d2f.o ABSOLUTE
    ../fplib/microlib/f2d.c                  0x00000000   Number         0  f2d.o ABSOLUTE
    ../fplib/microlib/fpadd.c                0x00000000   Number         0  dadd.o ABSOLUTE
    ../fplib/microlib/fpadd.c                0x00000000   Number         0  fadd.o ABSOLUTE
    ../fplib/microlib/fpdiv.c                0x00000000   Number         0  ddiv.o ABSOLUTE
    ../fplib/microlib/fpepilogue.c           0x00000000   Number         0  fepilogue.o ABSOLUTE
    ../fplib/microlib/fpepilogue.c           0x00000000   Number         0  depilogue.o ABSOLUTE
    ../fplib/microlib/fpfix.c                0x00000000   Number         0  dfixul.o ABSOLUTE
    ../fplib/microlib/fpflt.c                0x00000000   Number         0  dfltui.o ABSOLUTE
    ../fplib/microlib/fpflt.c                0x00000000   Number         0  ffltui.o ABSOLUTE
    ../fplib/microlib/fpflt.c                0x00000000   Number         0  dflti.o ABSOLUTE
    ../fplib/microlib/fpmul.c                0x00000000   Number         0  dmul.o ABSOLUTE
    ..\Drivers\STM32F1xx_HAL_Driver\Src\stm32f1xx_hal.c 0x00000000   Number         0  stm32f1xx_hal.o ABSOLUTE
    ..\Drivers\STM32F1xx_HAL_Driver\Src\stm32f1xx_hal_cortex.c 0x00000000   Number         0  stm32f1xx_hal_cortex.o ABSOLUTE
    ..\Drivers\STM32F1xx_HAL_Driver\Src\stm32f1xx_hal_dma.c 0x00000000   Number         0  stm32f1xx_hal_dma.o ABSOLUTE
    ..\Drivers\STM32F1xx_HAL_Driver\Src\stm32f1xx_hal_flash.c 0x00000000   Number         0  stm32f1xx_hal_flash.o ABSOLUTE
    ..\Drivers\STM32F1xx_HAL_Driver\Src\stm32f1xx_hal_flash_ex.c 0x00000000   Number         0  stm32f1xx_hal_flash_ex.o ABSOLUTE
    ..\Drivers\STM32F1xx_HAL_Driver\Src\stm32f1xx_hal_gpio.c 0x00000000   Number         0  stm32f1xx_hal_gpio.o ABSOLUTE
    ..\Drivers\STM32F1xx_HAL_Driver\Src\stm32f1xx_hal_gpio_ex.c 0x00000000   Number         0  stm32f1xx_hal_gpio_ex.o ABSOLUTE
    ..\Drivers\STM32F1xx_HAL_Driver\Src\stm32f1xx_hal_pwr.c 0x00000000   Number         0  stm32f1xx_hal_pwr.o ABSOLUTE
    ..\Drivers\STM32F1xx_HAL_Driver\Src\stm32f1xx_hal_rcc.c 0x00000000   Number         0  stm32f1xx_hal_rcc.o ABSOLUTE
    ..\Drivers\STM32F1xx_HAL_Driver\Src\stm32f1xx_hal_rcc_ex.c 0x00000000   Number         0  stm32f1xx_hal_rcc_ex.o ABSOLUTE
    ..\Drivers\STM32F1xx_HAL_Driver\Src\stm32f1xx_hal_sram.c 0x00000000   Number         0  stm32f1xx_hal_sram.o ABSOLUTE
    ..\Drivers\STM32F1xx_HAL_Driver\Src\stm32f1xx_hal_tim.c 0x00000000   Number         0  stm32f1xx_hal_tim.o ABSOLUTE
    ..\Drivers\STM32F1xx_HAL_Driver\Src\stm32f1xx_hal_tim_ex.c 0x00000000   Number         0  stm32f1xx_hal_tim_ex.o ABSOLUTE
    ..\Drivers\STM32F1xx_HAL_Driver\Src\stm32f1xx_hal_uart.c 0x00000000   Number         0  stm32f1xx_hal_uart.o ABSOLUTE
    ..\Drivers\STM32F1xx_HAL_Driver\Src\stm32f1xx_ll_fsmc.c 0x00000000   Number         0  stm32f1xx_ll_fsmc.o ABSOLUTE
    ..\Src\bsp_ov7725.c                      0x00000000   Number         0  bsp_ov7725.o ABSOLUTE
    ..\Src\bsp_sccb.c                        0x00000000   Number         0  bsp_sccb.o ABSOLUTE
    ..\Src\encoder.c                         0x00000000   Number         0  encoder.o ABSOLUTE
    ..\Src\lcd.c                             0x00000000   Number         0  lcd.o ABSOLUTE
    ..\Src\main.c                            0x00000000   Number         0  main.o ABSOLUTE
    ..\Src\stm32f1xx_hal_msp.c               0x00000000   Number         0  stm32f1xx_hal_msp.o ABSOLUTE
    ..\Src\stm32f1xx_it.c                    0x00000000   Number         0  stm32f1xx_it.o ABSOLUTE
    ..\Src\system_stm32f1xx.c                0x00000000   Number         0  system_stm32f1xx.o ABSOLUTE
    ..\Src\usart2.c                          0x00000000   Number         0  usart2.o ABSOLUTE
    ..\\Src\\bsp_ov7725.c                    0x00000000   Number         0  bsp_ov7725.o ABSOLUTE
    ..\\Src\\bsp_sccb.c                      0x00000000   Number         0  bsp_sccb.o ABSOLUTE
    ..\\Src\\encoder.c                       0x00000000   Number         0  encoder.o ABSOLUTE
    ..\\Src\\lcd.c                           0x00000000   Number         0  lcd.o ABSOLUTE
    ..\\Src\\usart2.c                        0x00000000   Number         0  usart2.o ABSOLUTE
    cdrcmple.s                               0x00000000   Number         0  cdrcmple.o ABSOLUTE
    cfrcmple.s                               0x00000000   Number         0  cfrcmple.o ABSOLUTE
    dc.s                                     0x00000000   Number         0  dc.o ABSOLUTE
    handlers.s                               0x00000000   Number         0  handlers.o ABSOLUTE
    init.s                                   0x00000000   Number         0  init.o ABSOLUTE
    startup_stm32f103xe.s                    0x00000000   Number         0  startup_stm32f103xe.o ABSOLUTE
    RESET                                    0x08000000   Section      304  startup_stm32f103xe.o(RESET)
    .ARM.Collect$$$$00000000                 0x08000130   Section        0  entry.o(.ARM.Collect$$$$00000000)
    .ARM.Collect$$$$00000001                 0x08000130   Section        4  entry2.o(.ARM.Collect$$$$00000001)
    .ARM.Collect$$$$00000004                 0x08000134   Section        4  entry5.o(.ARM.Collect$$$$00000004)
    .ARM.Collect$$$$00000008                 0x08000138   Section        0  entry7b.o(.ARM.Collect$$$$00000008)
    .ARM.Collect$$$$0000000A                 0x08000138   Section        0  entry8b.o(.ARM.Collect$$$$0000000A)
    .ARM.Collect$$$$0000000B                 0x08000138   Section        8  entry9a.o(.ARM.Collect$$$$0000000B)
    .ARM.Collect$$$$0000000D                 0x08000140   Section        0  entry10a.o(.ARM.Collect$$$$0000000D)
    .ARM.Collect$$$$0000000F                 0x08000140   Section        0  entry11a.o(.ARM.Collect$$$$0000000F)
    .ARM.Collect$$$$00002712                 0x08000140   Section        4  entry2.o(.ARM.Collect$$$$00002712)
    __lit__00000000                          0x08000140   Data           4  entry2.o(.ARM.Collect$$$$00002712)
    .text                                    0x08000144   Section       36  startup_stm32f103xe.o(.text)
    .text                                    0x08000168   Section        0  llushr.o(.text)
    .text                                    0x08000188   Section        0  memseta.o(.text)
    .text                                    0x080001ac   Section        0  fadd.o(.text)
    .text                                    0x0800025c   Section        0  dmul.o(.text)
    .text                                    0x08000340   Section        0  ddiv.o(.text)
    .text                                    0x0800041e   Section        0  ffltui.o(.text)
    .text                                    0x08000428   Section        0  dflti.o(.text)
    .text                                    0x0800044a   Section        0  dfltui.o(.text)
    .text                                    0x08000464   Section        0  f2d.o(.text)
    .text                                    0x0800048a   Section        0  d2f.o(.text)
    .text                                    0x080004c4   Section       20  cfrcmple.o(.text)
    .text                                    0x080004d8   Section        0  uidiv.o(.text)
    .text                                    0x08000504   Section        0  uldiv.o(.text)
    .text                                    0x08000566   Section        0  fepilogue.o(.text)
    .text                                    0x08000566   Section        0  iusefp.o(.text)
    .text                                    0x080005d4   Section        0  depilogue.o(.text)
    .text                                    0x0800068e   Section        0  dadd.o(.text)
    .text                                    0x080007dc   Section        0  dfixul.o(.text)
    .text                                    0x0800080c   Section       48  cdrcmple.o(.text)
    .text                                    0x0800083c   Section       36  init.o(.text)
    .text                                    0x08000860   Section        0  llshl.o(.text)
    .text                                    0x0800087e   Section        0  llsshr.o(.text)
    i.BusFault_Handler                       0x080008a2   Section        0  stm32f1xx_it.o(i.BusFault_Handler)
    i.DebugMon_Handler                       0x080008a4   Section        0  stm32f1xx_it.o(i.DebugMon_Handler)
    i.Delay                                  0x080008a6   Section        0  lcd.o(i.Delay)
    i.EXTI3_IRQHandler                       0x080008b8   Section        0  stm32f1xx_it.o(i.EXTI3_IRQHandler)
    i.EXTI4_IRQHandler                       0x08000910   Section        0  stm32f1xx_it.o(i.EXTI4_IRQHandler)
    i.EXTI9_5_IRQHandler                     0x0800093c   Section        0  stm32f1xx_it.o(i.EXTI9_5_IRQHandler)
    i.Encoder_Init                           0x08000984   Section        0  encoder.o(i.Encoder_Init)
    i.FSMC_NORSRAM_Extended_Timing_Init      0x080009a0   Section        0  stm32f1xx_ll_fsmc.o(i.FSMC_NORSRAM_Extended_Timing_Init)
    i.FSMC_NORSRAM_Init                      0x080009dc   Section        0  stm32f1xx_ll_fsmc.o(i.FSMC_NORSRAM_Init)
    i.FSMC_NORSRAM_Timing_Init               0x08000a74   Section        0  stm32f1xx_ll_fsmc.o(i.FSMC_NORSRAM_Timing_Init)
    i.HAL_DMA_Abort_IT                       0x08000ab8   Section        0  stm32f1xx_hal_dma.o(i.HAL_DMA_Abort_IT)
    i.HAL_Delay                              0x08000be8   Section        0  stm32f1xx_hal.o(i.HAL_Delay)
    i.HAL_FSMC_MspInit                       0x08000c0c   Section        0  stm32f1xx_hal_msp.o(i.HAL_FSMC_MspInit)
    HAL_FSMC_MspInit                         0x08000c0d   Thumb Code    88  stm32f1xx_hal_msp.o(i.HAL_FSMC_MspInit)
    i.HAL_GPIO_EXTI_Callback                 0x08000c74   Section        0  stm32f1xx_hal_gpio.o(i.HAL_GPIO_EXTI_Callback)
    i.HAL_GPIO_EXTI_IRQHandler               0x08000c78   Section        0  stm32f1xx_hal_gpio.o(i.HAL_GPIO_EXTI_IRQHandler)
    i.HAL_GPIO_Init                          0x08000c90   Section        0  stm32f1xx_hal_gpio.o(i.HAL_GPIO_Init)
    i.HAL_GPIO_ReadPin                       0x08000e78   Section        0  stm32f1xx_hal_gpio.o(i.HAL_GPIO_ReadPin)
    i.HAL_GPIO_WritePin                      0x08000e82   Section        0  stm32f1xx_hal_gpio.o(i.HAL_GPIO_WritePin)
    i.HAL_GetTick                            0x08000e8c   Section        0  stm32f1xx_hal.o(i.HAL_GetTick)
    i.HAL_IncTick                            0x08000e98   Section        0  stm32f1xx_hal.o(i.HAL_IncTick)
    i.HAL_Init                               0x08000ea8   Section        0  stm32f1xx_hal.o(i.HAL_Init)
    i.HAL_InitTick                           0x08000ecc   Section        0  stm32f1xx_hal.o(i.HAL_InitTick)
    i.HAL_MspInit                            0x08000f0c   Section        0  stm32f1xx_hal_msp.o(i.HAL_MspInit)
    i.HAL_NVIC_EnableIRQ                     0x08000f48   Section        0  stm32f1xx_hal_cortex.o(i.HAL_NVIC_EnableIRQ)
    i.HAL_NVIC_SetPriority                   0x08000f60   Section        0  stm32f1xx_hal_cortex.o(i.HAL_NVIC_SetPriority)
    i.HAL_NVIC_SetPriorityGrouping           0x08000fa0   Section        0  stm32f1xx_hal_cortex.o(i.HAL_NVIC_SetPriorityGrouping)
    i.HAL_RCC_ClockConfig                    0x08000fc4   Section        0  stm32f1xx_hal_rcc.o(i.HAL_RCC_ClockConfig)
    i.HAL_RCC_GetPCLK1Freq                   0x08001130   Section        0  stm32f1xx_hal_rcc.o(i.HAL_RCC_GetPCLK1Freq)
    i.HAL_RCC_GetPCLK2Freq                   0x08001150   Section        0  stm32f1xx_hal_rcc.o(i.HAL_RCC_GetPCLK2Freq)
    i.HAL_RCC_GetSysClockFreq                0x08001170   Section        0  stm32f1xx_hal_rcc.o(i.HAL_RCC_GetSysClockFreq)
    i.HAL_RCC_OscConfig                      0x080011dc   Section        0  stm32f1xx_hal_rcc.o(i.HAL_RCC_OscConfig)
    i.HAL_SRAM_Init                          0x080014e0   Section        0  stm32f1xx_hal_sram.o(i.HAL_SRAM_Init)
    i.HAL_SRAM_MspInit                       0x08001536   Section        0  stm32f1xx_hal_msp.o(i.HAL_SRAM_MspInit)
    i.HAL_SYSTICK_Config                     0x0800153a   Section        0  stm32f1xx_hal_cortex.o(i.HAL_SYSTICK_Config)
    i.HAL_UART_ErrorCallback                 0x08001562   Section        0  stm32f1xx_hal_uart.o(i.HAL_UART_ErrorCallback)
    i.HAL_UART_IRQHandler                    0x08001564   Section        0  stm32f1xx_hal_uart.o(i.HAL_UART_IRQHandler)
    i.HAL_UART_Init                          0x08001674   Section        0  stm32f1xx_hal_uart.o(i.HAL_UART_Init)
    i.HAL_UART_MspInit                       0x080016d8   Section        0  stm32f1xx_hal_msp.o(i.HAL_UART_MspInit)
    i.HAL_UART_Receive_IT                    0x080017c8   Section        0  stm32f1xx_hal_uart.o(i.HAL_UART_Receive_IT)
    i.HAL_UART_RxCpltCallback                0x0800181c   Section        0  usart2.o(i.HAL_UART_RxCpltCallback)
    i.HAL_UART_Transmit                      0x080018b0   Section        0  stm32f1xx_hal_uart.o(i.HAL_UART_Transmit)
    i.HAL_UART_TxCpltCallback                0x0800196a   Section        0  stm32f1xx_hal_uart.o(i.HAL_UART_TxCpltCallback)
    i.HardFault_Handler                      0x0800196c   Section        0  stm32f1xx_it.o(i.HardFault_Handler)
    i.ImagDisp                               0x08001970   Section        0  bsp_ov7725.o(i.ImagDisp)
    i.LCD_BackLed_Control                    0x08001a30   Section        0  lcd.o(i.LCD_BackLed_Control)
    i.LCD_Clear                              0x08001a48   Section        0  lcd.o(i.LCD_Clear)
    i.LCD_DrawChar                           0x08001a64   Section        0  lcd.o(i.LCD_DrawChar)
    i.LCD_DrawString                         0x08001ab4   Section        0  lcd.o(i.LCD_DrawString)
    i.LCD_FillColor                          0x08001af4   Section        0  lcd.o(i.LCD_FillColor)
    i.LCD_INIT                               0x08001b10   Section        0  lcd.o(i.LCD_INIT)
    i.LCD_OpenWindow                         0x08001b38   Section        0  lcd.o(i.LCD_OpenWindow)
    i.LCD_REG_Config                         0x08001b78   Section        0  lcd.o(i.LCD_REG_Config)
    i.LCD_Rst                                0x08001cf0   Section        0  lcd.o(i.LCD_Rst)
    i.MX_FSMC_Init                           0x08001d24   Section        0  main.o(i.MX_FSMC_Init)
    MX_FSMC_Init                             0x08001d25   Thumb Code   100  main.o(i.MX_FSMC_Init)
    i.MX_GPIO_Init                           0x08001d94   Section        0  main.o(i.MX_GPIO_Init)
    MX_GPIO_Init                             0x08001d95   Thumb Code   440  main.o(i.MX_GPIO_Init)
    i.MemManage_Handler                      0x08001f6c   Section        0  stm32f1xx_it.o(i.MemManage_Handler)
    i.NMI_Handler                            0x08001f6e   Section        0  stm32f1xx_it.o(i.NMI_Handler)
    i.NVIC_SetPriority                       0x08001f70   Section        0  stm32f1xx_hal_cortex.o(i.NVIC_SetPriority)
    NVIC_SetPriority                         0x08001f71   Thumb Code    32  stm32f1xx_hal_cortex.o(i.NVIC_SetPriority)
    i.Ov7725_Init                            0x08001f90   Section        0  bsp_ov7725.o(i.Ov7725_Init)
    i.PendSV_Handler                         0x08001fe8   Section        0  stm32f1xx_it.o(i.PendSV_Handler)
    i.SCCB_ReadByte                          0x08001fec   Section        0  bsp_sccb.o(i.SCCB_ReadByte)
    i.SCCB_SendByte                          0x080020b8   Section        0  bsp_sccb.o(i.SCCB_SendByte)
    SCCB_SendByte                            0x080020b9   Thumb Code    62  bsp_sccb.o(i.SCCB_SendByte)
    i.SCCB_Start                             0x080020fc   Section        0  bsp_sccb.o(i.SCCB_Start)
    SCCB_Start                               0x080020fd   Thumb Code    58  bsp_sccb.o(i.SCCB_Start)
    i.SCCB_Stop                              0x0800213c   Section        0  bsp_sccb.o(i.SCCB_Stop)
    SCCB_Stop                                0x0800213d   Thumb Code    36  bsp_sccb.o(i.SCCB_Stop)
    i.SCCB_WaitAck                           0x08002164   Section        0  bsp_sccb.o(i.SCCB_WaitAck)
    SCCB_WaitAck                             0x08002165   Thumb Code    46  bsp_sccb.o(i.SCCB_WaitAck)
    i.SCCB_WriteByte                         0x08002198   Section        0  bsp_sccb.o(i.SCCB_WriteByte)
    i.SCCB_delay                             0x080021d6   Section        0  bsp_sccb.o(i.SCCB_delay)
    SCCB_delay                               0x080021d7   Thumb Code    14  bsp_sccb.o(i.SCCB_delay)
    i.SVC_Handler                            0x080021e4   Section        0  stm32f1xx_it.o(i.SVC_Handler)
    i.SysTick_Handler                        0x080021e6   Section        0  stm32f1xx_it.o(i.SysTick_Handler)
    i.SystemClock_Config                     0x080021ea   Section        0  main.o(i.SystemClock_Config)
    i.SystemInit                             0x08002238   Section        0  system_stm32f1xx.o(i.SystemInit)
    i.UART_DMAAbortOnError                   0x08002280   Section        0  stm32f1xx_hal_uart.o(i.UART_DMAAbortOnError)
    UART_DMAAbortOnError                     0x08002281   Thumb Code    16  stm32f1xx_hal_uart.o(i.UART_DMAAbortOnError)
    i.UART_EndRxTransfer                     0x08002290   Section        0  stm32f1xx_hal_uart.o(i.UART_EndRxTransfer)
    UART_EndRxTransfer                       0x08002291   Thumb Code    28  stm32f1xx_hal_uart.o(i.UART_EndRxTransfer)
    i.UART_Receive_IT                        0x080022ac   Section        0  stm32f1xx_hal_uart.o(i.UART_Receive_IT)
    UART_Receive_IT                          0x080022ad   Thumb Code   150  stm32f1xx_hal_uart.o(i.UART_Receive_IT)
    i.UART_SetConfig                         0x08002344   Section        0  stm32f1xx_hal_uart.o(i.UART_SetConfig)
    UART_SetConfig                           0x08002345   Thumb Code   364  stm32f1xx_hal_uart.o(i.UART_SetConfig)
    i.UART_Transmit_IT                       0x080024b4   Section        0  stm32f1xx_hal_uart.o(i.UART_Transmit_IT)
    UART_Transmit_IT                         0x080024b5   Thumb Code    98  stm32f1xx_hal_uart.o(i.UART_Transmit_IT)
    i.UART_WaitOnFlagUntilTimeout            0x08002516   Section        0  stm32f1xx_hal_uart.o(i.UART_WaitOnFlagUntilTimeout)
    UART_WaitOnFlagUntilTimeout              0x08002517   Thumb Code   100  stm32f1xx_hal_uart.o(i.UART_WaitOnFlagUntilTimeout)
    i.USART1_IRQHandler                      0x0800257c   Section        0  stm32f1xx_it.o(i.USART1_IRQHandler)
    i.USART3_IRQHandler                      0x08002588   Section        0  stm32f1xx_it.o(i.USART3_IRQHandler)
    i.UsageFault_Handler                     0x080025a8   Section        0  stm32f1xx_it.o(i.UsageFault_Handler)
    i.__0sprintf                             0x080025ac   Section        0  printfa.o(i.__0sprintf)
    i.__scatterload_copy                     0x080025d4   Section       14  handlers.o(i.__scatterload_copy)
    i.__scatterload_null                     0x080025e2   Section        2  handlers.o(i.__scatterload_null)
    i.__scatterload_zeroinit                 0x080025e4   Section       14  handlers.o(i.__scatterload_zeroinit)
    i._fp_digits                             0x080025f4   Section        0  printfa.o(i._fp_digits)
    _fp_digits                               0x080025f5   Thumb Code   366  printfa.o(i._fp_digits)
    i._printf_core                           0x08002778   Section        0  printfa.o(i._printf_core)
    _printf_core                             0x08002779   Thumb Code  1744  printfa.o(i._printf_core)
    i._printf_post_padding                   0x08002e54   Section        0  printfa.o(i._printf_post_padding)
    _printf_post_padding                     0x08002e55   Thumb Code    36  printfa.o(i._printf_post_padding)
    i._printf_pre_padding                    0x08002e78   Section        0  printfa.o(i._printf_pre_padding)
    _printf_pre_padding                      0x08002e79   Thumb Code    46  printfa.o(i._printf_pre_padding)
    i._sputc                                 0x08002ea6   Section        0  printfa.o(i._sputc)
    _sputc                                   0x08002ea7   Thumb Code    10  printfa.o(i._sputc)
    i.get_rpm                                0x08002eb0   Section        0  encoder.o(i.get_rpm)
    i.main                                   0x08002f10   Section        0  main.o(i.main)
    i.read_encoder                           0x08003180   Section        0  encoder.o(i.read_encoder)
    .constdata                               0x080031bc   Section     1520  lcd.o(.constdata)
    .constdata                               0x080037ac   Section       16  system_stm32f1xx.o(.constdata)
    .constdata                               0x080037bc   Section        8  system_stm32f1xx.o(.constdata)
    .data                                    0x20000000   Section      155  bsp_ov7725.o(.data)
    .data                                    0x2000009b   Section        1  bsp_ov7725.o(.data)
    .data                                    0x2000009c   Section        2  main.o(.data)
    .data                                    0x200000a0   Section        8  stm32f1xx_hal_msp.o(.data)
    FSMC_Initialized                         0x200000a0   Data           4  stm32f1xx_hal_msp.o(.data)
    FSMC_DeInitialized                       0x200000a4   Data           4  stm32f1xx_hal_msp.o(.data)
    .data                                    0x200000a8   Section       12  stm32f1xx_hal.o(.data)
    .data                                    0x200000b4   Section        4  system_stm32f1xx.o(.data)
    .bss                                     0x200000b8   Section     1202  bsp_ov7725.o(.bss)
    .bss                                     0x2000056c   Section      296  main.o(.bss)
    .bss                                     0x20000694   Section        9  main.o(.bss)
    .bss                                     0x2000069d   Section        9  main.o(.bss)
    .bss                                     0x200006a6   Section        9  main.o(.bss)
    .bss                                     0x200006af   Section        9  main.o(.bss)
    .bss                                     0x200006b8   Section        9  main.o(.bss)
    STACK                                    0x200006c8   Section     1024  startup_stm32f103xe.o(STACK)

    Global Symbols

    Symbol Name                              Value     Ov Type        Size  Object(Section)

    BuildAttributes$$THM_ISAv4$P$D$K$B$S$PE$A:L22UL41UL21$X:L11$S22US41US21$IEEE1$IW$USESV6$~STKCKD$USESV7$~SHL$OTIME$ROPI$EBA8$MICROLIB$REQ8$PRES8$EABIv2 0x00000000   Number         0  anon$$obj.o ABSOLUTE
    __ARM_use_no_argv                        0x00000000   Number         0  main.o ABSOLUTE
    _printf_a                                0x00000000   Number         0  stubs.o ABSOLUTE
    _printf_c                                0x00000000   Number         0  stubs.o ABSOLUTE
    _printf_charcount                        0x00000000   Number         0  stubs.o ABSOLUTE
    _printf_d                                0x00000000   Number         0  stubs.o ABSOLUTE
    _printf_e                                0x00000000   Number         0  stubs.o ABSOLUTE
    _printf_f                                0x00000000   Number         0  stubs.o ABSOLUTE
    _printf_flags                            0x00000000   Number         0  stubs.o ABSOLUTE
    _printf_fp_dec                           0x00000000   Number         0  stubs.o ABSOLUTE
    _printf_fp_hex                           0x00000000   Number         0  stubs.o ABSOLUTE
    _printf_g                                0x00000000   Number         0  stubs.o ABSOLUTE
    _printf_i                                0x00000000   Number         0  stubs.o ABSOLUTE
    _printf_int_dec                          0x00000000   Number         0  stubs.o ABSOLUTE
    _printf_l                                0x00000000   Number         0  stubs.o ABSOLUTE
    _printf_lc                               0x00000000   Number         0  stubs.o ABSOLUTE
    _printf_ll                               0x00000000   Number         0  stubs.o ABSOLUTE
    _printf_lld                              0x00000000   Number         0  stubs.o ABSOLUTE
    _printf_lli                              0x00000000   Number         0  stubs.o ABSOLUTE
    _printf_llo                              0x00000000   Number         0  stubs.o ABSOLUTE
    _printf_llu                              0x00000000   Number         0  stubs.o ABSOLUTE
    _printf_llx                              0x00000000   Number         0  stubs.o ABSOLUTE
    _printf_longlong_dec                     0x00000000   Number         0  stubs.o ABSOLUTE
    _printf_longlong_hex                     0x00000000   Number         0  stubs.o ABSOLUTE
    _printf_longlong_oct                     0x00000000   Number         0  stubs.o ABSOLUTE
    _printf_ls                               0x00000000   Number         0  stubs.o ABSOLUTE
    _printf_mbtowc                           0x00000000   Number         0  stubs.o ABSOLUTE
    _printf_n                                0x00000000   Number         0  stubs.o ABSOLUTE
    _printf_o                                0x00000000   Number         0  stubs.o ABSOLUTE
    _printf_p                                0x00000000   Number         0  stubs.o ABSOLUTE
    _printf_percent                          0x00000000   Number         0  stubs.o ABSOLUTE
    _printf_pre_padding                      0x00000000   Number         0  stubs.o ABSOLUTE
    _printf_return_value                     0x00000000   Number         0  stubs.o ABSOLUTE
    _printf_s                                0x00000000   Number         0  stubs.o ABSOLUTE
    _printf_sizespec                         0x00000000   Number         0  stubs.o ABSOLUTE
    _printf_str                              0x00000000   Number         0  stubs.o ABSOLUTE
    _printf_truncate_signed                  0x00000000   Number         0  stubs.o ABSOLUTE
    _printf_truncate_unsigned                0x00000000   Number         0  stubs.o ABSOLUTE
    _printf_u                                0x00000000   Number         0  stubs.o ABSOLUTE
    _printf_wc                               0x00000000   Number         0  stubs.o ABSOLUTE
    _printf_wctomb                           0x00000000   Number         0  stubs.o ABSOLUTE
    _printf_widthprec                        0x00000000   Number         0  stubs.o ABSOLUTE
    _printf_x                                0x00000000   Number         0  stubs.o ABSOLUTE
    __cpp_initialize__aeabi_                  - Undefined Weak Reference
    __cxa_finalize                            - Undefined Weak Reference
    __decompress                              - Undefined Weak Reference
    _clock_init                               - Undefined Weak Reference
    _microlib_exit                            - Undefined Weak Reference
    __Vectors_Size                           0x00000130   Number         0  startup_stm32f103xe.o ABSOLUTE
    __Vectors                                0x08000000   Data           4  startup_stm32f103xe.o(RESET)
    __Vectors_End                            0x08000130   Data           0  startup_stm32f103xe.o(RESET)
    __main                                   0x08000131   Thumb Code     0  entry.o(.ARM.Collect$$$$00000000)
    _main_stk                                0x08000131   Thumb Code     0  entry2.o(.ARM.Collect$$$$00000001)
    _main_scatterload                        0x08000135   Thumb Code     0  entry5.o(.ARM.Collect$$$$00000004)
    __main_after_scatterload                 0x08000139   Thumb Code     0  entry5.o(.ARM.Collect$$$$00000004)
    _main_clock                              0x08000139   Thumb Code     0  entry7b.o(.ARM.Collect$$$$00000008)
    _main_cpp_init                           0x08000139   Thumb Code     0  entry8b.o(.ARM.Collect$$$$0000000A)
    _main_init                               0x08000139   Thumb Code     0  entry9a.o(.ARM.Collect$$$$0000000B)
    __rt_final_cpp                           0x08000141   Thumb Code     0  entry10a.o(.ARM.Collect$$$$0000000D)
    __rt_final_exit                          0x08000141   Thumb Code     0  entry11a.o(.ARM.Collect$$$$0000000F)
    Reset_Handler                            0x08000145   Thumb Code     8  startup_stm32f103xe.o(.text)
    ADC1_2_IRQHandler                        0x0800015f   Thumb Code     0  startup_stm32f103xe.o(.text)
    ADC3_IRQHandler                          0x0800015f   Thumb Code     0  startup_stm32f103xe.o(.text)
    CAN1_RX1_IRQHandler                      0x0800015f   Thumb Code     0  startup_stm32f103xe.o(.text)
    CAN1_SCE_IRQHandler                      0x0800015f   Thumb Code     0  startup_stm32f103xe.o(.text)
    DMA1_Channel1_IRQHandler                 0x0800015f   Thumb Code     0  startup_stm32f103xe.o(.text)
    DMA1_Channel2_IRQHandler                 0x0800015f   Thumb Code     0  startup_stm32f103xe.o(.text)
    DMA1_Channel3_IRQHandler                 0x0800015f   Thumb Code     0  startup_stm32f103xe.o(.text)
    DMA1_Channel4_IRQHandler                 0x0800015f   Thumb Code     0  startup_stm32f103xe.o(.text)
    DMA1_Channel5_IRQHandler                 0x0800015f   Thumb Code     0  startup_stm32f103xe.o(.text)
    DMA1_Channel6_IRQHandler                 0x0800015f   Thumb Code     0  startup_stm32f103xe.o(.text)
    DMA1_Channel7_IRQHandler                 0x0800015f   Thumb Code     0  startup_stm32f103xe.o(.text)
    DMA2_Channel1_IRQHandler                 0x0800015f   Thumb Code     0  startup_stm32f103xe.o(.text)
    DMA2_Channel2_IRQHandler                 0x0800015f   Thumb Code     0  startup_stm32f103xe.o(.text)
    DMA2_Channel3_IRQHandler                 0x0800015f   Thumb Code     0  startup_stm32f103xe.o(.text)
    DMA2_Channel4_5_IRQHandler               0x0800015f   Thumb Code     0  startup_stm32f103xe.o(.text)
    EXTI0_IRQHandler                         0x0800015f   Thumb Code     0  startup_stm32f103xe.o(.text)
    EXTI15_10_IRQHandler                     0x0800015f   Thumb Code     0  startup_stm32f103xe.o(.text)
    EXTI1_IRQHandler                         0x0800015f   Thumb Code     0  startup_stm32f103xe.o(.text)
    EXTI2_IRQHandler                         0x0800015f   Thumb Code     0  startup_stm32f103xe.o(.text)
    FLASH_IRQHandler                         0x0800015f   Thumb Code     0  startup_stm32f103xe.o(.text)
    FSMC_IRQHandler                          0x0800015f   Thumb Code     0  startup_stm32f103xe.o(.text)
    I2C1_ER_IRQHandler                       0x0800015f   Thumb Code     0  startup_stm32f103xe.o(.text)
    I2C1_EV_IRQHandler                       0x0800015f   Thumb Code     0  startup_stm32f103xe.o(.text)
    I2C2_ER_IRQHandler                       0x0800015f   Thumb Code     0  startup_stm32f103xe.o(.text)
    I2C2_EV_IRQHandler                       0x0800015f   Thumb Code     0  startup_stm32f103xe.o(.text)
    PVD_IRQHandler                           0x0800015f   Thumb Code     0  startup_stm32f103xe.o(.text)
    RCC_IRQHandler                           0x0800015f   Thumb Code     0  startup_stm32f103xe.o(.text)
    RTC_Alarm_IRQHandler                     0x0800015f   Thumb Code     0  startup_stm32f103xe.o(.text)
    RTC_IRQHandler                           0x0800015f   Thumb Code     0  startup_stm32f103xe.o(.text)
    SDIO_IRQHandler                          0x0800015f   Thumb Code     0  startup_stm32f103xe.o(.text)
    SPI1_IRQHandler                          0x0800015f   Thumb Code     0  startup_stm32f103xe.o(.text)
    SPI2_IRQHandler                          0x0800015f   Thumb Code     0  startup_stm32f103xe.o(.text)
    SPI3_IRQHandler                          0x0800015f   Thumb Code     0  startup_stm32f103xe.o(.text)
    TAMPER_IRQHandler                        0x0800015f   Thumb Code     0  startup_stm32f103xe.o(.text)
    TIM1_BRK_IRQHandler                      0x0800015f   Thumb Code     0  startup_stm32f103xe.o(.text)
    TIM1_CC_IRQHandler                       0x0800015f   Thumb Code     0  startup_stm32f103xe.o(.text)
    TIM1_TRG_COM_IRQHandler                  0x0800015f   Thumb Code     0  startup_stm32f103xe.o(.text)
    TIM1_UP_IRQHandler                       0x0800015f   Thumb Code     0  startup_stm32f103xe.o(.text)
    TIM2_IRQHandler                          0x0800015f   Thumb Code     0  startup_stm32f103xe.o(.text)
    TIM3_IRQHandler                          0x0800015f   Thumb Code     0  startup_stm32f103xe.o(.text)
    TIM4_IRQHandler                          0x0800015f   Thumb Code     0  startup_stm32f103xe.o(.text)
    TIM5_IRQHandler                          0x0800015f   Thumb Code     0  startup_stm32f103xe.o(.text)
    TIM6_IRQHandler                          0x0800015f   Thumb Code     0  startup_stm32f103xe.o(.text)
    TIM7_IRQHandler                          0x0800015f   Thumb Code     0  startup_stm32f103xe.o(.text)
    TIM8_BRK_IRQHandler                      0x0800015f   Thumb Code     0  startup_stm32f103xe.o(.text)
    TIM8_CC_IRQHandler                       0x0800015f   Thumb Code     0  startup_stm32f103xe.o(.text)
    TIM8_TRG_COM_IRQHandler                  0x0800015f   Thumb Code     0  startup_stm32f103xe.o(.text)
    TIM8_UP_IRQHandler                       0x0800015f   Thumb Code     0  startup_stm32f103xe.o(.text)
    UART4_IRQHandler                         0x0800015f   Thumb Code     0  startup_stm32f103xe.o(.text)
    UART5_IRQHandler                         0x0800015f   Thumb Code     0  startup_stm32f103xe.o(.text)
    USART2_IRQHandler                        0x0800015f   Thumb Code     0  startup_stm32f103xe.o(.text)
    USBWakeUp_IRQHandler                     0x0800015f   Thumb Code     0  startup_stm32f103xe.o(.text)
    USB_HP_CAN1_TX_IRQHandler                0x0800015f   Thumb Code     0  startup_stm32f103xe.o(.text)
    USB_LP_CAN1_RX0_IRQHandler               0x0800015f   Thumb Code     0  startup_stm32f103xe.o(.text)
    WWDG_IRQHandler                          0x0800015f   Thumb Code     0  startup_stm32f103xe.o(.text)
    __aeabi_llsr                             0x08000169   Thumb Code    32  llushr.o(.text)
    _ll_ushift_r                             0x08000169   Thumb Code     0  llushr.o(.text)
    __aeabi_memset                           0x08000189   Thumb Code    14  memseta.o(.text)
    __aeabi_memset4                          0x08000189   Thumb Code     0  memseta.o(.text)
    __aeabi_memset8                          0x08000189   Thumb Code     0  memseta.o(.text)
    __aeabi_memclr                           0x08000197   Thumb Code     4  memseta.o(.text)
    __aeabi_memclr4                          0x08000197   Thumb Code     0  memseta.o(.text)
    __aeabi_memclr8                          0x08000197   Thumb Code     0  memseta.o(.text)
    _memset$wrapper                          0x0800019b   Thumb Code    18  memseta.o(.text)
    __aeabi_fadd                             0x080001ad   Thumb Code   164  fadd.o(.text)
    __aeabi_fsub                             0x08000251   Thumb Code     6  fadd.o(.text)
    __aeabi_frsub                            0x08000257   Thumb Code     6  fadd.o(.text)
    __aeabi_dmul                             0x0800025d   Thumb Code   228  dmul.o(.text)
    __aeabi_ddiv                             0x08000341   Thumb Code   222  ddiv.o(.text)
    __aeabi_ui2f                             0x0800041f   Thumb Code    10  ffltui.o(.text)
    __aeabi_i2d                              0x08000429   Thumb Code    34  dflti.o(.text)
    __aeabi_ui2d                             0x0800044b   Thumb Code    26  dfltui.o(.text)
    __aeabi_f2d                              0x08000465   Thumb Code    38  f2d.o(.text)
    __aeabi_d2f                              0x0800048b   Thumb Code    56  d2f.o(.text)
    __aeabi_cfrcmple                         0x080004c5   Thumb Code    20  cfrcmple.o(.text)
    __aeabi_uidiv                            0x080004d9   Thumb Code     0  uidiv.o(.text)
    __aeabi_uidivmod                         0x080004d9   Thumb Code    44  uidiv.o(.text)
    __aeabi_uldivmod                         0x08000505   Thumb Code    98  uldiv.o(.text)
    __I$use$fp                               0x08000567   Thumb Code     0  iusefp.o(.text)
    _float_round                             0x08000567   Thumb Code    18  fepilogue.o(.text)
    _float_epilogue                          0x08000579   Thumb Code    92  fepilogue.o(.text)
    _double_round                            0x080005d5   Thumb Code    30  depilogue.o(.text)
    _double_epilogue                         0x080005f3   Thumb Code   156  depilogue.o(.text)
    __aeabi_dadd                             0x0800068f   Thumb Code   322  dadd.o(.text)
    __aeabi_dsub                             0x080007d1   Thumb Code     6  dadd.o(.text)
    __aeabi_drsub                            0x080007d7   Thumb Code     6  dadd.o(.text)
    __aeabi_d2ulz                            0x080007dd   Thumb Code    48  dfixul.o(.text)
    __aeabi_cdrcmple                         0x0800080d   Thumb Code    48  cdrcmple.o(.text)
    __scatterload                            0x0800083d   Thumb Code    28  init.o(.text)
    __scatterload_rt2                        0x0800083d   Thumb Code     0  init.o(.text)
    __aeabi_llsl                             0x08000861   Thumb Code    30  llshl.o(.text)
    _ll_shift_l                              0x08000861   Thumb Code     0  llshl.o(.text)
    __aeabi_lasr                             0x0800087f   Thumb Code    36  llsshr.o(.text)
    _ll_sshift_r                             0x0800087f   Thumb Code     0  llsshr.o(.text)
    BusFault_Handler                         0x080008a3   Thumb Code     2  stm32f1xx_it.o(i.BusFault_Handler)
    DebugMon_Handler                         0x080008a5   Thumb Code     2  stm32f1xx_it.o(i.DebugMon_Handler)
    Delay                                    0x080008a7   Thumb Code    16  lcd.o(i.Delay)
    EXTI3_IRQHandler                         0x080008b9   Thumb Code    72  stm32f1xx_it.o(i.EXTI3_IRQHandler)
    EXTI4_IRQHandler                         0x08000911   Thumb Code    34  stm32f1xx_it.o(i.EXTI4_IRQHandler)
    EXTI9_5_IRQHandler                       0x0800093d   Thumb Code    60  stm32f1xx_it.o(i.EXTI9_5_IRQHandler)
    Encoder_Init                             0x08000985   Thumb Code    24  encoder.o(i.Encoder_Init)
    FSMC_NORSRAM_Extended_Timing_Init        0x080009a1   Thumb Code    56  stm32f1xx_ll_fsmc.o(i.FSMC_NORSRAM_Extended_Timing_Init)
    FSMC_NORSRAM_Init                        0x080009dd   Thumb Code   148  stm32f1xx_ll_fsmc.o(i.FSMC_NORSRAM_Init)
    FSMC_NORSRAM_Timing_Init                 0x08000a75   Thumb Code    64  stm32f1xx_ll_fsmc.o(i.FSMC_NORSRAM_Timing_Init)
    HAL_DMA_Abort_IT                         0x08000ab9   Thumb Code   296  stm32f1xx_hal_dma.o(i.HAL_DMA_Abort_IT)
    HAL_Delay                                0x08000be9   Thumb Code    32  stm32f1xx_hal.o(i.HAL_Delay)
    HAL_GPIO_EXTI_Callback                   0x08000c75   Thumb Code     2  stm32f1xx_hal_gpio.o(i.HAL_GPIO_EXTI_Callback)
    HAL_GPIO_EXTI_IRQHandler                 0x08000c79   Thumb Code    18  stm32f1xx_hal_gpio.o(i.HAL_GPIO_EXTI_IRQHandler)
    HAL_GPIO_Init                            0x08000c91   Thumb Code   446  stm32f1xx_hal_gpio.o(i.HAL_GPIO_Init)
    HAL_GPIO_ReadPin                         0x08000e79   Thumb Code    10  stm32f1xx_hal_gpio.o(i.HAL_GPIO_ReadPin)
    HAL_GPIO_WritePin                        0x08000e83   Thumb Code    10  stm32f1xx_hal_gpio.o(i.HAL_GPIO_WritePin)
    HAL_GetTick                              0x08000e8d   Thumb Code     6  stm32f1xx_hal.o(i.HAL_GetTick)
    HAL_IncTick                              0x08000e99   Thumb Code    12  stm32f1xx_hal.o(i.HAL_IncTick)
    HAL_Init                                 0x08000ea9   Thumb Code    32  stm32f1xx_hal.o(i.HAL_Init)
    HAL_InitTick                             0x08000ecd   Thumb Code    54  stm32f1xx_hal.o(i.HAL_InitTick)
    HAL_MspInit                              0x08000f0d   Thumb Code    52  stm32f1xx_hal_msp.o(i.HAL_MspInit)
    HAL_NVIC_EnableIRQ                       0x08000f49   Thumb Code    22  stm32f1xx_hal_cortex.o(i.HAL_NVIC_EnableIRQ)
    HAL_NVIC_SetPriority                     0x08000f61   Thumb Code    60  stm32f1xx_hal_cortex.o(i.HAL_NVIC_SetPriority)
    HAL_NVIC_SetPriorityGrouping             0x08000fa1   Thumb Code    26  stm32f1xx_hal_cortex.o(i.HAL_NVIC_SetPriorityGrouping)
    HAL_RCC_ClockConfig                      0x08000fc5   Thumb Code   346  stm32f1xx_hal_rcc.o(i.HAL_RCC_ClockConfig)
    HAL_RCC_GetPCLK1Freq                     0x08001131   Thumb Code    20  stm32f1xx_hal_rcc.o(i.HAL_RCC_GetPCLK1Freq)
    HAL_RCC_GetPCLK2Freq                     0x08001151   Thumb Code    20  stm32f1xx_hal_rcc.o(i.HAL_RCC_GetPCLK2Freq)
    HAL_RCC_GetSysClockFreq                  0x08001171   Thumb Code    74  stm32f1xx_hal_rcc.o(i.HAL_RCC_GetSysClockFreq)
    HAL_RCC_OscConfig                        0x080011dd   Thumb Code   750  stm32f1xx_hal_rcc.o(i.HAL_RCC_OscConfig)
    HAL_SRAM_Init                            0x080014e1   Thumb Code    86  stm32f1xx_hal_sram.o(i.HAL_SRAM_Init)
    HAL_SRAM_MspInit                         0x08001537   Thumb Code     4  stm32f1xx_hal_msp.o(i.HAL_SRAM_MspInit)
    HAL_SYSTICK_Config                       0x0800153b   Thumb Code    40  stm32f1xx_hal_cortex.o(i.HAL_SYSTICK_Config)
    HAL_UART_ErrorCallback                   0x08001563   Thumb Code     2  stm32f1xx_hal_uart.o(i.HAL_UART_ErrorCallback)
    HAL_UART_IRQHandler                      0x08001565   Thumb Code   266  stm32f1xx_hal_uart.o(i.HAL_UART_IRQHandler)
    HAL_UART_Init                            0x08001675   Thumb Code    98  stm32f1xx_hal_uart.o(i.HAL_UART_Init)
    HAL_UART_MspInit                         0x080016d9   Thumb Code   216  stm32f1xx_hal_msp.o(i.HAL_UART_MspInit)
    HAL_UART_Receive_IT                      0x080017c9   Thumb Code    82  stm32f1xx_hal_uart.o(i.HAL_UART_Receive_IT)
    HAL_UART_RxCpltCallback                  0x0800181d   Thumb Code   124  usart2.o(i.HAL_UART_RxCpltCallback)
    HAL_UART_Transmit                        0x080018b1   Thumb Code   186  stm32f1xx_hal_uart.o(i.HAL_UART_Transmit)
    HAL_UART_TxCpltCallback                  0x0800196b   Thumb Code     2  stm32f1xx_hal_uart.o(i.HAL_UART_TxCpltCallback)
    HardFault_Handler                        0x0800196d   Thumb Code     2  stm32f1xx_it.o(i.HardFault_Handler)
    ImagDisp                                 0x08001971   Thumb Code   180  bsp_ov7725.o(i.ImagDisp)
    LCD_BackLed_Control                      0x08001a31   Thumb Code    20  lcd.o(i.LCD_BackLed_Control)
    LCD_Clear                                0x08001a49   Thumb Code    26  lcd.o(i.LCD_Clear)
    LCD_DrawChar                             0x08001a65   Thumb Code    70  lcd.o(i.LCD_DrawChar)
    LCD_DrawString                           0x08001ab5   Thumb Code    64  lcd.o(i.LCD_DrawString)
    LCD_FillColor                            0x08001af5   Thumb Code    24  lcd.o(i.LCD_FillColor)
    LCD_INIT                                 0x08001b11   Thumb Code    38  lcd.o(i.LCD_INIT)
    LCD_OpenWindow                           0x08001b39   Thumb Code    58  lcd.o(i.LCD_OpenWindow)
    LCD_REG_Config                           0x08001b79   Thumb Code   368  lcd.o(i.LCD_REG_Config)
    LCD_Rst                                  0x08001cf1   Thumb Code    42  lcd.o(i.LCD_Rst)
    MemManage_Handler                        0x08001f6d   Thumb Code     2  stm32f1xx_it.o(i.MemManage_Handler)
    NMI_Handler                              0x08001f6f   Thumb Code     2  stm32f1xx_it.o(i.NMI_Handler)
    Ov7725_Init                              0x08001f91   Thumb Code    84  bsp_ov7725.o(i.Ov7725_Init)
    PendSV_Handler                           0x08001fe9   Thumb Code     2  stm32f1xx_it.o(i.PendSV_Handler)
    SCCB_ReadByte                            0x08001fed   Thumb Code   200  bsp_sccb.o(i.SCCB_ReadByte)
    SCCB_WriteByte                           0x08002199   Thumb Code    62  bsp_sccb.o(i.SCCB_WriteByte)
    SVC_Handler                              0x080021e5   Thumb Code     2  stm32f1xx_it.o(i.SVC_Handler)
    SysTick_Handler                          0x080021e7   Thumb Code     4  stm32f1xx_it.o(i.SysTick_Handler)
    SystemClock_Config                       0x080021eb   Thumb Code    78  main.o(i.SystemClock_Config)
    SystemInit                               0x08002239   Thumb Code    56  system_stm32f1xx.o(i.SystemInit)
    USART1_IRQHandler                        0x0800257d   Thumb Code     6  stm32f1xx_it.o(i.USART1_IRQHandler)
    USART3_IRQHandler                        0x08002589   Thumb Code    22  stm32f1xx_it.o(i.USART3_IRQHandler)
    UsageFault_Handler                       0x080025a9   Thumb Code     2  stm32f1xx_it.o(i.UsageFault_Handler)
    __0sprintf                               0x080025ad   Thumb Code    34  printfa.o(i.__0sprintf)
    __1sprintf                               0x080025ad   Thumb Code     0  printfa.o(i.__0sprintf)
    __2sprintf                               0x080025ad   Thumb Code     0  printfa.o(i.__0sprintf)
    __c89sprintf                             0x080025ad   Thumb Code     0  printfa.o(i.__0sprintf)
    sprintf                                  0x080025ad   Thumb Code     0  printfa.o(i.__0sprintf)
    __scatterload_copy                       0x080025d5   Thumb Code    14  handlers.o(i.__scatterload_copy)
    __scatterload_null                       0x080025e3   Thumb Code     2  handlers.o(i.__scatterload_null)
    __scatterload_zeroinit                   0x080025e5   Thumb Code    14  handlers.o(i.__scatterload_zeroinit)
    get_rpm                                  0x08002eb1   Thumb Code    90  encoder.o(i.get_rpm)
    main                                     0x08002f11   Thumb Code   550  main.o(i.main)
    read_encoder                             0x08003181   Thumb Code    52  encoder.o(i.read_encoder)
    ucAscii_1608                             0x080031bc   Data        1520  lcd.o(.constdata)
    AHBPrescTable                            0x080037ac   Data          16  system_stm32f1xx.o(.constdata)
    APBPrescTable                            0x080037bc   Data           8  system_stm32f1xx.o(.constdata)
    Region$$Table$$Base                      0x080037c4   Number         0  anon$$obj.o(Region$$Table)
    Region$$Table$$Limit                     0x080037e4   Number         0  anon$$obj.o(Region$$Table)
    OV7725_REG_NUM                           0x20000000   Data           1  bsp_ov7725.o(.data)
    Sensor_Config                            0x20000001   Data         154  bsp_ov7725.o(.data)
    Ov7725_vsync                             0x2000009b   Data           1  bsp_ov7725.o(.data)
    pid                                      0x2000009c   Data           1  main.o(.data)
    kk                                       0x2000009d   Data           1  main.o(.data)
    uwTickFreq                               0x200000a8   Data           1  stm32f1xx_hal.o(.data)
    uwTickPrio                               0x200000ac   Data           4  stm32f1xx_hal.o(.data)
    uwTick                                   0x200000b0   Data           4  stm32f1xx_hal.o(.data)
    SystemCoreClock                          0x200000b4   Data           4  system_stm32f1xx.o(.data)
    grey                                     0x200000b8   Data        1202  bsp_ov7725.o(.bss)
    huart1                                   0x2000056c   Data          64  main.o(.bss)
    huart3                                   0x200005ac   Data          64  main.o(.bss)
    hsram1                                   0x200005ec   Data          68  main.o(.bss)
    Rxstr                                    0x20000630   Data          10  main.o(.bss)
    buffer                                   0x2000063a   Data          10  main.o(.bss)
    buffer2                                  0x20000644   Data          10  main.o(.bss)
    buffer3                                  0x2000064e   Data          10  main.o(.bss)
    encoder0                                 0x20000658   Data          20  main.o(.bss)
    encoder1                                 0x2000066c   Data          20  main.o(.bss)
    encoder2                                 0x20000680   Data          20  main.o(.bss)
    ABS_X                                    0x20000694   Data           9  main.o(.bss)
    ABS_Y                                    0x2000069d   Data           9  main.o(.bss)
    Motor_0                                  0x200006a6   Data           9  main.o(.bss)
    Motor_1                                  0x200006af   Data           9  main.o(.bss)
    Motor_2                                  0x200006b8   Data           9  main.o(.bss)
    __initial_sp                             0x20000ac8   Data           0  startup_stm32f103xe.o(STACK)



==============================================================================

Memory Map of the image

  Image Entry point : 0x08000131

  Load Region LR_IROM1 (Base: 0x08000000, Size: 0x0000389c, Max: 0x00080000, ABSOLUTE)

    Execution Region ER_IROM1 (Base: 0x08000000, Size: 0x000037e4, Max: 0x00080000, ABSOLUTE)

    Base Addr    Size         Type   Attr      Idx    E Section Name        Object

    0x08000000   0x00000130   Data   RO            3    RESET               startup_stm32f103xe.o
    0x08000130   0x00000000   Code   RO         2214  * .ARM.Collect$$$$00000000  mc_w.l(entry.o)
    0x08000130   0x00000004   Code   RO         2500    .ARM.Collect$$$$00000001  mc_w.l(entry2.o)
    0x08000134   0x00000004   Code   RO         2503    .ARM.Collect$$$$00000004  mc_w.l(entry5.o)
    0x08000138   0x00000000   Code   RO         2505    .ARM.Collect$$$$00000008  mc_w.l(entry7b.o)
    0x08000138   0x00000000   Code   RO         2507    .ARM.Collect$$$$0000000A  mc_w.l(entry8b.o)
    0x08000138   0x00000008   Code   RO         2508    .ARM.Collect$$$$0000000B  mc_w.l(entry9a.o)
    0x08000140   0x00000000   Code   RO         2510    .ARM.Collect$$$$0000000D  mc_w.l(entry10a.o)
    0x08000140   0x00000000   Code   RO         2512    .ARM.Collect$$$$0000000F  mc_w.l(entry11a.o)
    0x08000140   0x00000004   Code   RO         2501    .ARM.Collect$$$$00002712  mc_w.l(entry2.o)
    0x08000144   0x00000024   Code   RO            4    .text               startup_stm32f103xe.o
    0x08000168   0x00000020   Code   RO         2217    .text               mc_w.l(llushr.o)
    0x08000188   0x00000024   Code   RO         2219    .text               mc_w.l(memseta.o)
    0x080001ac   0x000000b0   Code   RO         2482    .text               mf_w.l(fadd.o)
    0x0800025c   0x000000e4   Code   RO         2484    .text               mf_w.l(dmul.o)
    0x08000340   0x000000de   Code   RO         2486    .text               mf_w.l(ddiv.o)
    0x0800041e   0x0000000a   Code   RO         2488    .text               mf_w.l(ffltui.o)
    0x08000428   0x00000022   Code   RO         2490    .text               mf_w.l(dflti.o)
    0x0800044a   0x0000001a   Code   RO         2492    .text               mf_w.l(dfltui.o)
    0x08000464   0x00000026   Code   RO         2494    .text               mf_w.l(f2d.o)
    0x0800048a   0x00000038   Code   RO         2496    .text               mf_w.l(d2f.o)
    0x080004c2   0x00000002   PAD
    0x080004c4   0x00000014   Code   RO         2498    .text               mf_w.l(cfrcmple.o)
    0x080004d8   0x0000002c   Code   RO         2517    .text               mc_w.l(uidiv.o)
    0x08000504   0x00000062   Code   RO         2519    .text               mc_w.l(uldiv.o)
    0x08000566   0x00000000   Code   RO         2521    .text               mc_w.l(iusefp.o)
    0x08000566   0x0000006e   Code   RO         2522    .text               mf_w.l(fepilogue.o)
    0x080005d4   0x000000ba   Code   RO         2524    .text               mf_w.l(depilogue.o)
    0x0800068e   0x0000014e   Code   RO         2526    .text               mf_w.l(dadd.o)
    0x080007dc   0x00000030   Code   RO         2528    .text               mf_w.l(dfixul.o)
    0x0800080c   0x00000030   Code   RO         2530    .text               mf_w.l(cdrcmple.o)
    0x0800083c   0x00000024   Code   RO         2532    .text               mc_w.l(init.o)
    0x08000860   0x0000001e   Code   RO         2535    .text               mc_w.l(llshl.o)
    0x0800087e   0x00000024   Code   RO         2537    .text               mc_w.l(llsshr.o)
    0x080008a2   0x00000002   Code   RO          475    i.BusFault_Handler  stm32f1xx_it.o
    0x080008a4   0x00000002   Code   RO          476    i.DebugMon_Handler  stm32f1xx_it.o
    0x080008a6   0x00000010   Code   RO          192    i.Delay             lcd.o
    0x080008b6   0x00000002   PAD
    0x080008b8   0x00000058   Code   RO          477    i.EXTI3_IRQHandler  stm32f1xx_it.o
    0x08000910   0x0000002c   Code   RO          478    i.EXTI4_IRQHandler  stm32f1xx_it.o
    0x0800093c   0x00000048   Code   RO          479    i.EXTI9_5_IRQHandler  stm32f1xx_it.o
    0x08000984   0x0000001c   Code   RO          356    i.Encoder_Init      encoder.o
    0x080009a0   0x0000003c   Code   RO          688    i.FSMC_NORSRAM_Extended_Timing_Init  stm32f1xx_ll_fsmc.o
    0x080009dc   0x00000098   Code   RO          689    i.FSMC_NORSRAM_Init  stm32f1xx_ll_fsmc.o
    0x08000a74   0x00000044   Code   RO          690    i.FSMC_NORSRAM_Timing_Init  stm32f1xx_ll_fsmc.o
    0x08000ab8   0x00000130   Code   RO         1656    i.HAL_DMA_Abort_IT  stm32f1xx_hal_dma.o
    0x08000be8   0x00000024   Code   RO         1295    i.HAL_Delay         stm32f1xx_hal.o
    0x08000c0c   0x00000068   Code   RO          589    i.HAL_FSMC_MspInit  stm32f1xx_hal_msp.o
    0x08000c74   0x00000002   Code   RO         1589    i.HAL_GPIO_EXTI_Callback  stm32f1xx_hal_gpio.o
    0x08000c76   0x00000002   PAD
    0x08000c78   0x00000018   Code   RO         1590    i.HAL_GPIO_EXTI_IRQHandler  stm32f1xx_hal_gpio.o
    0x08000c90   0x000001e8   Code   RO         1591    i.HAL_GPIO_Init     stm32f1xx_hal_gpio.o
    0x08000e78   0x0000000a   Code   RO         1593    i.HAL_GPIO_ReadPin  stm32f1xx_hal_gpio.o
    0x08000e82   0x0000000a   Code   RO         1595    i.HAL_GPIO_WritePin  stm32f1xx_hal_gpio.o
    0x08000e8c   0x0000000c   Code   RO         1299    i.HAL_GetTick       stm32f1xx_hal.o
    0x08000e98   0x00000010   Code   RO         1303    i.HAL_IncTick       stm32f1xx_hal.o
    0x08000ea8   0x00000024   Code   RO         1304    i.HAL_Init          stm32f1xx_hal.o
    0x08000ecc   0x00000040   Code   RO         1305    i.HAL_InitTick      stm32f1xx_hal.o
    0x08000f0c   0x0000003c   Code   RO          590    i.HAL_MspInit       stm32f1xx_hal_msp.o
    0x08000f48   0x00000016   Code   RO         1751    i.HAL_NVIC_EnableIRQ  stm32f1xx_hal_cortex.o
    0x08000f5e   0x00000002   PAD
    0x08000f60   0x00000040   Code   RO         1757    i.HAL_NVIC_SetPriority  stm32f1xx_hal_cortex.o
    0x08000fa0   0x00000024   Code   RO         1758    i.HAL_NVIC_SetPriorityGrouping  stm32f1xx_hal_cortex.o
    0x08000fc4   0x0000016c   Code   RO         1451    i.HAL_RCC_ClockConfig  stm32f1xx_hal_rcc.o
    0x08001130   0x00000020   Code   RO         1458    i.HAL_RCC_GetPCLK1Freq  stm32f1xx_hal_rcc.o
    0x08001150   0x00000020   Code   RO         1459    i.HAL_RCC_GetPCLK2Freq  stm32f1xx_hal_rcc.o
    0x08001170   0x0000006c   Code   RO         1460    i.HAL_RCC_GetSysClockFreq  stm32f1xx_hal_rcc.o
    0x080011dc   0x00000304   Code   RO         1463    i.HAL_RCC_OscConfig  stm32f1xx_hal_rcc.o
    0x080014e0   0x00000056   Code   RO          810    i.HAL_SRAM_Init     stm32f1xx_hal_sram.o
    0x08001536   0x00000004   Code   RO          592    i.HAL_SRAM_MspInit  stm32f1xx_hal_msp.o
    0x0800153a   0x00000028   Code   RO         1762    i.HAL_SYSTICK_Config  stm32f1xx_hal_cortex.o
    0x08001562   0x00000002   Code   RO          983    i.HAL_UART_ErrorCallback  stm32f1xx_hal_uart.o
    0x08001564   0x00000110   Code   RO          986    i.HAL_UART_IRQHandler  stm32f1xx_hal_uart.o
    0x08001674   0x00000062   Code   RO          987    i.HAL_UART_Init     stm32f1xx_hal_uart.o
    0x080016d6   0x00000002   PAD
    0x080016d8   0x000000f0   Code   RO          594    i.HAL_UART_MspInit  stm32f1xx_hal_msp.o
    0x080017c8   0x00000052   Code   RO          992    i.HAL_UART_Receive_IT  stm32f1xx_hal_uart.o
    0x0800181a   0x00000002   PAD
    0x0800181c   0x00000094   Code   RO          322    i.HAL_UART_RxCpltCallback  usart2.o
    0x080018b0   0x000000ba   Code   RO          995    i.HAL_UART_Transmit  stm32f1xx_hal_uart.o
    0x0800196a   0x00000002   Code   RO          998    i.HAL_UART_TxCpltCallback  stm32f1xx_hal_uart.o
    0x0800196c   0x00000002   Code   RO          480    i.HardFault_Handler  stm32f1xx_it.o
    0x0800196e   0x00000002   PAD
    0x08001970   0x000000c0   Code   RO           13    i.ImagDisp          bsp_ov7725.o
    0x08001a30   0x00000018   Code   RO          193    i.LCD_BackLed_Control  lcd.o
    0x08001a48   0x0000001a   Code   RO          195    i.LCD_Clear         lcd.o
    0x08001a62   0x00000002   PAD
    0x08001a64   0x00000050   Code   RO          196    i.LCD_DrawChar      lcd.o
    0x08001ab4   0x00000040   Code   RO          200    i.LCD_DrawString    lcd.o
    0x08001af4   0x0000001c   Code   RO          201    i.LCD_FillColor     lcd.o
    0x08001b10   0x00000026   Code   RO          203    i.LCD_INIT          lcd.o
    0x08001b36   0x00000002   PAD
    0x08001b38   0x00000040   Code   RO          204    i.LCD_OpenWindow    lcd.o
    0x08001b78   0x00000178   Code   RO          205    i.LCD_REG_Config    lcd.o
    0x08001cf0   0x00000034   Code   RO          208    i.LCD_Rst           lcd.o
    0x08001d24   0x00000070   Code   RO          404    i.MX_FSMC_Init      main.o
    0x08001d94   0x000001d8   Code   RO          405    i.MX_GPIO_Init      main.o
    0x08001f6c   0x00000002   Code   RO          481    i.MemManage_Handler  stm32f1xx_it.o
    0x08001f6e   0x00000002   Code   RO          482    i.NMI_Handler       stm32f1xx_it.o
    0x08001f70   0x00000020   Code   RO         1764    i.NVIC_SetPriority  stm32f1xx_hal_cortex.o
    0x08001f90   0x00000058   Code   RO           14    i.Ov7725_Init       bsp_ov7725.o
    0x08001fe8   0x00000002   Code   RO          483    i.PendSV_Handler    stm32f1xx_it.o
    0x08001fea   0x00000002   PAD
    0x08001fec   0x000000cc   Code   RO          137    i.SCCB_ReadByte     bsp_sccb.o
    0x080020b8   0x00000044   Code   RO          138    i.SCCB_SendByte     bsp_sccb.o
    0x080020fc   0x00000040   Code   RO          139    i.SCCB_Start        bsp_sccb.o
    0x0800213c   0x00000028   Code   RO          140    i.SCCB_Stop         bsp_sccb.o
    0x08002164   0x00000034   Code   RO          141    i.SCCB_WaitAck      bsp_sccb.o
    0x08002198   0x0000003e   Code   RO          142    i.SCCB_WriteByte    bsp_sccb.o
    0x080021d6   0x0000000e   Code   RO          143    i.SCCB_delay        bsp_sccb.o
    0x080021e4   0x00000002   Code   RO          484    i.SVC_Handler       stm32f1xx_it.o
    0x080021e6   0x00000004   Code   RO          485    i.SysTick_Handler   stm32f1xx_it.o
    0x080021ea   0x0000004e   Code   RO          406    i.SystemClock_Config  main.o
    0x08002238   0x00000048   Code   RO         2180    i.SystemInit        system_stm32f1xx.o
    0x08002280   0x00000010   Code   RO         1000    i.UART_DMAAbortOnError  stm32f1xx_hal_uart.o
    0x08002290   0x0000001c   Code   RO         1010    i.UART_EndRxTransfer  stm32f1xx_hal_uart.o
    0x080022ac   0x00000096   Code   RO         1012    i.UART_Receive_IT   stm32f1xx_hal_uart.o
    0x08002342   0x00000002   PAD
    0x08002344   0x00000170   Code   RO         1013    i.UART_SetConfig    stm32f1xx_hal_uart.o
    0x080024b4   0x00000062   Code   RO         1014    i.UART_Transmit_IT  stm32f1xx_hal_uart.o
    0x08002516   0x00000064   Code   RO         1015    i.UART_WaitOnFlagUntilTimeout  stm32f1xx_hal_uart.o
    0x0800257a   0x00000002   PAD
    0x0800257c   0x0000000c   Code   RO          486    i.USART1_IRQHandler  stm32f1xx_it.o
    0x08002588   0x00000020   Code   RO          487    i.USART3_IRQHandler  stm32f1xx_it.o
    0x080025a8   0x00000002   Code   RO          488    i.UsageFault_Handler  stm32f1xx_it.o
    0x080025aa   0x00000002   PAD
    0x080025ac   0x00000028   Code   RO         2456    i.__0sprintf        mc_w.l(printfa.o)
    0x080025d4   0x0000000e   Code   RO         2542    i.__scatterload_copy  mc_w.l(handlers.o)
    0x080025e2   0x00000002   Code   RO         2543    i.__scatterload_null  mc_w.l(handlers.o)
    0x080025e4   0x0000000e   Code   RO         2544    i.__scatterload_zeroinit  mc_w.l(handlers.o)
    0x080025f2   0x00000002   PAD
    0x080025f4   0x00000184   Code   RO         2461    i._fp_digits        mc_w.l(printfa.o)
    0x08002778   0x000006dc   Code   RO         2462    i._printf_core      mc_w.l(printfa.o)
    0x08002e54   0x00000024   Code   RO         2463    i._printf_post_padding  mc_w.l(printfa.o)
    0x08002e78   0x0000002e   Code   RO         2464    i._printf_pre_padding  mc_w.l(printfa.o)
    0x08002ea6   0x0000000a   Code   RO         2466    i._sputc            mc_w.l(printfa.o)
    0x08002eb0   0x00000060   Code   RO          357    i.get_rpm           encoder.o
    0x08002f10   0x00000270   Code   RO          407    i.main              main.o
    0x08003180   0x0000003c   Code   RO          358    i.read_encoder      encoder.o
    0x080031bc   0x000005f0   Data   RO          211    .constdata          lcd.o
    0x080037ac   0x00000010   Data   RO         2181    .constdata          system_stm32f1xx.o
    0x080037bc   0x00000008   Data   RO         2182    .constdata          system_stm32f1xx.o
    0x080037c4   0x00000020   Data   RO         2540    Region$$Table       anon$$obj.o


    Execution Region RW_IRAM1 (Base: 0x20000000, Size: 0x00000ac8, Max: 0x00010000, ABSOLUTE)

    Base Addr    Size         Type   Attr      Idx    E Section Name        Object

    0x20000000   0x0000009b   Data   RW           16    .data               bsp_ov7725.o
    0x2000009b   0x00000001   Data   RW           17    .data               bsp_ov7725.o
    0x2000009c   0x00000002   Data   RW          415    .data               main.o
    0x2000009e   0x00000002   PAD
    0x200000a0   0x00000008   Data   RW          595    .data               stm32f1xx_hal_msp.o
    0x200000a8   0x0000000c   Data   RW         1311    .data               stm32f1xx_hal.o
    0x200000b4   0x00000004   Data   RW         2183    .data               system_stm32f1xx.o
    0x200000b8   0x000004b2   Zero   RW           15    .bss                bsp_ov7725.o
    0x2000056a   0x00000002   PAD
    0x2000056c   0x00000128   Zero   RW          408    .bss                main.o
    0x20000694   0x00000009   Zero   RW          409    .bss                main.o
    0x2000069d   0x00000009   Zero   RW          410    .bss                main.o
    0x200006a6   0x00000009   Zero   RW          411    .bss                main.o
    0x200006af   0x00000009   Zero   RW          412    .bss                main.o
    0x200006b8   0x00000009   Zero   RW          413    .bss                main.o
    0x200006c1   0x00000007   PAD
    0x200006c8   0x00000400   Zero   RW            1    STACK               startup_stm32f103xe.o


==============================================================================

Image component sizes


      Code (inc. data)   RO Data    RW Data    ZI Data      Debug   Object Name

       280         16          0        156       1202     463098   bsp_ov7725.o
       504         26          0          0          0       4401   bsp_sccb.o
       184         18          0          0          0       3425   encoder.o
       768         42       1520          0          0       9783   lcd.o
      1286        118          0          2        341       4604   main.o
        36          8        304          0       1024        792   startup_stm32f103xe.o
       164         28          0         12          0       6437   stm32f1xx_hal.o
       194         14          0          0          0      25691   stm32f1xx_hal_cortex.o
       304          8          0          0          0       1143   stm32f1xx_hal_dma.o
       534         48          0          0          0       4563   stm32f1xx_hal_gpio.o
       408         48          0          8          0       2948   stm32f1xx_hal_msp.o
      1308         98          0          0          0       5160   stm32f1xx_hal_rcc.o
        86          0          0          0          0       1172   stm32f1xx_hal_sram.o
      1402         10          0          0          0       9167   stm32f1xx_hal_uart.o
       268         54          0          0          0       6105   stm32f1xx_it.o
       280         12          0          0          0       2527   stm32f1xx_ll_fsmc.o
        72         16         24          4          0       1127   system_stm32f1xx.o
       148         24          0          0          0        926   usart2.o

    ----------------------------------------------------------------------
      8250        588       1880        184       2576     553069   Object Totals
         0          0         32          0          0          0   (incl. Generated)
        24          0          0          2          9          0   (incl. Padding)

    ----------------------------------------------------------------------

      Code (inc. data)   RO Data    RW Data    ZI Data      Debug   Library Member Name

         0          0          0          0          0          0   entry.o
         0          0          0          0          0          0   entry10a.o
         0          0          0          0          0          0   entry11a.o
         8          4          0          0          0          0   entry2.o
         4          0          0          0          0          0   entry5.o
         0          0          0          0          0          0   entry7b.o
         0          0          0          0          0          0   entry8b.o
         8          4          0          0          0          0   entry9a.o
        30          0          0          0          0          0   handlers.o
        36          8          0          0          0         68   init.o
         0          0          0          0          0          0   iusefp.o
        30          0          0          0          0         68   llshl.o
        36          0          0          0          0         68   llsshr.o
        32          0          0          0          0         68   llushr.o
        36          0          0          0          0        108   memseta.o
      2276         86          0          0          0        520   printfa.o
        44          0          0          0          0         80   uidiv.o
        98          0          0          0          0         92   uldiv.o
        48          0          0          0          0         68   cdrcmple.o
        20          0          0          0          0         68   cfrcmple.o
        56          0          0          0          0         88   d2f.o
       334          0          0          0          0        148   dadd.o
       222          0          0          0          0        100   ddiv.o
       186          0          0          0          0        176   depilogue.o
        48          0          0          0          0         68   dfixul.o
        34          0          0          0          0         76   dflti.o
        26          0          0          0          0         76   dfltui.o
       228          0          0          0          0         96   dmul.o
        38          0          0          0          0         68   f2d.o
       176          0          0          0          0        140   fadd.o
       110          0          0          0          0        168   fepilogue.o
        10          0          0          0          0         68   ffltui.o

    ----------------------------------------------------------------------
      4178        102          0          0          0       2480   Library Totals
         4          0          0          0          0          0   (incl. Padding)

    ----------------------------------------------------------------------

      Code (inc. data)   RO Data    RW Data    ZI Data      Debug   Library Name

      2638        102          0          0          0       1072   mc_w.l
      1536          0          0          0          0       1408   mf_w.l

    ----------------------------------------------------------------------
      4178        102          0          0          0       2480   Library Totals

    ----------------------------------------------------------------------

==============================================================================


      Code (inc. data)   RO Data    RW Data    ZI Data      Debug   

     12428        690       1880        184       2576     550293   Grand Totals
     12428        690       1880        184       2576     550293   ELF Image Totals
     12428        690       1880        184          0          0   ROM Totals

==============================================================================

    Total RO  Size (Code + RO Data)                14308 (  13.97kB)
    Total RW  Size (RW Data + ZI Data)              2760 (   2.70kB)
    Total ROM Size (Code + RO Data + RW Data)      14492 (  14.15kB)

==============================================================================

