Component: ARM Compiler 5.06 update 4 (build 422) Tool: armlink [4d35d2]

==============================================================================

Section Cross References

    startup_stm32f103xe.o(RESET) refers to startup_stm32f103xe.o(STACK) for __initial_sp
    startup_stm32f103xe.o(RESET) refers to startup_stm32f103xe.o(.text) for Reset_Handler
    startup_stm32f103xe.o(RESET) refers to stm32f1xx_it.o(i.NMI_Handler) for NMI_Handler
    startup_stm32f103xe.o(RESET) refers to stm32f1xx_it.o(i.HardFault_Handler) for HardFault_Handler
    startup_stm32f103xe.o(RESET) refers to stm32f1xx_it.o(i.MemManage_Handler) for MemManage_Handler
    startup_stm32f103xe.o(RESET) refers to stm32f1xx_it.o(i.BusFault_Handler) for BusFault_Handler
    startup_stm32f103xe.o(RESET) refers to stm32f1xx_it.o(i.UsageFault_Handler) for UsageFault_Handler
    startup_stm32f103xe.o(RESET) refers to stm32f1xx_it.o(i.SVC_Handler) for SVC_Handler
    startup_stm32f103xe.o(RESET) refers to stm32f1xx_it.o(i.DebugMon_Handler) for DebugMon_Handler
    startup_stm32f103xe.o(RESET) refers to stm32f1xx_it.o(i.PendSV_Handler) for PendSV_Handler
    startup_stm32f103xe.o(RESET) refers to stm32f1xx_it.o(i.SysTick_Handler) for SysTick_Handler
    startup_stm32f103xe.o(RESET) refers to stm32f1xx_it.o(i.TIM1_CC_IRQHandler) for TIM1_CC_IRQHandler
    startup_stm32f103xe.o(RESET) refers to stm32f1xx_it.o(i.USART1_IRQHandler) for USART1_IRQHandler
    startup_stm32f103xe.o(.text) refers to system_stm32f1xx.o(i.SystemInit) for SystemInit
    startup_stm32f103xe.o(.text) refers to entry.o(.ARM.Collect$$$$00000000) for __main
    lcd.o(i.LCD_BackLed_Control) refers to stm32f1xx_hal_gpio.o(i.HAL_GPIO_WritePin) for HAL_GPIO_WritePin
    lcd.o(i.LCD_Clear) refers to lcd.o(i.LCD_OpenWindow) for LCD_OpenWindow
    lcd.o(i.LCD_Clear) refers to lcd.o(i.LCD_FillColor) for LCD_FillColor
    lcd.o(i.LCD_DrawChar) refers to lcd.o(i.LCD_OpenWindow) for LCD_OpenWindow
    lcd.o(i.LCD_DrawChar) refers to lcd.o(.constdata) for .constdata
    lcd.o(i.LCD_DrawDot) refers to lcd.o(i.LCD_OpenWindow) for LCD_OpenWindow
    lcd.o(i.LCD_DrawDot) refers to lcd.o(i.LCD_FillColor) for LCD_FillColor
    lcd.o(i.LCD_DrawEllipse) refers to dfltui.o(.text) for __aeabi_ui2d
    lcd.o(i.LCD_DrawEllipse) refers to f2d.o(.text) for __aeabi_f2d
    lcd.o(i.LCD_DrawEllipse) refers to dflti.o(.text) for __aeabi_i2d
    lcd.o(i.LCD_DrawEllipse) refers to dscalb.o(.text) for __ARM_scalbn
    lcd.o(i.LCD_DrawEllipse) refers to dmul.o(.text) for __aeabi_dmul
    lcd.o(i.LCD_DrawEllipse) refers to cos.o(i.cos) for cos
    lcd.o(i.LCD_DrawEllipse) refers to dadd.o(.text) for __aeabi_dadd
    lcd.o(i.LCD_DrawEllipse) refers to dfixi.o(.text) for __aeabi_d2iz
    lcd.o(i.LCD_DrawEllipse) refers to sin.o(i.sin) for sin
    lcd.o(i.LCD_DrawEllipse) refers to lcd.o(i.LCD_DrawDot) for LCD_DrawDot
    lcd.o(i.LCD_DrawImage) refers to lcd.o(i.LCD_OpenWindow) for LCD_OpenWindow
    lcd.o(i.LCD_DrawImage) refers to lcd.o(i.LCD_DrawDot) for LCD_DrawDot
    lcd.o(i.LCD_DrawLine) refers to lcd.o(i.LCD_DrawDot) for LCD_DrawDot
    lcd.o(i.LCD_DrawString) refers to lcd.o(i.LCD_DrawChar) for LCD_DrawChar
    lcd.o(i.LCD_GetPointPixel) refers to lcd.o(i.LCD_OpenWindow) for LCD_OpenWindow
    lcd.o(i.LCD_GetPointPixel) refers to lcd.o(i.LCD_Read_PixelData) for LCD_Read_PixelData
    lcd.o(i.LCD_INIT) refers to lcd.o(i.LCD_BackLed_Control) for LCD_BackLed_Control
    lcd.o(i.LCD_INIT) refers to lcd.o(i.LCD_Rst) for LCD_Rst
    lcd.o(i.LCD_INIT) refers to lcd.o(i.LCD_REG_Config) for LCD_REG_Config
    lcd.o(i.LCD_INIT) refers to lcd.o(i.LCD_Clear) for LCD_Clear
    lcd.o(i.LCD_REG_Config) refers to lcd.o(i.Delay) for Delay
    lcd.o(i.LCD_Rst) refers to stm32f1xx_hal_gpio.o(i.HAL_GPIO_WritePin) for HAL_GPIO_WritePin
    lcd.o(i.LCD_Rst) refers to lcd.o(i.Delay) for Delay
    bluetooth.o(i.HAL_UART_RxCpltCallback) refers to joystick.o(i.Joystick_SetValue) for Joystick_SetValue
    bluetooth.o(i.HAL_UART_RxCpltCallback) refers to motor.o(i.Motor_SetValue) for Motor_SetValue
    bluetooth.o(i.HAL_UART_RxCpltCallback) refers to main.o(.data) for Rxstr
    bluetooth.o(i.HAL_UART_RxCpltCallback) refers to main.o(.data) for bt_data
    joystick.o(i.Joystick_Init) refers to main.o(.bss) for my_joystick
    joystick.o(i.Joystick_SetValue) refers to main.o(.bss) for my_joystick
    motor.o(i.Motor_Init) refers to main.o(.bss) for my_motor
    motor.o(i.Motor_SetValue) refers to main.o(.bss) for my_motor
    main.o(i.MX_FSMC_Init) refers to memseta.o(.text) for __aeabi_memclr4
    main.o(i.MX_FSMC_Init) refers to stm32f1xx_hal_sram.o(i.HAL_SRAM_Init) for HAL_SRAM_Init
    main.o(i.MX_FSMC_Init) refers to main.o(.bss) for .bss
    main.o(i.MX_GPIO_Init) refers to stm32f1xx_hal_gpio.o(i.HAL_GPIO_WritePin) for HAL_GPIO_WritePin
    main.o(i.MX_GPIO_Init) refers to stm32f1xx_hal_gpio.o(i.HAL_GPIO_Init) for HAL_GPIO_Init
    main.o(i.MX_TIM1_Init) refers to stm32f1xx_hal_tim.o(i.HAL_TIM_IC_Init) for HAL_TIM_IC_Init
[...]
    Removing stm32f1xx_hal_tim_ex.o(i.HAL_TIMEx_OCN_Stop_DMA), (112 bytes).
    Removing stm32f1xx_hal_tim_ex.o(i.HAL_TIMEx_OCN_Stop_IT), (122 bytes).
    Removing stm32f1xx_hal_tim_ex.o(i.HAL_TIMEx_OnePulseN_Start), (26 bytes).
    Removing stm32f1xx_hal_tim_ex.o(i.HAL_TIMEx_OnePulseN_Start_IT), (46 bytes).
    Removing stm32f1xx_hal_tim_ex.o(i.HAL_TIMEx_OnePulseN_Stop), (68 bytes).
    Removing stm32f1xx_hal_tim_ex.o(i.HAL_TIMEx_OnePulseN_Stop_IT), (88 bytes).
    Removing stm32f1xx_hal_tim_ex.o(i.HAL_TIMEx_PWMN_Start), (36 bytes).
    Removing stm32f1xx_hal_tim_ex.o(i.HAL_TIMEx_PWMN_Start_DMA), (184 bytes).
    Removing stm32f1xx_hal_tim_ex.o(i.HAL_TIMEx_PWMN_Start_IT), (84 bytes).
    Removing stm32f1xx_hal_tim_ex.o(i.HAL_TIMEx_PWMN_Stop), (68 bytes).
    Removing stm32f1xx_hal_tim_ex.o(i.HAL_TIMEx_PWMN_Stop_DMA), (112 bytes).
    Removing stm32f1xx_hal_tim_ex.o(i.HAL_TIMEx_PWMN_Stop_IT), (122 bytes).
    Removing stm32f1xx_hal_tim_ex.o(i.TIMEx_DMACommutationCplt), (16 bytes).
    Removing stm32f1xx_hal_tim_ex.o(i.TIM_CCxNChannelCmd), (22 bytes).
    Removing stm32f1xx_hal_uart.o(.rev16_text), (4 bytes).
    Removing stm32f1xx_hal_uart.o(.revsh_text), (4 bytes).
    Removing stm32f1xx_hal_uart.o(.rrx_text), (6 bytes).
    Removing stm32f1xx_hal_uart.o(i.HAL_HalfDuplex_EnableReceiver), (50 bytes).
    Removing stm32f1xx_hal_uart.o(i.HAL_HalfDuplex_EnableTransmitter), (50 bytes).
    Removing stm32f1xx_hal_uart.o(i.HAL_HalfDuplex_Init), (108 bytes).
    Removing stm32f1xx_hal_uart.o(i.HAL_LIN_Init), (122 bytes).
    Removing stm32f1xx_hal_uart.o(i.HAL_LIN_SendBreak), (46 bytes).
    Removing stm32f1xx_hal_uart.o(i.HAL_MultiProcessor_EnterMuteMode), (46 bytes).
    Removing stm32f1xx_hal_uart.o(i.HAL_MultiProcessor_ExitMuteMode), (46 bytes).
    Removing stm32f1xx_hal_uart.o(i.HAL_MultiProcessor_Init), (130 bytes).
    Removing stm32f1xx_hal_uart.o(i.HAL_UART_Abort), (104 bytes).
    Removing stm32f1xx_hal_uart.o(i.HAL_UART_AbortCpltCallback), (2 bytes).
    Removing stm32f1xx_hal_uart.o(i.HAL_UART_AbortReceive), (68 bytes).
    Removing stm32f1xx_hal_uart.o(i.HAL_UART_AbortReceiveCpltCallback), (2 bytes).
    Removing stm32f1xx_hal_uart.o(i.HAL_UART_AbortReceive_IT), (92 bytes).
    Removing stm32f1xx_hal_uart.o(i.HAL_UART_AbortTransmit), (58 bytes).
    Removing stm32f1xx_hal_uart.o(i.HAL_UART_AbortTransmitCpltCallback), (2 bytes).
    Removing stm32f1xx_hal_uart.o(i.HAL_UART_AbortTransmit_IT), (84 bytes).
    Removing stm32f1xx_hal_uart.o(i.HAL_UART_Abort_IT), (172 bytes).
    Removing stm32f1xx_hal_uart.o(i.HAL_UART_DMAPause), (102 bytes).
    Removing stm32f1xx_hal_uart.o(i.HAL_UART_DMAResume), (94 bytes).
    Removing stm32f1xx_hal_uart.o(i.HAL_UART_DMAStop), (88 bytes).
    Removing stm32f1xx_hal_uart.o(i.HAL_UART_DeInit), (40 bytes).
    Removing stm32f1xx_hal_uart.o(i.HAL_UART_GetError), (4 bytes).
    Removing stm32f1xx_hal_uart.o(i.HAL_UART_GetState), (10 bytes).
    Removing stm32f1xx_hal_uart.o(i.HAL_UART_MspDeInit), (2 bytes).
    Removing stm32f1xx_hal_uart.o(i.HAL_UART_MspInit), (2 bytes).
    Removing stm32f1xx_hal_uart.o(i.HAL_UART_Receive), (184 bytes).
    Removing stm32f1xx_hal_uart.o(i.HAL_UART_Receive_DMA), (152 bytes).
    Removing stm32f1xx_hal_uart.o(i.HAL_UART_RxCpltCallback), (2 bytes).
    Removing stm32f1xx_hal_uart.o(i.HAL_UART_RxHalfCpltCallback), (2 bytes).
    Removing stm32f1xx_hal_uart.o(i.HAL_UART_Transmit), (186 bytes).
    Removing stm32f1xx_hal_uart.o(i.HAL_UART_Transmit_DMA), (128 bytes).
    Removing stm32f1xx_hal_uart.o(i.HAL_UART_Transmit_IT), (62 bytes).
    Removing stm32f1xx_hal_uart.o(i.HAL_UART_TxHalfCpltCallback), (2 bytes).
    Removing stm32f1xx_hal_uart.o(i.UART_DMAError), (74 bytes).
    Removing stm32f1xx_hal_uart.o(i.UART_DMAReceiveCplt), (60 bytes).
    Removing stm32f1xx_hal_uart.o(i.UART_DMARxAbortCallback), (42 bytes).
    Removing stm32f1xx_hal_uart.o(i.UART_DMARxHalfCplt), (10 bytes).
    Removing stm32f1xx_hal_uart.o(i.UART_DMARxOnlyAbortCallback), (20 bytes).
    Removing stm32f1xx_hal_uart.o(i.UART_DMATransmitCplt), (46 bytes).
    Removing stm32f1xx_hal_uart.o(i.UART_DMATxAbortCallback), (42 bytes).
    Removing stm32f1xx_hal_uart.o(i.UART_DMATxHalfCplt), (10 bytes).
    Removing stm32f1xx_hal_uart.o(i.UART_DMATxOnlyAbortCallback), (20 bytes).
    Removing stm32f1xx_hal_uart.o(i.UART_EndTxTransfer), (18 bytes).
    Removing stm32f1xx_hal_uart.o(i.UART_WaitOnFlagUntilTimeout), (100 bytes).
    Removing stm32f1xx_hal.o(.rev16_text), (4 bytes).
    Removing stm32f1xx_hal.o(.revsh_text), (4 bytes).
    Removing stm32f1xx_hal.o(.rrx_text), (6 bytes).
    Removing stm32f1xx_hal.o(i.HAL_DBGMCU_DisableDBGSleepMode), (16 bytes).
    Removing stm32f1xx_hal.o(i.HAL_DBGMCU_DisableDBGStandbyMode), (16 bytes).
    Removing stm32f1xx_hal.o(i.HAL_DBGMCU_DisableDBGStopMode), (16 bytes).
    Removing stm32f1xx_hal.o(i.HAL_DBGMCU_EnableDBGSleepMode), (16 bytes).
    Removing stm32f1xx_hal.o(i.HAL_DBGMCU_EnableDBGStandbyMode), (16 bytes).
    Removing stm32f1xx_hal.o(i.HAL_DBGMCU_EnableDBGStopMode), (16 bytes).
    Removing stm32f1xx_hal.o(i.HAL_DeInit), (32 bytes).
    Removing stm32f1xx_hal.o(i.HAL_Delay), (36 bytes).
    Removing stm32f1xx_hal.o(i.HAL_GetDEVID), (16 bytes).
    Removing stm32f1xx_hal.o(i.HAL_GetHalVersion), (8 bytes).
    Removing stm32f1xx_hal.o(i.HAL_GetREVID), (12 bytes).
    Removing stm32f1xx_hal.o(i.HAL_GetTickFreq), (12 bytes).
    Removing stm32f1xx_hal.o(i.HAL_GetTickPrio), (12 bytes).
    Removing stm32f1xx_hal.o(i.HAL_GetUID), (28 bytes).
    Removing stm32f1xx_hal.o(i.HAL_MspDeInit), (2 bytes).
    Removing stm32f1xx_hal.o(i.HAL_MspInit), (2 bytes).
    Removing stm32f1xx_hal.o(i.HAL_ResumeTick), (14 bytes).
    Removing stm32f1xx_hal.o(i.HAL_SetTickFreq), (28 bytes).
    Removing stm32f1xx_hal.o(i.HAL_SuspendTick), (14 bytes).
    Removing stm32f1xx_hal_rcc.o(.rev16_text), (4 bytes).
    Removing stm32f1xx_hal_rcc.o(.revsh_text), (4 bytes).
    Removing stm32f1xx_hal_rcc.o(.rrx_text), (6 bytes).
    Removing stm32f1xx_hal_rcc.o(i.HAL_RCC_CSSCallback), (2 bytes).
    Removing stm32f1xx_hal_rcc.o(i.HAL_RCC_DeInit), (216 bytes).
    Removing stm32f1xx_hal_rcc.o(i.HAL_RCC_DisableCSS), (12 bytes).
    Removing stm32f1xx_hal_rcc.o(i.HAL_RCC_EnableCSS), (12 bytes).
    Removing stm32f1xx_hal_rcc.o(i.HAL_RCC_GetClockConfig), (64 bytes).
    Removing stm32f1xx_hal_rcc.o(i.HAL_RCC_GetHCLKFreq), (12 bytes).
    Removing stm32f1xx_hal_rcc.o(i.HAL_RCC_GetOscConfig), (144 bytes).
    Removing stm32f1xx_hal_rcc.o(i.HAL_RCC_MCOConfig), (72 bytes).
    Removing stm32f1xx_hal_rcc.o(i.HAL_RCC_NMI_IRQHandler), (24 bytes).
    Removing stm32f1xx_hal_rcc_ex.o(.rev16_text), (4 bytes).
    Removing stm32f1xx_hal_rcc_ex.o(.revsh_text), (4 bytes).
    Removing stm32f1xx_hal_rcc_ex.o(.rrx_text), (6 bytes).
    Removing stm32f1xx_hal_rcc_ex.o(i.HAL_RCCEx_GetPeriphCLKConfig), (52 bytes).
    Removing stm32f1xx_hal_rcc_ex.o(i.HAL_RCCEx_GetPeriphCLKFreq), (212 bytes).
    Removing stm32f1xx_hal_rcc_ex.o(i.HAL_RCCEx_PeriphCLKConfig), (236 bytes).
    Removing stm32f1xx_hal_gpio.o(.rev16_text), (4 bytes).
    Removing stm32f1xx_hal_gpio.o(.revsh_text), (4 bytes).
    Removing stm32f1xx_hal_gpio.o(.rrx_text), (6 bytes).
    Removing stm32f1xx_hal_gpio.o(i.HAL_GPIO_DeInit), (256 bytes).
    Removing stm32f1xx_hal_gpio.o(i.HAL_GPIO_EXTI_Callback), (2 bytes).
    Removing stm32f1xx_hal_gpio.o(i.HAL_GPIO_EXTI_IRQHandler), (24 bytes).
    Removing stm32f1xx_hal_gpio.o(i.HAL_GPIO_LockPin), (34 bytes).
    Removing stm32f1xx_hal_gpio.o(i.HAL_GPIO_TogglePin), (8 bytes).
    Removing stm32f1xx_hal_dma.o(.rev16_text), (4 bytes).
    Removing stm32f1xx_hal_dma.o(.revsh_text), (4 bytes).
    Removing stm32f1xx_hal_dma.o(.rrx_text), (6 bytes).
    Removing stm32f1xx_hal_dma.o(i.DMA_SetConfig), (42 bytes).
    Removing stm32f1xx_hal_dma.o(i.HAL_DMA_Abort), (48 bytes).
    Removing stm32f1xx_hal_dma.o(i.HAL_DMA_DeInit), (128 bytes).
    Removing stm32f1xx_hal_dma.o(i.HAL_DMA_GetError), (4 bytes).
    Removing stm32f1xx_hal_dma.o(i.HAL_DMA_GetState), (6 bytes).
    Removing stm32f1xx_hal_dma.o(i.HAL_DMA_IRQHandler), (584 bytes).
    Removing stm32f1xx_hal_dma.o(i.HAL_DMA_Init), (124 bytes).
    Removing stm32f1xx_hal_dma.o(i.HAL_DMA_PollForTransfer), (988 bytes).
    Removing stm32f1xx_hal_dma.o(i.HAL_DMA_RegisterCallback), (74 bytes).
    Removing stm32f1xx_hal_dma.o(i.HAL_DMA_Start), (80 bytes).
    Removing stm32f1xx_hal_dma.o(i.HAL_DMA_Start_IT), (112 bytes).
    Removing stm32f1xx_hal_dma.o(i.HAL_DMA_UnRegisterCallback), (82 bytes).
    Removing stm32f1xx_hal_cortex.o(.rev16_text), (4 bytes).
    Removing stm32f1xx_hal_cortex.o(.revsh_text), (4 bytes).
    Removing stm32f1xx_hal_cortex.o(.rrx_text), (6 bytes).
    Removing stm32f1xx_hal_cortex.o(i.HAL_NVIC_ClearPendingIRQ), (22 bytes).
    Removing stm32f1xx_hal_cortex.o(i.HAL_NVIC_DisableIRQ), (22 bytes).
    Removing stm32f1xx_hal_cortex.o(i.HAL_NVIC_GetActive), (32 bytes).
    Removing stm32f1xx_hal_cortex.o(i.HAL_NVIC_GetPendingIRQ), (32 bytes).
    Removing stm32f1xx_hal_cortex.o(i.HAL_NVIC_GetPriority), (82 bytes).
    Removing stm32f1xx_hal_cortex.o(i.HAL_NVIC_GetPriorityGrouping), (16 bytes).
    Removing stm32f1xx_hal_cortex.o(i.HAL_NVIC_SetPendingIRQ), (22 bytes).
    Removing stm32f1xx_hal_cortex.o(i.HAL_NVIC_SystemReset), (36 bytes).
    Removing stm32f1xx_hal_cortex.o(i.HAL_SYSTICK_CLKSourceConfig), (24 bytes).
    Removing stm32f1xx_hal_cortex.o(i.HAL_SYSTICK_Callback), (2 bytes).
    Removing stm32f1xx_hal_cortex.o(i.HAL_SYSTICK_IRQHandler), (8 bytes).
    Removing stm32f1xx_hal_pwr.o(.rev16_text), (4 bytes).
    Removing stm32f1xx_hal_pwr.o(.revsh_text), (4 bytes).
    Removing stm32f1xx_hal_pwr.o(.rrx_text), (6 bytes).
    Removing stm32f1xx_hal_pwr.o(i.HAL_PWR_ConfigPVD), (124 bytes).
    Removing stm32f1xx_hal_pwr.o(i.HAL_PWR_DeInit), (24 bytes).
    Removing stm32f1xx_hal_pwr.o(i.HAL_PWR_DisableBkUpAccess), (12 bytes).
    Removing stm32f1xx_hal_pwr.o(i.HAL_PWR_DisablePVD), (12 bytes).
    Removing stm32f1xx_hal_pwr.o(i.HAL_PWR_DisableSEVOnPend), (16 bytes).
    Removing stm32f1xx_hal_pwr.o(i.HAL_PWR_DisableSleepOnExit), (16 bytes).
    Removing stm32f1xx_hal_pwr.o(i.HAL_PWR_DisableWakeUpPin), (28 bytes).
    Removing stm32f1xx_hal_pwr.o(i.HAL_PWR_EnableBkUpAccess), (12 bytes).
    Removing stm32f1xx_hal_pwr.o(i.HAL_PWR_EnablePVD), (12 bytes).
    Removing stm32f1xx_hal_pwr.o(i.HAL_PWR_EnableSEVOnPend), (16 bytes).
    Removing stm32f1xx_hal_pwr.o(i.HAL_PWR_EnableSleepOnExit), (16 bytes).
    Removing stm32f1xx_hal_pwr.o(i.HAL_PWR_EnableWakeUpPin), (28 bytes).
    Removing stm32f1xx_hal_pwr.o(i.HAL_PWR_EnterSLEEPMode), (32 bytes).
    Removing stm32f1xx_hal_pwr.o(i.HAL_PWR_EnterSTANDBYMode), (32 bytes).
    Removing stm32f1xx_hal_pwr.o(i.HAL_PWR_EnterSTOPMode), (68 bytes).
    Removing stm32f1xx_hal_pwr.o(i.HAL_PWR_PVDCallback), (2 bytes).
    Removing stm32f1xx_hal_pwr.o(i.HAL_PWR_PVD_IRQHandler), (28 bytes).
    Removing stm32f1xx_hal_pwr.o(i.PWR_OverloadWfe), (6 bytes).
    Removing stm32f1xx_hal_flash.o(.rev16_text), (4 bytes).
    Removing stm32f1xx_hal_flash.o(.revsh_text), (4 bytes).
    Removing stm32f1xx_hal_flash.o(.rrx_text), (6 bytes).
    Removing stm32f1xx_hal_flash.o(i.FLASH_Program_HalfWord), (28 bytes).
    Removing stm32f1xx_hal_flash.o(i.FLASH_SetErrorCode), (92 bytes).
    Removing stm32f1xx_hal_flash.o(i.FLASH_WaitForLastOperation), (84 bytes).
    Removing stm32f1xx_hal_flash.o(i.HAL_FLASH_EndOfOperationCallback), (2 bytes).
    Removing stm32f1xx_hal_flash.o(i.HAL_FLASH_GetError), (12 bytes).
    Removing stm32f1xx_hal_flash.o(i.HAL_FLASH_IRQHandler), (264 bytes).
    Removing stm32f1xx_hal_flash.o(i.HAL_FLASH_Lock), (20 bytes).
    Removing stm32f1xx_hal_flash.o(i.HAL_FLASH_OB_Launch), (4 bytes).
    Removing stm32f1xx_hal_flash.o(i.HAL_FLASH_OB_Lock), (20 bytes).
    Removing stm32f1xx_hal_flash.o(i.HAL_FLASH_OB_Unlock), (36 bytes).
    Removing stm32f1xx_hal_flash.o(i.HAL_FLASH_OperationErrorCallback), (2 bytes).
    Removing stm32f1xx_hal_flash.o(i.HAL_FLASH_Program), (128 bytes).
    Removing stm32f1xx_hal_flash.o(i.HAL_FLASH_Program_IT), (100 bytes).
    Removing stm32f1xx_hal_flash.o(i.HAL_FLASH_Unlock), (40 bytes).
    Removing stm32f1xx_hal_flash.o(.bss), (32 bytes).
    Removing stm32f1xx_hal_flash_ex.o(.rev16_text), (4 bytes).
    Removing stm32f1xx_hal_flash_ex.o(.revsh_text), (4 bytes).
    Removing stm32f1xx_hal_flash_ex.o(.rrx_text), (6 bytes).
    Removing stm32f1xx_hal_flash_ex.o(i.FLASH_MassErase), (36 bytes).
    Removing stm32f1xx_hal_flash_ex.o(i.FLASH_OB_DisableWRP), (176 bytes).
    Removing stm32f1xx_hal_flash_ex.o(i.FLASH_OB_EnableWRP), (176 bytes).
    Removing stm32f1xx_hal_flash_ex.o(i.FLASH_OB_GetRDP), (24 bytes).
    Removing stm32f1xx_hal_flash_ex.o(i.FLASH_OB_RDP_LevelConfig), (100 bytes).
    Removing stm32f1xx_hal_flash_ex.o(i.FLASH_PageErase), (36 bytes).
    Removing stm32f1xx_hal_flash_ex.o(i.HAL_FLASHEx_Erase), (168 bytes).
    Removing stm32f1xx_hal_flash_ex.o(i.HAL_FLASHEx_Erase_IT), (84 bytes).
    Removing stm32f1xx_hal_flash_ex.o(i.HAL_FLASHEx_OBErase), (84 bytes).
    Removing stm32f1xx_hal_flash_ex.o(i.HAL_FLASHEx_OBGetConfig), (36 bytes).
    Removing stm32f1xx_hal_flash_ex.o(i.HAL_FLASHEx_OBGetUserData), (32 bytes).
    Removing stm32f1xx_hal_flash_ex.o(i.HAL_FLASHEx_OBProgram), (200 bytes).
    Removing system_stm32f1xx.o(.rev16_text), (4 bytes).
    Removing system_stm32f1xx.o(.revsh_text), (4 bytes).
    Removing system_stm32f1xx.o(.rrx_text), (6 bytes).
    Removing system_stm32f1xx.o(i.SystemCoreClockUpdate), (104 bytes).
    Removing dscalb.o(.text), (46 bytes).
    Removing dflti.o(.text), (34 bytes).
    Removing dfltui.o(.text), (26 bytes).
    Removing dfixi.o(.text), (62 bytes).

386 unused section(s) (total 20796 bytes) removed from the image.

==============================================================================

Image Symbol Table

    Local Symbols

    Symbol Name                              Value     Ov Type        Size  Object(Section)

    ../Drivers/STM32F1xx_HAL_Driver/Src/stm32f1xx_hal.c 0x00000000   Number         0  stm32f1xx_hal.o ABSOLUTE
    ../Drivers/STM32F1xx_HAL_Driver/Src/stm32f1xx_hal_cortex.c 0x00000000   Number         0  stm32f1xx_hal_cortex.o ABSOLUTE
    ../Drivers/STM32F1xx_HAL_Driver/Src/stm32f1xx_hal_dma.c 0x00000000   Number         0  stm32f1xx_hal_dma.o ABSOLUTE
    ../Drivers/STM32F1xx_HAL_Driver/Src/stm32f1xx_hal_flash.c 0x00000000   Number         0  stm32f1xx_hal_flash.o ABSOLUTE
    ../Drivers/STM32F1xx_HAL_Driver/Src/stm32f1xx_hal_flash_ex.c 0x00000000   Number         0  stm32f1xx_hal_flash_ex.o ABSOLUTE
    ../Drivers/STM32F1xx_HAL_Driver/Src/stm32f1xx_hal_gpio.c 0x00000000   Number         0  stm32f1xx_hal_gpio.o ABSOLUTE
    ../Drivers/STM32F1xx_HAL_Driver/Src/stm32f1xx_hal_gpio_ex.c 0x00000000   Number         0  stm32f1xx_hal_gpio_ex.o ABSOLUTE
    ../Drivers/STM32F1xx_HAL_Driver/Src/stm32f1xx_hal_pwr.c 0x00000000   Number         0  stm32f1xx_hal_pwr.o ABSOLUTE
    ../Drivers/STM32F1xx_HAL_Driver/Src/stm32f1xx_hal_rcc.c 0x00000000   Number         0  stm32f1xx_hal_rcc.o ABSOLUTE
    ../Drivers/STM32F1xx_HAL_Driver/Src/stm32f1xx_hal_rcc_ex.c 0x00000000   Number         0  stm32f1xx_hal_rcc_ex.o ABSOLUTE
    ../Drivers/STM32F1xx_HAL_Driver/Src/stm32f1xx_hal_sram.c 0x00000000   Number         0  stm32f1xx_hal_sram.o ABSOLUTE
    ../Drivers/STM32F1xx_HAL_Driver/Src/stm32f1xx_hal_tim.c 0x00000000   Number         0  stm32f1xx_hal_tim.o ABSOLUTE
    ../Drivers/STM32F1xx_HAL_Driver/Src/stm32f1xx_hal_tim_ex.c 0x00000000   Number         0  stm32f1xx_hal_tim_ex.o ABSOLUTE
    ../Drivers/STM32F1xx_HAL_Driver/Src/stm32f1xx_hal_uart.c 0x00000000   Number         0  stm32f1xx_hal_uart.o ABSOLUTE
    ../Drivers/STM32F1xx_HAL_Driver/Src/stm32f1xx_ll_fsmc.c 0x00000000   Number         0  stm32f1xx_ll_fsmc.o ABSOLUTE
    ../Src/main.c                            0x00000000   Number         0  main.o ABSOLUTE
    ../Src/stm32f1xx_hal_msp.c               0x00000000   Number         0  stm32f1xx_hal_msp.o ABSOLUTE
    ../Src/stm32f1xx_it.c                    0x00000000   Number         0  stm32f1xx_it.o ABSOLUTE
    ../Src/system_stm32f1xx.c                0x00000000   Number         0  system_stm32f1xx.o ABSOLUTE
    ../clib/microlib/division.c              0x00000000   Number         0  uidiv.o ABSOLUTE
    ../clib/microlib/division.c              0x00000000   Number         0  uldiv.o ABSOLUTE
    ../clib/microlib/errno.c                 0x00000000   Number         0  errno.o ABSOLUTE
    ../clib/microlib/init/entry.s            0x00000000   Number         0  entry7b.o ABSOLUTE
    ../clib/microlib/init/entry.s            0x00000000   Number         0  entry8b.o ABSOLUTE
    ../clib/microlib/init/entry.s            0x00000000   Number         0  entry11b.o ABSOLUTE
    ../clib/microlib/init/entry.s            0x00000000   Number         0  entry.o ABSOLUTE
    ../clib/microlib/init/entry.s            0x00000000   Number         0  entry9a.o ABSOLUTE
    ../clib/microlib/init/entry.s            0x00000000   Number         0  entry11a.o ABSOLUTE
    ../clib/microlib/init/entry.s            0x00000000   Number         0  entry10a.o ABSOLUTE
    ../clib/microlib/init/entry.s            0x00000000   Number         0  entry9b.o ABSOLUTE
    ../clib/microlib/init/entry.s            0x00000000   Number         0  entry2.o ABSOLUTE
    ../clib/microlib/init/entry.s            0x00000000   Number         0  entry7a.o ABSOLUTE
    ../clib/microlib/init/entry.s            0x00000000   Number         0  entry8a.o ABSOLUTE
    ../clib/microlib/init/entry.s            0x00000000   Number         0  entry10b.o ABSOLUTE
    ../clib/microlib/init/entry.s            0x00000000   Number         0  entry5.o ABSOLUTE
    ../clib/microlib/longlong.c              0x00000000   Number         0  llsshr.o ABSOLUTE
    ../clib/microlib/longlong.c              0x00000000   Number         0  llushr.o ABSOLUTE
    ../clib/microlib/longlong.c              0x00000000   Number         0  llshl.o ABSOLUTE
    ../clib/microlib/printf/printf.c         0x00000000   Number         0  printf2.o ABSOLUTE
    ../clib/microlib/printf/printf.c         0x00000000   Number         0  printf7.o ABSOLUTE
    ../clib/microlib/printf/printf.c         0x00000000   Number         0  printf4.o ABSOLUTE
    ../clib/microlib/printf/printf.c         0x00000000   Number         0  printf1.o ABSOLUTE
    ../clib/microlib/printf/printf.c         0x00000000   Number         0  printf0.o ABSOLUTE
    ../clib/microlib/printf/printf.c         0x00000000   Number         0  printfb.o ABSOLUTE
    ../clib/microlib/printf/printf.c         0x00000000   Number         0  printf3.o ABSOLUTE
    ../clib/microlib/printf/printf.c         0x00000000   Number         0  printf5.o ABSOLUTE
    ../clib/microlib/printf/printf.c         0x00000000   Number         0  printf6.o ABSOLUTE
    ../clib/microlib/printf/printf.c         0x00000000   Number         0  printf8.o ABSOLUTE
    ../clib/microlib/printf/printf.c         0x00000000   Number         0  printfa.o ABSOLUTE
    ../clib/microlib/printf/stubs.s          0x00000000   Number         0  stubs.o ABSOLUTE
    ../clib/microlib/stdio/fputc.c           0x00000000   Number         0  fputc.o ABSOLUTE
    ../clib/microlib/stdio/semi.s            0x00000000   Number         0  semi.o ABSOLUTE
    ../clib/microlib/stdio/streams.c         0x00000000   Number         0  stdout.o ABSOLUTE
    ../clib/microlib/string/memset.c         0x00000000   Number         0  memseta.o ABSOLUTE
    ../clib/microlib/stubs.s                 0x00000000   Number         0  iusefp.o ABSOLUTE
    ../clib/microlib/stubs.s                 0x00000000   Number         0  iusesemip.o ABSOLUTE
    ../fplib/microlib/f2d.c                  0x00000000   Number         0  f2d.o ABSOLUTE
    ../fplib/microlib/fpadd.c                0x00000000   Number         0  dadd.o ABSOLUTE
    ../fplib/microlib/fpdiv.c                0x00000000   Number         0  fdiv.o ABSOLUTE
    ../fplib/microlib/fpdiv.c                0x00000000   Number         0  ddiv.o ABSOLUTE
    ../fplib/microlib/fpepilogue.c           0x00000000   Number         0  fepilogue.o ABSOLUTE
    ../fplib/microlib/fpepilogue.c           0x00000000   Number         0  depilogue.o ABSOLUTE
    ../fplib/microlib/fpfix.c                0x00000000   Number         0  dfixul.o ABSOLUTE
    ../fplib/microlib/fpfix.c                0x00000000   Number         0  ffixi.o ABSOLUTE
    ../fplib/microlib/fpfix.c                0x00000000   Number         0  dfixi.o ABSOLUTE
    ../fplib/microlib/fpflt.c                0x00000000   Number         0  ffltui.o ABSOLUTE
    ../fplib/microlib/fpflt.c                0x00000000   Number         0  dflti.o ABSOLUTE
    ../fplib/microlib/fpflt.c                0x00000000   Number         0  dfltui.o ABSOLUTE
    ../fplib/microlib/fpmul.c                0x00000000   Number         0  fmul.o ABSOLUTE
    ../fplib/microlib/fpmul.c                0x00000000   Number         0  dmul.o ABSOLUTE
    ../fplib/microlib/fpscalb.c              0x00000000   Number         0  dscalb.o ABSOLUTE
    ../mathlib/cos.c                         0x00000000   Number         0  cos.o ABSOLUTE
    ../mathlib/cos.c                         0x00000000   Number         0  cos_x.o ABSOLUTE
    ../mathlib/cos_i.c                       0x00000000   Number         0  cos_i.o ABSOLUTE
    ../mathlib/dunder.c                      0x00000000   Number         0  dunder.o ABSOLUTE
    ../mathlib/fpclassify.c                  0x00000000   Number         0  fpclassify.o ABSOLUTE
    ../mathlib/poly.c                        0x00000000   Number         0  poly.o ABSOLUTE
    ../mathlib/rred.c                        0x00000000   Number         0  rred.o ABSOLUTE
    ../mathlib/sin.c                         0x00000000   Number         0  sin.o ABSOLUTE
    ../mathlib/sin.c                         0x00000000   Number         0  sin_x.o ABSOLUTE
    ../mathlib/sin_i.c                       0x00000000   Number         0  sin_i.o ABSOLUTE
    ../mathlib/sin_i.c                       0x00000000   Number         0  sin_i_x.o ABSOLUTE
    ..\Drivers\STM32F1xx_HAL_Driver\Src\stm32f1xx_hal.c 0x00000000   Number         0  stm32f1xx_hal.o ABSOLUTE
    ..\Drivers\STM32F1xx_HAL_Driver\Src\stm32f1xx_hal_cortex.c 0x00000000   Number         0  stm32f1xx_hal_cortex.o ABSOLUTE
    ..\Drivers\STM32F1xx_HAL_Driver\Src\stm32f1xx_hal_dma.c 0x00000000   Number         0  stm32f1xx_hal_dma.o ABSOLUTE
    ..\Drivers\STM32F1xx_HAL_Driver\Src\stm32f1xx_hal_flash.c 0x00000000   Number         0  stm32f1xx_hal_flash.o ABSOLUTE
    ..\Drivers\STM32F1xx_HAL_Driver\Src\stm32f1xx_hal_flash_ex.c 0x00000000   Number         0  stm32f1xx_hal_flash_ex.o ABSOLUTE
    ..\Drivers\STM32F1xx_HAL_Driver\Src\stm32f1xx_hal_gpio.c 0x00000000   Number         0  stm32f1xx_hal_gpio.o ABSOLUTE
    ..\Drivers\STM32F1xx_HAL_Driver\Src\stm32f1xx_hal_gpio_ex.c 0x00000000   Number         0  stm32f1xx_hal_gpio_ex.o ABSOLUTE
    ..\Drivers\STM32F1xx_HAL_Driver\Src\stm32f1xx_hal_pwr.c 0x00000000   Number         0  stm32f1xx_hal_pwr.o ABSOLUTE
    ..\Drivers\STM32F1xx_HAL_Driver\Src\stm32f1xx_hal_rcc.c 0x00000000   Number         0  stm32f1xx_hal_rcc.o ABSOLUTE
    ..\Drivers\STM32F1xx_HAL_Driver\Src\stm32f1xx_hal_rcc_ex.c 0x00000000   Number         0  stm32f1xx_hal_rcc_ex.o ABSOLUTE
    ..\Drivers\STM32F1xx_HAL_Driver\Src\stm32f1xx_hal_sram.c 0x00000000   Number         0  stm32f1xx_hal_sram.o ABSOLUTE
    ..\Drivers\STM32F1xx_HAL_Driver\Src\stm32f1xx_hal_tim.c 0x00000000   Number         0  stm32f1xx_hal_tim.o ABSOLUTE
    ..\Drivers\STM32F1xx_HAL_Driver\Src\stm32f1xx_hal_tim_ex.c 0x00000000   Number         0  stm32f1xx_hal_tim_ex.o ABSOLUTE
    ..\Drivers\STM32F1xx_HAL_Driver\Src\stm32f1xx_hal_uart.c 0x00000000   Number         0  stm32f1xx_hal_uart.o ABSOLUTE
    ..\Drivers\STM32F1xx_HAL_Driver\Src\stm32f1xx_ll_fsmc.c 0x00000000   Number         0  stm32f1xx_ll_fsmc.o ABSOLUTE
    ..\Src\bluetooth.c                       0x00000000   Number         0  bluetooth.o ABSOLUTE
    ..\Src\helper_func.c                     0x00000000   Number         0  helper_func.o ABSOLUTE
    ..\Src\joystick.c                        0x00000000   Number         0  joystick.o ABSOLUTE
    ..\Src\lcd.c                             0x00000000   Number         0  lcd.o ABSOLUTE
    ..\Src\main.c                            0x00000000   Number         0  main.o ABSOLUTE
    ..\Src\motor.c                           0x00000000   Number         0  motor.o ABSOLUTE
    ..\Src\stm32f1xx_hal_msp.c               0x00000000   Number         0  stm32f1xx_hal_msp.o ABSOLUTE
    ..\Src\stm32f1xx_it.c                    0x00000000   Number         0  stm32f1xx_it.o ABSOLUTE
    ..\Src\system_stm32f1xx.c                0x00000000   Number         0  system_stm32f1xx.o ABSOLUTE
    ..\\Src\\bluetooth.c                     0x00000000   Number         0  bluetooth.o ABSOLUTE
    ..\\Src\\helper_func.c                   0x00000000   Number         0  helper_func.o ABSOLUTE
    ..\\Src\\joystick.c                      0x00000000   Number         0  joystick.o ABSOLUTE
    ..\\Src\\lcd.c                           0x00000000   Number         0  lcd.o ABSOLUTE
    ..\\Src\\motor.c                         0x00000000   Number         0  motor.o ABSOLUTE
    cdrcmple.s                               0x00000000   Number         0  cdrcmple.o ABSOLUTE
    dc.s                                     0x00000000   Number         0  dc.o ABSOLUTE
    handlers.s                               0x00000000   Number         0  handlers.o ABSOLUTE
    init.s                                   0x00000000   Number         0  init.o ABSOLUTE
    startup_stm32f103xe.s                    0x00000000   Number         0  startup_stm32f103xe.o ABSOLUTE
    RESET                                    0x08000000   Section      304  startup_stm32f103xe.o(RESET)
    .ARM.Collect$$$$00000000                 0x08000130   Section        0  entry.o(.ARM.Collect$$$$00000000)
    .ARM.Collect$$$$00000001                 0x08000130   Section        4  entry2.o(.ARM.Collect$$$$00000001)
    .ARM.Collect$$$$00000004                 0x08000134   Section        4  entry5.o(.ARM.Collect$$$$00000004)
    .ARM.Collect$$$$00000008                 0x08000138   Section        0  entry7b.o(.ARM.Collect$$$$00000008)
    .ARM.Collect$$$$0000000A                 0x08000138   Section        0  entry8b.o(.ARM.Collect$$$$0000000A)
    .ARM.Collect$$$$0000000B                 0x08000138   Section        8  entry9a.o(.ARM.Collect$$$$0000000B)
    .ARM.Collect$$$$0000000D                 0x08000140   Section        0  entry10a.o(.ARM.Collect$$$$0000000D)
    .ARM.Collect$$$$0000000F                 0x08000140   Section        0  entry11a.o(.ARM.Collect$$$$0000000F)
    .ARM.Collect$$$$00002712                 0x08000140   Section        4  entry2.o(.ARM.Collect$$$$00002712)
    __lit__00000000                          0x08000140   Data           4  entry2.o(.ARM.Collect$$$$00002712)
    .text                                    0x08000144   Section       36  startup_stm32f103xe.o(.text)
    .text                                    0x08000168   Section        0  llushr.o(.text)
    .text                                    0x08000188   Section        0  memseta.o(.text)
    .text                                    0x080001ac   Section        0  fmul.o(.text)
    .text                                    0x08000210   Section        0  fdiv.o(.text)
    .text                                    0x0800028c   Section        0  dadd.o(.text)
    .text                                    0x080003da   Section        0  dmul.o(.text)
    .text                                    0x080004be   Section        0  ffltui.o(.text)
    .text                                    0x080004c8   Section        0  ffixi.o(.text)
    .text                                    0x080004fa   Section        0  f2d.o(.text)
    .text                                    0x08000520   Section        0  uidiv.o(.text)
    .text                                    0x0800054c   Section        0  uldiv.o(.text)
    .text                                    0x080005ae   Section        0  llshl.o(.text)
    .text                                    0x080005cc   Section        0  llsshr.o(.text)
    .text                                    0x080005f0   Section        0  fepilogue.o(.text)
    .text                                    0x080005f0   Section        0  iusefp.o(.text)
    .text                                    0x0800065e   Section        0  depilogue.o(.text)
    .text                                    0x08000718   Section        0  ddiv.o(.text)
    .text                                    0x080007f6   Section        0  dfixul.o(.text)
    .text                                    0x08000828   Section       48  cdrcmple.o(.text)
    .text                                    0x08000858   Section       36  init.o(.text)
    i.BusFault_Handler                       0x0800087c   Section        0  stm32f1xx_it.o(i.BusFault_Handler)
    i.DebugMon_Handler                       0x0800087e   Section        0  stm32f1xx_it.o(i.DebugMon_Handler)
    i.Delay                                  0x08000880   Section        0  lcd.o(i.Delay)
    i.FSMC_NORSRAM_Extended_Timing_Init      0x08000890   Section        0  stm32f1xx_ll_fsmc.o(i.FSMC_NORSRAM_Extended_Timing_Init)
    i.FSMC_NORSRAM_Init                      0x080008cc   Section        0  stm32f1xx_ll_fsmc.o(i.FSMC_NORSRAM_Init)
    i.FSMC_NORSRAM_Timing_Init               0x08000964   Section        0  stm32f1xx_ll_fsmc.o(i.FSMC_NORSRAM_Timing_Init)
    i.HAL_DMA_Abort_IT                       0x080009a8   Section        0  stm32f1xx_hal_dma.o(i.HAL_DMA_Abort_IT)
    i.HAL_FSMC_MspInit                       0x08000ad8   Section        0  stm32f1xx_hal_msp.o(i.HAL_FSMC_MspInit)
    HAL_FSMC_MspInit                         0x08000ad9   Thumb Code    88  stm32f1xx_hal_msp.o(i.HAL_FSMC_MspInit)
    i.HAL_GPIO_Init                          0x08000b40   Section        0  stm32f1xx_hal_gpio.o(i.HAL_GPIO_Init)
    i.HAL_GPIO_ReadPin                       0x08000d28   Section        0  stm32f1xx_hal_gpio.o(i.HAL_GPIO_ReadPin)
    i.HAL_GPIO_WritePin                      0x08000d32   Section        0  stm32f1xx_hal_gpio.o(i.HAL_GPIO_WritePin)
    i.HAL_GetTick                            0x08000d3c   Section        0  stm32f1xx_hal.o(i.HAL_GetTick)
    i.HAL_IncTick                            0x08000d48   Section        0  stm32f1xx_hal.o(i.HAL_IncTick)
    i.HAL_Init                               0x08000d58   Section        0  stm32f1xx_hal.o(i.HAL_Init)
    i.HAL_InitTick                           0x08000d7c   Section        0  stm32f1xx_hal.o(i.HAL_InitTick)
    i.HAL_MspInit                            0x08000dbc   Section        0  stm32f1xx_hal_msp.o(i.HAL_MspInit)
    i.HAL_NVIC_EnableIRQ                     0x08000df8   Section        0  stm32f1xx_hal_cortex.o(i.HAL_NVIC_EnableIRQ)
    i.HAL_NVIC_SetPriority                   0x08000e10   Section        0  stm32f1xx_hal_cortex.o(i.HAL_NVIC_SetPriority)
    i.HAL_NVIC_SetPriorityGrouping           0x08000e50   Section        0  stm32f1xx_hal_cortex.o(i.HAL_NVIC_SetPriorityGrouping)
    i.HAL_RCC_ClockConfig                    0x08000e74   Section        0  stm32f1xx_hal_rcc.o(i.HAL_RCC_ClockConfig)
    i.HAL_RCC_GetPCLK1Freq                   0x08000fe0   Section        0  stm32f1xx_hal_rcc.o(i.HAL_RCC_GetPCLK1Freq)
    i.HAL_RCC_GetPCLK2Freq                   0x08001000   Section        0  stm32f1xx_hal_rcc.o(i.HAL_RCC_GetPCLK2Freq)
    i.HAL_RCC_GetSysClockFreq                0x08001020   Section        0  stm32f1xx_hal_rcc.o(i.HAL_RCC_GetSysClockFreq)
    i.HAL_RCC_OscConfig                      0x0800108c   Section        0  stm32f1xx_hal_rcc.o(i.HAL_RCC_OscConfig)
    i.HAL_SRAM_Init                          0x08001390   Section        0  stm32f1xx_hal_sram.o(i.HAL_SRAM_Init)
    i.HAL_SRAM_MspInit                       0x080013e6   Section        0  stm32f1xx_hal_msp.o(i.HAL_SRAM_MspInit)
    i.HAL_SYSTICK_Config                     0x080013ea   Section        0  stm32f1xx_hal_cortex.o(i.HAL_SYSTICK_Config)
    i.HAL_TIMEx_BreakCallback                0x08001412   Section        0  stm32f1xx_hal_tim_ex.o(i.HAL_TIMEx_BreakCallback)
    i.HAL_TIMEx_CommutationCallback          0x08001414   Section        0  stm32f1xx_hal_tim_ex.o(i.HAL_TIMEx_CommutationCallback)
    i.HAL_TIMEx_MasterConfigSynchronization  0x08001416   Section        0  stm32f1xx_hal_tim_ex.o(i.HAL_TIMEx_MasterConfigSynchronization)
    i.HAL_TIM_Base_Init                      0x08001466   Section        0  stm32f1xx_hal_tim.o(i.HAL_TIM_Base_Init)
    i.HAL_TIM_Base_MspInit                   0x0800149c   Section        0  stm32f1xx_hal_msp.o(i.HAL_TIM_Base_MspInit)
    i.HAL_TIM_ConfigClockSource              0x080014c4   Section        0  stm32f1xx_hal_tim.o(i.HAL_TIM_ConfigClockSource)
    i.HAL_TIM_IC_CaptureCallback             0x080015b6   Section        0  stm32f1xx_hal_tim.o(i.HAL_TIM_IC_CaptureCallback)
    i.HAL_TIM_IC_ConfigChannel               0x080015b8   Section        0  stm32f1xx_hal_tim.o(i.HAL_TIM_IC_ConfigChannel)
    i.HAL_TIM_IC_Init                        0x080016d2   Section        0  stm32f1xx_hal_tim.o(i.HAL_TIM_IC_Init)
    i.HAL_TIM_IC_MspInit                     0x08001708   Section        0  stm32f1xx_hal_msp.o(i.HAL_TIM_IC_MspInit)
    i.HAL_TIM_IC_Start_IT                    0x08001770   Section        0  stm32f1xx_hal_tim.o(i.HAL_TIM_IC_Start_IT)
    i.HAL_TIM_IRQHandler                     0x080017bc   Section        0  stm32f1xx_hal_tim.o(i.HAL_TIM_IRQHandler)
    i.HAL_TIM_MspPostInit                    0x08001924   Section        0  stm32f1xx_hal_msp.o(i.HAL_TIM_MspPostInit)
    i.HAL_TIM_OC_DelayElapsedCallback        0x08001988   Section        0  stm32f1xx_hal_tim.o(i.HAL_TIM_OC_DelayElapsedCallback)
    i.HAL_TIM_PWM_ConfigChannel              0x0800198a   Section        0  stm32f1xx_hal_tim.o(i.HAL_TIM_PWM_ConfigChannel)
    i.HAL_TIM_PWM_Init                       0x08001a5a   Section        0  stm32f1xx_hal_tim.o(i.HAL_TIM_PWM_Init)
    i.HAL_TIM_PWM_MspInit                    0x08001a90   Section        0  stm32f1xx_hal_tim.o(i.HAL_TIM_PWM_MspInit)
    i.HAL_TIM_PWM_PulseFinishedCallback      0x08001a92   Section        0  stm32f1xx_hal_tim.o(i.HAL_TIM_PWM_PulseFinishedCallback)
    i.HAL_TIM_PWM_Start                      0x08001a94   Section        0  stm32f1xx_hal_tim.o(i.HAL_TIM_PWM_Start)
    i.HAL_TIM_PeriodElapsedCallback          0x08001acc   Section        0  stm32f1xx_hal_tim.o(i.HAL_TIM_PeriodElapsedCallback)
    i.HAL_TIM_TriggerCallback                0x08001ace   Section        0  stm32f1xx_hal_tim.o(i.HAL_TIM_TriggerCallback)
    i.HAL_UART_ErrorCallback                 0x08001ad0   Section        0  stm32f1xx_hal_uart.o(i.HAL_UART_ErrorCallback)
    i.HAL_UART_IRQHandler                    0x08001ad4   Section        0  stm32f1xx_hal_uart.o(i.HAL_UART_IRQHandler)
    i.HAL_UART_Init                          0x08001be4   Section        0  stm32f1xx_hal_uart.o(i.HAL_UART_Init)
    i.HAL_UART_MspInit                       0x08001c48   Section        0  stm32f1xx_hal_msp.o(i.HAL_UART_MspInit)
    i.HAL_UART_Receive_IT                    0x08001cc8   Section        0  stm32f1xx_hal_uart.o(i.HAL_UART_Receive_IT)
    i.HAL_UART_RxCpltCallback                0x08001d1c   Section        0  bluetooth.o(i.HAL_UART_RxCpltCallback)
    i.HAL_UART_TxCpltCallback                0x08001db0   Section        0  stm32f1xx_hal_uart.o(i.HAL_UART_TxCpltCallback)
    i.HardFault_Handler                      0x08001db2   Section        0  stm32f1xx_it.o(i.HardFault_Handler)
    i.Joystick_Init                          0x08001db4   Section        0  joystick.o(i.Joystick_Init)
    i.Joystick_SetValue                      0x08001dd4   Section        0  joystick.o(i.Joystick_SetValue)
    i.LCD_BackLed_Control                    0x08001e08   Section        0  lcd.o(i.LCD_BackLed_Control)
    i.LCD_Clear                              0x08001e20   Section        0  lcd.o(i.LCD_Clear)
    i.LCD_DrawChar                           0x08001e3c   Section        0  lcd.o(i.LCD_DrawChar)
    i.LCD_DrawString                         0x08001e8c   Section        0  lcd.o(i.LCD_DrawString)
    i.LCD_FillColor                          0x08001ecc   Section        0  lcd.o(i.LCD_FillColor)
    i.LCD_INIT                               0x08001ee8   Section        0  lcd.o(i.LCD_INIT)
    i.LCD_OpenWindow                         0x08001f10   Section        0  lcd.o(i.LCD_OpenWindow)
    i.LCD_REG_Config                         0x08001f50   Section        0  lcd.o(i.LCD_REG_Config)
    i.LCD_Rst                                0x080020c8   Section        0  lcd.o(i.LCD_Rst)
    i.MX_FSMC_Init                           0x080020fc   Section        0  main.o(i.MX_FSMC_Init)
    MX_FSMC_Init                             0x080020fd   Thumb Code   100  main.o(i.MX_FSMC_Init)
    i.MX_GPIO_Init                           0x0800216c   Section        0  main.o(i.MX_GPIO_Init)
    MX_GPIO_Init                             0x0800216d   Thumb Code   250  main.o(i.MX_GPIO_Init)
    i.MX_TIM1_Init                           0x08002280   Section        0  main.o(i.MX_TIM1_Init)
    MX_TIM1_Init                             0x08002281   Thumb Code    82  main.o(i.MX_TIM1_Init)
    i.MX_TIM3_Init                           0x080022dc   Section        0  main.o(i.MX_TIM3_Init)
    MX_TIM3_Init                             0x080022dd   Thumb Code   132  main.o(i.MX_TIM3_Init)
    i.MemManage_Handler                      0x08002368   Section        0  stm32f1xx_it.o(i.MemManage_Handler)
    i.Motor_Init                             0x0800236c   Section        0  motor.o(i.Motor_Init)
    i.Motor_SetValue                         0x0800237c   Section        0  motor.o(i.Motor_SetValue)
    i.NMI_Handler                            0x08002398   Section        0  stm32f1xx_it.o(i.NMI_Handler)
    i.NVIC_SetPriority                       0x0800239a   Section        0  stm32f1xx_hal_cortex.o(i.NVIC_SetPriority)
    NVIC_SetPriority                         0x0800239b   Thumb Code    32  stm32f1xx_hal_cortex.o(i.NVIC_SetPriority)
    i.PendSV_Handler                         0x080023ba   Section        0  stm32f1xx_it.o(i.PendSV_Handler)
    i.SVC_Handler                            0x080023bc   Section        0  stm32f1xx_it.o(i.SVC_Handler)
    i.SysTick_Handler                        0x080023be   Section        0  stm32f1xx_it.o(i.SysTick_Handler)
    i.SystemClock_Config                     0x080023c2   Section        0  main.o(i.SystemClock_Config)
    i.SystemInit                             0x08002410   Section        0  system_stm32f1xx.o(i.SystemInit)
    i.TIM1_CC_IRQHandler                     0x08002458   Section        0  stm32f1xx_it.o(i.TIM1_CC_IRQHandler)
    i.TIM_Base_SetConfig                     0x08002464   Section        0  stm32f1xx_hal_tim.o(i.TIM_Base_SetConfig)
    i.TIM_CCxChannelCmd                      0x080024f0   Section        0  stm32f1xx_hal_tim.o(i.TIM_CCxChannelCmd)
    i.TIM_ETR_SetConfig                      0x08002506   Section        0  stm32f1xx_hal_tim.o(i.TIM_ETR_SetConfig)
    TIM_ETR_SetConfig                        0x08002507   Thumb Code    20  stm32f1xx_hal_tim.o(i.TIM_ETR_SetConfig)
    i.TIM_ITRx_SetConfig                     0x0800251a   Section        0  stm32f1xx_hal_tim.o(i.TIM_ITRx_SetConfig)
    TIM_ITRx_SetConfig                       0x0800251b   Thumb Code    16  stm32f1xx_hal_tim.o(i.TIM_ITRx_SetConfig)
    i.TIM_OC1_SetConfig                      0x0800252c   Section        0  stm32f1xx_hal_tim.o(i.TIM_OC1_SetConfig)
    TIM_OC1_SetConfig                        0x0800252d   Thumb Code    88  stm32f1xx_hal_tim.o(i.TIM_OC1_SetConfig)
    i.TIM_OC2_SetConfig                      0x0800258c   Section        0  stm32f1xx_hal_tim.o(i.TIM_OC2_SetConfig)
    i.TIM_OC3_SetConfig                      0x080025f8   Section        0  stm32f1xx_hal_tim.o(i.TIM_OC3_SetConfig)
    TIM_OC3_SetConfig                        0x080025f9   Thumb Code    96  stm32f1xx_hal_tim.o(i.TIM_OC3_SetConfig)
    i.TIM_OC4_SetConfig                      0x08002660   Section        0  stm32f1xx_hal_tim.o(i.TIM_OC4_SetConfig)
    TIM_OC4_SetConfig                        0x08002661   Thumb Code    70  stm32f1xx_hal_tim.o(i.TIM_OC4_SetConfig)
    i.TIM_TI1_ConfigInputStage               0x080026b0   Section        0  stm32f1xx_hal_tim.o(i.TIM_TI1_ConfigInputStage)
    TIM_TI1_ConfigInputStage                 0x080026b1   Thumb Code    34  stm32f1xx_hal_tim.o(i.TIM_TI1_ConfigInputStage)
    i.TIM_TI1_SetConfig                      0x080026d4   Section        0  stm32f1xx_hal_tim.o(i.TIM_TI1_SetConfig)
    i.TIM_TI2_ConfigInputStage               0x08002740   Section        0  stm32f1xx_hal_tim.o(i.TIM_TI2_ConfigInputStage)
    TIM_TI2_ConfigInputStage                 0x08002741   Thumb Code    36  stm32f1xx_hal_tim.o(i.TIM_TI2_ConfigInputStage)
    i.TIM_TI2_SetConfig                      0x08002764   Section        0  stm32f1xx_hal_tim.o(i.TIM_TI2_SetConfig)
    TIM_TI2_SetConfig                        0x08002765   Thumb Code    54  stm32f1xx_hal_tim.o(i.TIM_TI2_SetConfig)
    i.UART_DMAAbortOnError                   0x0800279a   Section        0  stm32f1xx_hal_uart.o(i.UART_DMAAbortOnError)
    UART_DMAAbortOnError                     0x0800279b   Thumb Code    16  stm32f1xx_hal_uart.o(i.UART_DMAAbortOnError)
    i.UART_EndRxTransfer                     0x080027aa   Section        0  stm32f1xx_hal_uart.o(i.UART_EndRxTransfer)
    UART_EndRxTransfer                       0x080027ab   Thumb Code    28  stm32f1xx_hal_uart.o(i.UART_EndRxTransfer)
    i.UART_Receive_IT                        0x080027c6   Section        0  stm32f1xx_hal_uart.o(i.UART_Receive_IT)
    UART_Receive_IT                          0x080027c7   Thumb Code   150  stm32f1xx_hal_uart.o(i.UART_Receive_IT)
    i.UART_SetConfig                         0x0800285c   Section        0  stm32f1xx_hal_uart.o(i.UART_SetConfig)
    UART_SetConfig                           0x0800285d   Thumb Code   364  stm32f1xx_hal_uart.o(i.UART_SetConfig)
    i.UART_Transmit_IT                       0x080029cc   Section        0  stm32f1xx_hal_uart.o(i.UART_Transmit_IT)
    UART_Transmit_IT                         0x080029cd   Thumb Code    98  stm32f1xx_hal_uart.o(i.UART_Transmit_IT)
    i.USART1_IRQHandler                      0x08002a30   Section        0  stm32f1xx_it.o(i.USART1_IRQHandler)
    i.UsageFault_Handler                     0x08002a50   Section        0  stm32f1xx_it.o(i.UsageFault_Handler)
    i.__0sprintf                             0x08002a54   Section        0  printfa.o(i.__0sprintf)
    i.__scatterload_copy                     0x08002a7c   Section       14  handlers.o(i.__scatterload_copy)
    i.__scatterload_null                     0x08002a8a   Section        2  handlers.o(i.__scatterload_null)
    i.__scatterload_zeroinit                 0x08002a8c   Section       14  handlers.o(i.__scatterload_zeroinit)
    i._fp_digits                             0x08002a9c   Section        0  printfa.o(i._fp_digits)
    _fp_digits                               0x08002a9d   Thumb Code   366  printfa.o(i._fp_digits)
    i._printf_core                           0x08002c20   Section        0  printfa.o(i._printf_core)
    _printf_core                             0x08002c21   Thumb Code  1744  printfa.o(i._printf_core)
    i._printf_post_padding                   0x080032fc   Section        0  printfa.o(i._printf_post_padding)
    _printf_post_padding                     0x080032fd   Thumb Code    36  printfa.o(i._printf_post_padding)
    i._printf_pre_padding                    0x08003320   Section        0  printfa.o(i._printf_pre_padding)
    _printf_pre_padding                      0x08003321   Thumb Code    46  printfa.o(i._printf_pre_padding)
    i._sputc                                 0x0800334e   Section        0  printfa.o(i._sputc)
    _sputc                                   0x0800334f   Thumb Code    10  printfa.o(i._sputc)
    i.main                                   0x08003358   Section        0  main.o(i.main)
    i.set_pwm                                0x08003698   Section        0  main.o(i.set_pwm)
    .constdata                               0x080036d6   Section     1520  lcd.o(.constdata)
    .constdata                               0x08003cc6   Section       16  system_stm32f1xx.o(.constdata)
    .constdata                               0x08003cd6   Section        8  system_stm32f1xx.o(.constdata)
    .data                                    0x20000000   Section        8  main.o(.data)
    .data                                    0x20000008   Section        4  main.o(.data)
    .data                                    0x2000000c   Section        8  stm32f1xx_hal_msp.o(.data)
    FSMC_Initialized                         0x2000000c   Data           4  stm32f1xx_hal_msp.o(.data)
    FSMC_DeInitialized                       0x20000010   Data           4  stm32f1xx_hal_msp.o(.data)
    .data                                    0x20000014   Section       12  stm32f1xx_hal.o(.data)
    .data                                    0x20000020   Section        4  system_stm32f1xx.o(.data)
    .bss                                     0x20000024   Section      300  main.o(.bss)
    STACK                                    0x20000150   Section     1024  startup_stm32f103xe.o(STACK)

    Global Symbols

    Symbol Name                              Value     Ov Type        Size  Object(Section)

    BuildAttributes$$THM_ISAv4$P$D$K$B$S$PE$A:L22UL41UL21$X:L11$S22US41US21$IEEE1$IW$USESV6$~STKCKD$USESV7$~SHL$OTIME$ROPI$IEEEX$EBA8$MICROLIB$REQ8$PRES8$EABIv2 0x00000000   Number         0  anon$$obj.o ABSOLUTE
    __ARM_use_no_argv                        0x00000000   Number         0  main.o ABSOLUTE
    _printf_a                                0x00000000   Number         0  stubs.o ABSOLUTE
    _printf_c                                0x00000000   Number         0  stubs.o ABSOLUTE
    _printf_charcount                        0x00000000   Number         0  stubs.o ABSOLUTE
    _printf_d                                0x00000000   Number         0  stubs.o ABSOLUTE
    _printf_e                                0x00000000   Number         0  stubs.o ABSOLUTE
    _printf_f                                0x00000000   Number         0  stubs.o ABSOLUTE
    _printf_flags                            0x00000000   Number         0  stubs.o ABSOLUTE
    _printf_fp_dec                           0x00000000   Number         0  stubs.o ABSOLUTE
    _printf_fp_hex                           0x00000000   Number         0  stubs.o ABSOLUTE
    _printf_g                                0x00000000   Number         0  stubs.o ABSOLUTE
    _printf_i                                0x00000000   Number         0  stubs.o ABSOLUTE
    _printf_int_dec                          0x00000000   Number         0  stubs.o ABSOLUTE
    _printf_l                                0x00000000   Number         0  stubs.o ABSOLUTE
    _printf_lc                               0x00000000   Number         0  stubs.o ABSOLUTE
    _printf_ll                               0x00000000   Number         0  stubs.o ABSOLUTE
    _printf_lld                              0x00000000   Number         0  stubs.o ABSOLUTE
    _printf_lli                              0x00000000   Number         0  stubs.o ABSOLUTE
    _printf_llo                              0x00000000   Number         0  stubs.o ABSOLUTE
    _printf_llu                              0x00000000   Number         0  stubs.o ABSOLUTE
    _printf_llx                              0x00000000   Number         0  stubs.o ABSOLUTE
    _printf_longlong_dec                     0x00000000   Number         0  stubs.o ABSOLUTE
    _printf_longlong_hex                     0x00000000   Number         0  stubs.o ABSOLUTE
    _printf_longlong_oct                     0x00000000   Number         0  stubs.o ABSOLUTE
    _printf_ls                               0x00000000   Number         0  stubs.o ABSOLUTE
    _printf_mbtowc                           0x00000000   Number         0  stubs.o ABSOLUTE
    _printf_n                                0x00000000   Number         0  stubs.o ABSOLUTE
    _printf_o                                0x00000000   Number         0  stubs.o ABSOLUTE
    _printf_p                                0x00000000   Number         0  stubs.o ABSOLUTE
    _printf_percent                          0x00000000   Number         0  stubs.o ABSOLUTE
    _printf_pre_padding                      0x00000000   Number         0  stubs.o ABSOLUTE
    _printf_return_value                     0x00000000   Number         0  stubs.o ABSOLUTE
    _printf_s                                0x00000000   Number         0  stubs.o ABSOLUTE
    _printf_sizespec                         0x00000000   Number         0  stubs.o ABSOLUTE
    _printf_str                              0x00000000   Number         0  stubs.o ABSOLUTE
    _printf_truncate_signed                  0x00000000   Number         0  stubs.o ABSOLUTE
    _printf_truncate_unsigned                0x00000000   Number         0  stubs.o ABSOLUTE
    _printf_u                                0x00000000   Number         0  stubs.o ABSOLUTE
    _printf_wc                               0x00000000   Number         0  stubs.o ABSOLUTE
    _printf_wctomb                           0x00000000   Number         0  stubs.o ABSOLUTE
    _printf_widthprec                        0x00000000   Number         0  stubs.o ABSOLUTE
    _printf_x                                0x00000000   Number         0  stubs.o ABSOLUTE
    __cpp_initialize__aeabi_                  - Undefined Weak Reference
    __cxa_finalize                            - Undefined Weak Reference
    __decompress                              - Undefined Weak Reference
    _clock_init                               - Undefined Weak Reference
    _microlib_exit                            - Undefined Weak Reference
    __Vectors_Size                           0x00000130   Number         0  startup_stm32f103xe.o ABSOLUTE
    __Vectors                                0x08000000   Data           4  startup_stm32f103xe.o(RESET)
    __Vectors_End                            0x08000130   Data           0  startup_stm32f103xe.o(RESET)
    __main                                   0x08000131   Thumb Code     0  entry.o(.ARM.Collect$$$$00000000)
    _main_stk                                0x08000131   Thumb Code     0  entry2.o(.ARM.Collect$$$$00000001)
    _main_scatterload                        0x08000135   Thumb Code     0  entry5.o(.ARM.Collect$$$$00000004)
    __main_after_scatterload                 0x08000139   Thumb Code     0  entry5.o(.ARM.Collect$$$$00000004)
    _main_clock                              0x08000139   Thumb Code     0  entry7b.o(.ARM.Collect$$$$00000008)
    _main_cpp_init                           0x08000139   Thumb Code     0  entry8b.o(.ARM.Collect$$$$0000000A)
    _main_init                               0x08000139   Thumb Code     0  entry9a.o(.ARM.Collect$$$$0000000B)
    __rt_final_cpp                           0x08000141   Thumb Code     0  entry10a.o(.ARM.Collect$$$$0000000D)
    __rt_final_exit                          0x08000141   Thumb Code     0  entry11a.o(.ARM.Collect$$$$0000000F)
    Reset_Handler                            0x08000145   Thumb Code     8  startup_stm32f103xe.o(.text)
    ADC1_2_IRQHandler                        0x0800015f   Thumb Code     0  startup_stm32f103xe.o(.text)
    ADC3_IRQHandler                          0x0800015f   Thumb Code     0  startup_stm32f103xe.o(.text)
    CAN1_RX1_IRQHandler                      0x0800015f   Thumb Code     0  startup_stm32f103xe.o(.text)
    CAN1_SCE_IRQHandler                      0x0800015f   Thumb Code     0  startup_stm32f103xe.o(.text)
    DMA1_Channel1_IRQHandler                 0x0800015f   Thumb Code     0  startup_stm32f103xe.o(.text)
    DMA1_Channel2_IRQHandler                 0x0800015f   Thumb Code     0  startup_stm32f103xe.o(.text)
    DMA1_Channel3_IRQHandler                 0x0800015f   Thumb Code     0  startup_stm32f103xe.o(.text)
    DMA1_Channel4_IRQHandler                 0x0800015f   Thumb Code     0  startup_stm32f103xe.o(.text)
    DMA1_Channel5_IRQHandler                 0x0800015f   Thumb Code     0  startup_stm32f103xe.o(.text)
    DMA1_Channel6_IRQHandler                 0x0800015f   Thumb Code     0  startup_stm32f103xe.o(.text)
    DMA1_Channel7_IRQHandler                 0x0800015f   Thumb Code     0  startup_stm32f103xe.o(.text)
    DMA2_Channel1_IRQHandler                 0x0800015f   Thumb Code     0  startup_stm32f103xe.o(.text)
    DMA2_Channel2_IRQHandler                 0x0800015f   Thumb Code     0  startup_stm32f103xe.o(.text)
    DMA2_Channel3_IRQHandler                 0x0800015f   Thumb Code     0  startup_stm32f103xe.o(.text)
    DMA2_Channel4_5_IRQHandler               0x0800015f   Thumb Code     0  startup_stm32f103xe.o(.text)
    EXTI0_IRQHandler                         0x0800015f   Thumb Code     0  startup_stm32f103xe.o(.text)
    EXTI15_10_IRQHandler                     0x0800015f   Thumb Code     0  startup_stm32f103xe.o(.text)
    EXTI1_IRQHandler                         0x0800015f   Thumb Code     0  startup_stm32f103xe.o(.text)
    EXTI2_IRQHandler                         0x0800015f   Thumb Code     0  startup_stm32f103xe.o(.text)
    EXTI3_IRQHandler                         0x0800015f   Thumb Code     0  startup_stm32f103xe.o(.text)
    EXTI4_IRQHandler                         0x0800015f   Thumb Code     0  startup_stm32f103xe.o(.text)
    EXTI9_5_IRQHandler                       0x0800015f   Thumb Code     0  startup_stm32f103xe.o(.text)
    FLASH_IRQHandler                         0x0800015f   Thumb Code     0  startup_stm32f103xe.o(.text)
    FSMC_IRQHandler                          0x0800015f   Thumb Code     0  startup_stm32f103xe.o(.text)
    I2C1_ER_IRQHandler                       0x0800015f   Thumb Code     0  startup_stm32f103xe.o(.text)
    I2C1_EV_IRQHandler                       0x0800015f   Thumb Code     0  startup_stm32f103xe.o(.text)
    I2C2_ER_IRQHandler                       0x0800015f   Thumb Code     0  startup_stm32f103xe.o(.text)
    I2C2_EV_IRQHandler                       0x0800015f   Thumb Code     0  startup_stm32f103xe.o(.text)
    PVD_IRQHandler                           0x0800015f   Thumb Code     0  startup_stm32f103xe.o(.text)
    RCC_IRQHandler                           0x0800015f   Thumb Code     0  startup_stm32f103xe.o(.text)
    RTC_Alarm_IRQHandler                     0x0800015f   Thumb Code     0  startup_stm32f103xe.o(.text)
    RTC_IRQHandler                           0x0800015f   Thumb Code     0  startup_stm32f103xe.o(.text)
    SDIO_IRQHandler                          0x0800015f   Thumb Code     0  startup_stm32f103xe.o(.text)
    SPI1_IRQHandler                          0x0800015f   Thumb Code     0  startup_stm32f103xe.o(.text)
    SPI2_IRQHandler                          0x0800015f   Thumb Code     0  startup_stm32f103xe.o(.text)
    SPI3_IRQHandler                          0x0800015f   Thumb Code     0  startup_stm32f103xe.o(.text)
    TAMPER_IRQHandler                        0x0800015f   Thumb Code     0  startup_stm32f103xe.o(.text)
    TIM1_BRK_IRQHandler                      0x0800015f   Thumb Code     0  startup_stm32f103xe.o(.text)
    TIM1_TRG_COM_IRQHandler                  0x0800015f   Thumb Code     0  startup_stm32f103xe.o(.text)
    TIM1_UP_IRQHandler                       0x0800015f   Thumb Code     0  startup_stm32f103xe.o(.text)
    TIM2_IRQHandler                          0x0800015f   Thumb Code     0  startup_stm32f103xe.o(.text)
    TIM3_IRQHandler                          0x0800015f   Thumb Code     0  startup_stm32f103xe.o(.text)
    TIM4_IRQHandler                          0x0800015f   Thumb Code     0  startup_stm32f103xe.o(.text)
    TIM5_IRQHandler                          0x0800015f   Thumb Code     0  startup_stm32f103xe.o(.text)
    TIM6_IRQHandler                          0x0800015f   Thumb Code     0  startup_stm32f103xe.o(.text)
    TIM7_IRQHandler                          0x0800015f   Thumb Code     0  startup_stm32f103xe.o(.text)
    TIM8_BRK_IRQHandler                      0x0800015f   Thumb Code     0  startup_stm32f103xe.o(.text)
    TIM8_CC_IRQHandler                       0x0800015f   Thumb Code     0  startup_stm32f103xe.o(.text)
    TIM8_TRG_COM_IRQHandler                  0x0800015f   Thumb Code     0  startup_stm32f103xe.o(.text)
    TIM8_UP_IRQHandler                       0x0800015f   Thumb Code     0  startup_stm32f103xe.o(.text)
    UART4_IRQHandler                         0x0800015f   Thumb Code     0  startup_stm32f103xe.o(.text)
    UART5_IRQHandler                         0x0800015f   Thumb Code     0  startup_stm32f103xe.o(.text)
    USART2_IRQHandler                        0x0800015f   Thumb Code     0  startup_stm32f103xe.o(.text)
    USART3_IRQHandler                        0x0800015f   Thumb Code     0  startup_stm32f103xe.o(.text)
    USBWakeUp_IRQHandler                     0x0800015f   Thumb Code     0  startup_stm32f103xe.o(.text)
    USB_HP_CAN1_TX_IRQHandler                0x0800015f   Thumb Code     0  startup_stm32f103xe.o(.text)
    USB_LP_CAN1_RX0_IRQHandler               0x0800015f   Thumb Code     0  startup_stm32f103xe.o(.text)
    WWDG_IRQHandler                          0x0800015f   Thumb Code     0  startup_stm32f103xe.o(.text)
    __aeabi_llsr                             0x08000169   Thumb Code    32  llushr.o(.text)
    _ll_ushift_r                             0x08000169   Thumb Code     0  llushr.o(.text)
    __aeabi_memset                           0x08000189   Thumb Code    14  memseta.o(.text)
    __aeabi_memset4                          0x08000189   Thumb Code     0  memseta.o(.text)
    __aeabi_memset8                          0x08000189   Thumb Code     0  memseta.o(.text)
    __aeabi_memclr                           0x08000197   Thumb Code     4  memseta.o(.text)
    __aeabi_memclr4                          0x08000197   Thumb Code     0  memseta.o(.text)
    __aeabi_memclr8                          0x08000197   Thumb Code     0  memseta.o(.text)
    _memset$wrapper                          0x0800019b   Thumb Code    18  memseta.o(.text)
    __aeabi_fmul                             0x080001ad   Thumb Code   100  fmul.o(.text)
    __aeabi_fdiv                             0x08000211   Thumb Code   124  fdiv.o(.text)
    __aeabi_dadd                             0x0800028d   Thumb Code   322  dadd.o(.text)
    __aeabi_dsub                             0x080003cf   Thumb Code     6  dadd.o(.text)
    __aeabi_drsub                            0x080003d5   Thumb Code     6  dadd.o(.text)
    __aeabi_dmul                             0x080003db   Thumb Code   228  dmul.o(.text)
    __aeabi_ui2f                             0x080004bf   Thumb Code    10  ffltui.o(.text)
    __aeabi_f2iz                             0x080004c9   Thumb Code    50  ffixi.o(.text)
    __aeabi_f2d                              0x080004fb   Thumb Code    38  f2d.o(.text)
    __aeabi_uidiv                            0x08000521   Thumb Code     0  uidiv.o(.text)
    __aeabi_uidivmod                         0x08000521   Thumb Code    44  uidiv.o(.text)
    __aeabi_uldivmod                         0x0800054d   Thumb Code    98  uldiv.o(.text)
    __aeabi_llsl                             0x080005af   Thumb Code    30  llshl.o(.text)
    _ll_shift_l                              0x080005af   Thumb Code     0  llshl.o(.text)
    __aeabi_lasr                             0x080005cd   Thumb Code    36  llsshr.o(.text)
    _ll_sshift_r                             0x080005cd   Thumb Code     0  llsshr.o(.text)
    __I$use$fp                               0x080005f1   Thumb Code     0  iusefp.o(.text)
    _float_round                             0x080005f1   Thumb Code    18  fepilogue.o(.text)
    _float_epilogue                          0x08000603   Thumb Code    92  fepilogue.o(.text)
    _double_round                            0x0800065f   Thumb Code    30  depilogue.o(.text)
    _double_epilogue                         0x0800067d   Thumb Code   156  depilogue.o(.text)
    __aeabi_ddiv                             0x08000719   Thumb Code   222  ddiv.o(.text)
    __aeabi_d2ulz                            0x080007f7   Thumb Code    48  dfixul.o(.text)
    __aeabi_cdrcmple                         0x08000829   Thumb Code    48  cdrcmple.o(.text)
    __scatterload                            0x08000859   Thumb Code    28  init.o(.text)
    __scatterload_rt2                        0x08000859   Thumb Code     0  init.o(.text)
    BusFault_Handler                         0x0800087d   Thumb Code     2  stm32f1xx_it.o(i.BusFault_Handler)
    DebugMon_Handler                         0x0800087f   Thumb Code     2  stm32f1xx_it.o(i.DebugMon_Handler)
    Delay                                    0x08000881   Thumb Code    16  lcd.o(i.Delay)
    FSMC_NORSRAM_Extended_Timing_Init        0x08000891   Thumb Code    56  stm32f1xx_ll_fsmc.o(i.FSMC_NORSRAM_Extended_Timing_Init)
    FSMC_NORSRAM_Init                        0x080008cd   Thumb Code   148  stm32f1xx_ll_fsmc.o(i.FSMC_NORSRAM_Init)
    FSMC_NORSRAM_Timing_Init                 0x08000965   Thumb Code    64  stm32f1xx_ll_fsmc.o(i.FSMC_NORSRAM_Timing_Init)
    HAL_DMA_Abort_IT                         0x080009a9   Thumb Code   296  stm32f1xx_hal_dma.o(i.HAL_DMA_Abort_IT)
    HAL_GPIO_Init                            0x08000b41   Thumb Code   446  stm32f1xx_hal_gpio.o(i.HAL_GPIO_Init)
    HAL_GPIO_ReadPin                         0x08000d29   Thumb Code    10  stm32f1xx_hal_gpio.o(i.HAL_GPIO_ReadPin)
    HAL_GPIO_WritePin                        0x08000d33   Thumb Code    10  stm32f1xx_hal_gpio.o(i.HAL_GPIO_WritePin)
    HAL_GetTick                              0x08000d3d   Thumb Code     6  stm32f1xx_hal.o(i.HAL_GetTick)
    HAL_IncTick                              0x08000d49   Thumb Code    12  stm32f1xx_hal.o(i.HAL_IncTick)
    HAL_Init                                 0x08000d59   Thumb Code    32  stm32f1xx_hal.o(i.HAL_Init)
    HAL_InitTick                             0x08000d7d   Thumb Code    54  stm32f1xx_hal.o(i.HAL_InitTick)
    HAL_MspInit                              0x08000dbd   Thumb Code    52  stm32f1xx_hal_msp.o(i.HAL_MspInit)
    HAL_NVIC_EnableIRQ                       0x08000df9   Thumb Code    22  stm32f1xx_hal_cortex.o(i.HAL_NVIC_EnableIRQ)
    HAL_NVIC_SetPriority                     0x08000e11   Thumb Code    60  stm32f1xx_hal_cortex.o(i.HAL_NVIC_SetPriority)
    HAL_NVIC_SetPriorityGrouping             0x08000e51   Thumb Code    26  stm32f1xx_hal_cortex.o(i.HAL_NVIC_SetPriorityGrouping)
    HAL_RCC_ClockConfig                      0x08000e75   Thumb Code   346  stm32f1xx_hal_rcc.o(i.HAL_RCC_ClockConfig)
    HAL_RCC_GetPCLK1Freq                     0x08000fe1   Thumb Code    20  stm32f1xx_hal_rcc.o(i.HAL_RCC_GetPCLK1Freq)
    HAL_RCC_GetPCLK2Freq                     0x08001001   Thumb Code    20  stm32f1xx_hal_rcc.o(i.HAL_RCC_GetPCLK2Freq)
    HAL_RCC_GetSysClockFreq                  0x08001021   Thumb Code    74  stm32f1xx_hal_rcc.o(i.HAL_RCC_GetSysClockFreq)
    HAL_RCC_OscConfig                        0x0800108d   Thumb Code   750  stm32f1xx_hal_rcc.o(i.HAL_RCC_OscConfig)
    HAL_SRAM_Init                            0x08001391   Thumb Code    86  stm32f1xx_hal_sram.o(i.HAL_SRAM_Init)
    HAL_SRAM_MspInit                         0x080013e7   Thumb Code     4  stm32f1xx_hal_msp.o(i.HAL_SRAM_MspInit)
    HAL_SYSTICK_Config                       0x080013eb   Thumb Code    40  stm32f1xx_hal_cortex.o(i.HAL_SYSTICK_Config)
    HAL_TIMEx_BreakCallback                  0x08001413   Thumb Code     2  stm32f1xx_hal_tim_ex.o(i.HAL_TIMEx_BreakCallback)
    HAL_TIMEx_CommutationCallback            0x08001415   Thumb Code     2  stm32f1xx_hal_tim_ex.o(i.HAL_TIMEx_CommutationCallback)
    HAL_TIMEx_MasterConfigSynchronization    0x08001417   Thumb Code    80  stm32f1xx_hal_tim_ex.o(i.HAL_TIMEx_MasterConfigSynchronization)
    HAL_TIM_Base_Init                        0x08001467   Thumb Code    54  stm32f1xx_hal_tim.o(i.HAL_TIM_Base_Init)
    HAL_TIM_Base_MspInit                     0x0800149d   Thumb Code    30  stm32f1xx_hal_msp.o(i.HAL_TIM_Base_MspInit)
    HAL_TIM_ConfigClockSource                0x080014c5   Thumb Code   242  stm32f1xx_hal_tim.o(i.HAL_TIM_ConfigClockSource)
    HAL_TIM_IC_CaptureCallback               0x080015b7   Thumb Code     2  stm32f1xx_hal_tim.o(i.HAL_TIM_IC_CaptureCallback)
    HAL_TIM_IC_ConfigChannel                 0x080015b9   Thumb Code   282  stm32f1xx_hal_tim.o(i.HAL_TIM_IC_ConfigChannel)
    HAL_TIM_IC_Init                          0x080016d3   Thumb Code    54  stm32f1xx_hal_tim.o(i.HAL_TIM_IC_Init)
    HAL_TIM_IC_MspInit                       0x08001709   Thumb Code    90  stm32f1xx_hal_msp.o(i.HAL_TIM_IC_MspInit)
    HAL_TIM_IC_Start_IT                      0x08001771   Thumb Code    76  stm32f1xx_hal_tim.o(i.HAL_TIM_IC_Start_IT)
    HAL_TIM_IRQHandler                       0x080017bd   Thumb Code   358  stm32f1xx_hal_tim.o(i.HAL_TIM_IRQHandler)
    HAL_TIM_MspPostInit                      0x08001925   Thumb Code    82  stm32f1xx_hal_msp.o(i.HAL_TIM_MspPostInit)
    HAL_TIM_OC_DelayElapsedCallback          0x08001989   Thumb Code     2  stm32f1xx_hal_tim.o(i.HAL_TIM_OC_DelayElapsedCallback)
    HAL_TIM_PWM_ConfigChannel                0x0800198b   Thumb Code   208  stm32f1xx_hal_tim.o(i.HAL_TIM_PWM_ConfigChannel)
    HAL_TIM_PWM_Init                         0x08001a5b   Thumb Code    54  stm32f1xx_hal_tim.o(i.HAL_TIM_PWM_Init)
    HAL_TIM_PWM_MspInit                      0x08001a91   Thumb Code     2  stm32f1xx_hal_tim.o(i.HAL_TIM_PWM_MspInit)
    HAL_TIM_PWM_PulseFinishedCallback        0x08001a93   Thumb Code     2  stm32f1xx_hal_tim.o(i.HAL_TIM_PWM_PulseFinishedCallback)
    HAL_TIM_PWM_Start                        0x08001a95   Thumb Code    48  stm32f1xx_hal_tim.o(i.HAL_TIM_PWM_Start)
    HAL_TIM_PeriodElapsedCallback            0x08001acd   Thumb Code     2  stm32f1xx_hal_tim.o(i.HAL_TIM_PeriodElapsedCallback)
    HAL_TIM_TriggerCallback                  0x08001acf   Thumb Code     2  stm32f1xx_hal_tim.o(i.HAL_TIM_TriggerCallback)
    HAL_UART_ErrorCallback                   0x08001ad1   Thumb Code     2  stm32f1xx_hal_uart.o(i.HAL_UART_ErrorCallback)
    HAL_UART_IRQHandler                      0x08001ad5   Thumb Code   266  stm32f1xx_hal_uart.o(i.HAL_UART_IRQHandler)
    HAL_UART_Init                            0x08001be5   Thumb Code    98  stm32f1xx_hal_uart.o(i.HAL_UART_Init)
    HAL_UART_MspInit                         0x08001c49   Thumb Code   116  stm32f1xx_hal_msp.o(i.HAL_UART_MspInit)
    HAL_UART_Receive_IT                      0x08001cc9   Thumb Code    82  stm32f1xx_hal_uart.o(i.HAL_UART_Receive_IT)
    HAL_UART_RxCpltCallback                  0x08001d1d   Thumb Code   138  bluetooth.o(i.HAL_UART_RxCpltCallback)
    HAL_UART_TxCpltCallback                  0x08001db1   Thumb Code     2  stm32f1xx_hal_uart.o(i.HAL_UART_TxCpltCallback)
    HardFault_Handler                        0x08001db3   Thumb Code     2  stm32f1xx_it.o(i.HardFault_Handler)
    Joystick_Init                            0x08001db5   Thumb Code    26  joystick.o(i.Joystick_Init)
    Joystick_SetValue                        0x08001dd5   Thumb Code    48  joystick.o(i.Joystick_SetValue)
    LCD_BackLed_Control                      0x08001e09   Thumb Code    20  lcd.o(i.LCD_BackLed_Control)
    LCD_Clear                                0x08001e21   Thumb Code    26  lcd.o(i.LCD_Clear)
    LCD_DrawChar                             0x08001e3d   Thumb Code    70  lcd.o(i.LCD_DrawChar)
    LCD_DrawString                           0x08001e8d   Thumb Code    64  lcd.o(i.LCD_DrawString)
    LCD_FillColor                            0x08001ecd   Thumb Code    24  lcd.o(i.LCD_FillColor)
    LCD_INIT                                 0x08001ee9   Thumb Code    38  lcd.o(i.LCD_INIT)
    LCD_OpenWindow                           0x08001f11   Thumb Code    58  lcd.o(i.LCD_OpenWindow)
    LCD_REG_Config                           0x08001f51   Thumb Code   368  lcd.o(i.LCD_REG_Config)
    LCD_Rst                                  0x080020c9   Thumb Code    42  lcd.o(i.LCD_Rst)
    MemManage_Handler                        0x08002369   Thumb Code     2  stm32f1xx_it.o(i.MemManage_Handler)
    Motor_Init                               0x0800236d   Thumb Code    12  motor.o(i.Motor_Init)
    Motor_SetValue                           0x0800237d   Thumb Code    24  motor.o(i.Motor_SetValue)
    NMI_Handler                              0x08002399   Thumb Code     2  stm32f1xx_it.o(i.NMI_Handler)
    PendSV_Handler                           0x080023bb   Thumb Code     2  stm32f1xx_it.o(i.PendSV_Handler)
    SVC_Handler                              0x080023bd   Thumb Code     2  stm32f1xx_it.o(i.SVC_Handler)
    SysTick_Handler                          0x080023bf   Thumb Code     4  stm32f1xx_it.o(i.SysTick_Handler)
    SystemClock_Config                       0x080023c3   Thumb Code    78  main.o(i.SystemClock_Config)
    SystemInit                               0x08002411   Thumb Code    56  system_stm32f1xx.o(i.SystemInit)
    TIM1_CC_IRQHandler                       0x08002459   Thumb Code     6  stm32f1xx_it.o(i.TIM1_CC_IRQHandler)
    TIM_Base_SetConfig                       0x08002465   Thumb Code   120  stm32f1xx_hal_tim.o(i.TIM_Base_SetConfig)
    TIM_CCxChannelCmd                        0x080024f1   Thumb Code    22  stm32f1xx_hal_tim.o(i.TIM_CCxChannelCmd)
    TIM_OC2_SetConfig                        0x0800258d   Thumb Code    98  stm32f1xx_hal_tim.o(i.TIM_OC2_SetConfig)
    TIM_TI1_SetConfig                        0x080026d5   Thumb Code    88  stm32f1xx_hal_tim.o(i.TIM_TI1_SetConfig)
    USART1_IRQHandler                        0x08002a31   Thumb Code    22  stm32f1xx_it.o(i.USART1_IRQHandler)
    UsageFault_Handler                       0x08002a51   Thumb Code     2  stm32f1xx_it.o(i.UsageFault_Handler)
    __0sprintf                               0x08002a55   Thumb Code    34  printfa.o(i.__0sprintf)
    __1sprintf                               0x08002a55   Thumb Code     0  printfa.o(i.__0sprintf)
    __2sprintf                               0x08002a55   Thumb Code     0  printfa.o(i.__0sprintf)
    __c89sprintf                             0x08002a55   Thumb Code     0  printfa.o(i.__0sprintf)
    sprintf                                  0x08002a55   Thumb Code     0  printfa.o(i.__0sprintf)
    __scatterload_copy                       0x08002a7d   Thumb Code    14  handlers.o(i.__scatterload_copy)
    __scatterload_null                       0x08002a8b   Thumb Code     2  handlers.o(i.__scatterload_null)
    __scatterload_zeroinit                   0x08002a8d   Thumb Code    14  handlers.o(i.__scatterload_zeroinit)
    main                                     0x08003359   Thumb Code   730  main.o(i.main)
    set_pwm                                  0x08003699   Thumb Code    62  main.o(i.set_pwm)
    ucAscii_1608                             0x080036d6   Data        1520  lcd.o(.constdata)
    AHBPrescTable                            0x08003cc6   Data          16  system_stm32f1xx.o(.constdata)
    APBPrescTable                            0x08003cd6   Data           8  system_stm32f1xx.o(.constdata)
    Region$$Table$$Base                      0x08003ce0   Number         0  anon$$obj.o(Region$$Table)
    Region$$Table$$Limit                     0x08003d00   Number         0  anon$$obj.o(Region$$Table)
    Rxstr                                    0x20000000   Data           8  main.o(.data)
    bt_data                                  0x20000008   Data           4  main.o(.data)
    uwTickFreq                               0x20000014   Data           1  stm32f1xx_hal.o(.data)
    uwTickPrio                               0x20000018   Data           4  stm32f1xx_hal.o(.data)
    uwTick                                   0x2000001c   Data           4  stm32f1xx_hal.o(.data)
    SystemCoreClock                          0x20000020   Data           4  system_stm32f1xx.o(.data)
    my_joystick                              0x20000024   Data          28  main.o(.bss)
    my_motor                                 0x20000040   Data          12  main.o(.bss)
    htim1                                    0x2000004c   Data          64  main.o(.bss)
    htim3                                    0x2000008c   Data          64  main.o(.bss)
    huart1                                   0x200000cc   Data          64  main.o(.bss)
    hsram1                                   0x2000010c   Data          68  main.o(.bss)
    __initial_sp                             0x20000550   Data           0  startup_stm32f103xe.o(STACK)



==============================================================================

Memory Map of the image

  Image Entry point : 0x08000131

  Load Region LR_IROM1 (Base: 0x08000000, Size: 0x00003d24, Max: 0x00080000, ABSOLUTE)

    Execution Region ER_IROM1 (Base: 0x08000000, Size: 0x00003d00, Max: 0x00080000, ABSOLUTE)

    Base Addr    Size         Type   Attr      Idx    E Section Name        Object

    0x08000000   0x00000130   Data   RO            3    RESET               startup_stm32f103xe.o
    0x08000130   0x00000000   Code   RO         3054  * .ARM.Collect$$$$00000000  mc_w.l(entry.o)
    0x08000130   0x00000004   Code   RO         3372    .ARM.Collect$$$$00000001  mc_w.l(entry2.o)
    0x08000134   0x00000004   Code   RO         3375    .ARM.Collect$$$$00000004  mc_w.l(entry5.o)
    0x08000138   0x00000000   Code   RO         3377    .ARM.Collect$$$$00000008  mc_w.l(entry7b.o)
    0x08000138   0x00000000   Code   RO         3379    .ARM.Collect$$$$0000000A  mc_w.l(entry8b.o)
    0x08000138   0x00000008   Code   RO         3380    .ARM.Collect$$$$0000000B  mc_w.l(entry9a.o)
    0x08000140   0x00000000   Code   RO         3382    .ARM.Collect$$$$0000000D  mc_w.l(entry10a.o)
    0x08000140   0x00000000   Code   RO         3384    .ARM.Collect$$$$0000000F  mc_w.l(entry11a.o)
    0x08000140   0x00000004   Code   RO         3373    .ARM.Collect$$$$00002712  mc_w.l(entry2.o)
    0x08000144   0x00000024   Code   RO            4    .text               startup_stm32f103xe.o
    0x08000168   0x00000020   Code   RO         3057    .text               mc_w.l(llushr.o)
    0x08000188   0x00000024   Code   RO         3059    .text               mc_w.l(memseta.o)
    0x080001ac   0x00000064   Code   RO         3322    .text               mf_w.l(fmul.o)
    0x08000210   0x0000007c   Code   RO         3324    .text               mf_w.l(fdiv.o)
    0x0800028c   0x0000014e   Code   RO         3326    .text               mf_w.l(dadd.o)
    0x080003da   0x000000e4   Code   RO         3328    .text               mf_w.l(dmul.o)
    0x080004be   0x0000000a   Code   RO         3332    .text               mf_w.l(ffltui.o)
    0x080004c8   0x00000032   Code   RO         3338    .text               mf_w.l(ffixi.o)
    0x080004fa   0x00000026   Code   RO         3342    .text               mf_w.l(f2d.o)
    0x08000520   0x0000002c   Code   RO         3389    .text               mc_w.l(uidiv.o)
    0x0800054c   0x00000062   Code   RO         3391    .text               mc_w.l(uldiv.o)
    0x080005ae   0x0000001e   Code   RO         3393    .text               mc_w.l(llshl.o)
    0x080005cc   0x00000024   Code   RO         3395    .text               mc_w.l(llsshr.o)
    0x080005f0   0x00000000   Code   RO         3404    .text               mc_w.l(iusefp.o)
    0x080005f0   0x0000006e   Code   RO         3405    .text               mf_w.l(fepilogue.o)
    0x0800065e   0x000000ba   Code   RO         3407    .text               mf_w.l(depilogue.o)
    0x08000718   0x000000de   Code   RO         3409    .text               mf_w.l(ddiv.o)
    0x080007f6   0x00000030   Code   RO         3411    .text               mf_w.l(dfixul.o)
    0x08000826   0x00000002   PAD
    0x08000828   0x00000030   Code   RO         3413    .text               mf_w.l(cdrcmple.o)
    0x08000858   0x00000024   Code   RO         3419    .text               mc_w.l(init.o)
    0x0800087c   0x00000002   Code   RO          455    i.BusFault_Handler  stm32f1xx_it.o
    0x0800087e   0x00000002   Code   RO          456    i.DebugMon_Handler  stm32f1xx_it.o
    0x08000880   0x00000010   Code   RO           13    i.Delay             lcd.o
    0x08000890   0x0000003c   Code   RO          684    i.FSMC_NORSRAM_Extended_Timing_Init  stm32f1xx_ll_fsmc.o
    0x080008cc   0x00000098   Code   RO          685    i.FSMC_NORSRAM_Init  stm32f1xx_ll_fsmc.o
    0x08000964   0x00000044   Code   RO          686    i.FSMC_NORSRAM_Timing_Init  stm32f1xx_ll_fsmc.o
    0x080009a8   0x00000130   Code   RO         2480    i.HAL_DMA_Abort_IT  stm32f1xx_hal_dma.o
    0x08000ad8   0x00000068   Code   RO          555    i.HAL_FSMC_MspInit  stm32f1xx_hal_msp.o
    0x08000b40   0x000001e8   Code   RO         2415    i.HAL_GPIO_Init     stm32f1xx_hal_gpio.o
    0x08000d28   0x0000000a   Code   RO         2417    i.HAL_GPIO_ReadPin  stm32f1xx_hal_gpio.o
    0x08000d32   0x0000000a   Code   RO         2419    i.HAL_GPIO_WritePin  stm32f1xx_hal_gpio.o
    0x08000d3c   0x0000000c   Code   RO         2123    i.HAL_GetTick       stm32f1xx_hal.o
    0x08000d48   0x00000010   Code   RO         2127    i.HAL_IncTick       stm32f1xx_hal.o
    0x08000d58   0x00000024   Code   RO         2128    i.HAL_Init          stm32f1xx_hal.o
    0x08000d7c   0x00000040   Code   RO         2129    i.HAL_InitTick      stm32f1xx_hal.o
    0x08000dbc   0x0000003c   Code   RO          556    i.HAL_MspInit       stm32f1xx_hal_msp.o
    0x08000df8   0x00000016   Code   RO         2575    i.HAL_NVIC_EnableIRQ  stm32f1xx_hal_cortex.o
    0x08000e0e   0x00000002   PAD
    0x08000e10   0x00000040   Code   RO         2581    i.HAL_NVIC_SetPriority  stm32f1xx_hal_cortex.o
    0x08000e50   0x00000024   Code   RO         2582    i.HAL_NVIC_SetPriorityGrouping  stm32f1xx_hal_cortex.o
    0x08000e74   0x0000016c   Code   RO         2275    i.HAL_RCC_ClockConfig  stm32f1xx_hal_rcc.o
    0x08000fe0   0x00000020   Code   RO         2282    i.HAL_RCC_GetPCLK1Freq  stm32f1xx_hal_rcc.o
    0x08001000   0x00000020   Code   RO         2283    i.HAL_RCC_GetPCLK2Freq  stm32f1xx_hal_rcc.o
    0x08001020   0x0000006c   Code   RO         2284    i.HAL_RCC_GetSysClockFreq  stm32f1xx_hal_rcc.o
    0x0800108c   0x00000304   Code   RO         2287    i.HAL_RCC_OscConfig  stm32f1xx_hal_rcc.o
    0x08001390   0x00000056   Code   RO          806    i.HAL_SRAM_Init     stm32f1xx_hal_sram.o
    0x080013e6   0x00000004   Code   RO          558    i.HAL_SRAM_MspInit  stm32f1xx_hal_msp.o
    0x080013ea   0x00000028   Code   RO         2586    i.HAL_SYSTICK_Config  stm32f1xx_hal_cortex.o
    0x08001412   0x00000002   Code   RO         1553    i.HAL_TIMEx_BreakCallback  stm32f1xx_hal_tim_ex.o
    0x08001414   0x00000002   Code   RO         1554    i.HAL_TIMEx_CommutationCallback  stm32f1xx_hal_tim_ex.o
    0x08001416   0x00000050   Code   RO         1570    i.HAL_TIMEx_MasterConfigSynchronization  stm32f1xx_hal_tim_ex.o
    0x08001466   0x00000036   Code   RO          924    i.HAL_TIM_Base_Init  stm32f1xx_hal_tim.o
    0x0800149c   0x00000028   Code   RO          560    i.HAL_TIM_Base_MspInit  stm32f1xx_hal_msp.o
    0x080014c4   0x000000f2   Code   RO          933    i.HAL_TIM_ConfigClockSource  stm32f1xx_hal_tim.o
    0x080015b6   0x00000002   Code   RO          953    i.HAL_TIM_IC_CaptureCallback  stm32f1xx_hal_tim.o
    0x080015b8   0x0000011a   Code   RO          954    i.HAL_TIM_IC_ConfigChannel  stm32f1xx_hal_tim.o
    0x080016d2   0x00000036   Code   RO          957    i.HAL_TIM_IC_Init   stm32f1xx_hal_tim.o
    0x08001708   0x00000068   Code   RO          562    i.HAL_TIM_IC_MspInit  stm32f1xx_hal_msp.o
    0x08001770   0x0000004c   Code   RO          962    i.HAL_TIM_IC_Start_IT  stm32f1xx_hal_tim.o
    0x080017bc   0x00000166   Code   RO          966    i.HAL_TIM_IRQHandler  stm32f1xx_hal_tim.o
    0x08001922   0x00000002   PAD
    0x08001924   0x00000064   Code   RO          563    i.HAL_TIM_MspPostInit  stm32f1xx_hal_msp.o
    0x08001988   0x00000002   Code   RO          969    i.HAL_TIM_OC_DelayElapsedCallback  stm32f1xx_hal_tim.o
    0x0800198a   0x000000d0   Code   RO          990    i.HAL_TIM_PWM_ConfigChannel  stm32f1xx_hal_tim.o
    0x08001a5a   0x00000036   Code   RO          993    i.HAL_TIM_PWM_Init  stm32f1xx_hal_tim.o
    0x08001a90   0x00000002   Code   RO          995    i.HAL_TIM_PWM_MspInit  stm32f1xx_hal_tim.o
    0x08001a92   0x00000002   Code   RO          996    i.HAL_TIM_PWM_PulseFinishedCallback  stm32f1xx_hal_tim.o
    0x08001a94   0x00000038   Code   RO          997    i.HAL_TIM_PWM_Start  stm32f1xx_hal_tim.o
    0x08001acc   0x00000002   Code   RO         1003    i.HAL_TIM_PeriodElapsedCallback  stm32f1xx_hal_tim.o
    0x08001ace   0x00000002   Code   RO         1007    i.HAL_TIM_TriggerCallback  stm32f1xx_hal_tim.o
    0x08001ad0   0x00000002   Code   RO         1807    i.HAL_UART_ErrorCallback  stm32f1xx_hal_uart.o
    0x08001ad2   0x00000002   PAD
    0x08001ad4   0x00000110   Code   RO         1810    i.HAL_UART_IRQHandler  stm32f1xx_hal_uart.o
    0x08001be4   0x00000062   Code   RO         1811    i.HAL_UART_Init     stm32f1xx_hal_uart.o
    0x08001c46   0x00000002   PAD
    0x08001c48   0x00000080   Code   RO          565    i.HAL_UART_MspInit  stm32f1xx_hal_msp.o
    0x08001cc8   0x00000052   Code   RO         1816    i.HAL_UART_Receive_IT  stm32f1xx_hal_uart.o
    0x08001d1a   0x00000002   PAD
    0x08001d1c   0x00000094   Code   RO          257    i.HAL_UART_RxCpltCallback  bluetooth.o
    0x08001db0   0x00000002   Code   RO         1822    i.HAL_UART_TxCpltCallback  stm32f1xx_hal_uart.o
    0x08001db2   0x00000002   Code   RO          457    i.HardFault_Handler  stm32f1xx_it.o
    0x08001db4   0x00000020   Code   RO          305    i.Joystick_Init     joystick.o
    0x08001dd4   0x00000034   Code   RO          306    i.Joystick_SetValue  joystick.o
    0x08001e08   0x00000018   Code   RO           14    i.LCD_BackLed_Control  lcd.o
    0x08001e20   0x0000001a   Code   RO           15    i.LCD_Clear         lcd.o
    0x08001e3a   0x00000002   PAD
    0x08001e3c   0x00000050   Code   RO           16    i.LCD_DrawChar      lcd.o
    0x08001e8c   0x00000040   Code   RO           21    i.LCD_DrawString    lcd.o
    0x08001ecc   0x0000001c   Code   RO           22    i.LCD_FillColor     lcd.o
    0x08001ee8   0x00000026   Code   RO           24    i.LCD_INIT          lcd.o
    0x08001f0e   0x00000002   PAD
    0x08001f10   0x00000040   Code   RO           25    i.LCD_OpenWindow    lcd.o
    0x08001f50   0x00000178   Code   RO           26    i.LCD_REG_Config    lcd.o
    0x080020c8   0x00000034   Code   RO           29    i.LCD_Rst           lcd.o
    0x080020fc   0x00000070   Code   RO          366    i.MX_FSMC_Init      main.o
    0x0800216c   0x00000114   Code   RO          367    i.MX_GPIO_Init      main.o
    0x08002280   0x0000005c   Code   RO          368    i.MX_TIM1_Init      main.o
    0x080022dc   0x0000008c   Code   RO          369    i.MX_TIM3_Init      main.o
    0x08002368   0x00000002   Code   RO          458    i.MemManage_Handler  stm32f1xx_it.o
    0x0800236a   0x00000002   PAD
    0x0800236c   0x00000010   Code   RO          335    i.Motor_Init        motor.o
    0x0800237c   0x0000001c   Code   RO          336    i.Motor_SetValue    motor.o
    0x08002398   0x00000002   Code   RO          459    i.NMI_Handler       stm32f1xx_it.o
    0x0800239a   0x00000020   Code   RO         2588    i.NVIC_SetPriority  stm32f1xx_hal_cortex.o
    0x080023ba   0x00000002   Code   RO          460    i.PendSV_Handler    stm32f1xx_it.o
    0x080023bc   0x00000002   Code   RO          461    i.SVC_Handler       stm32f1xx_it.o
    0x080023be   0x00000004   Code   RO          462    i.SysTick_Handler   stm32f1xx_it.o
    0x080023c2   0x0000004e   Code   RO          370    i.SystemClock_Config  main.o
    0x08002410   0x00000048   Code   RO         3004    i.SystemInit        system_stm32f1xx.o
    0x08002458   0x0000000c   Code   RO          463    i.TIM1_CC_IRQHandler  stm32f1xx_it.o
    0x08002464   0x0000008c   Code   RO         1008    i.TIM_Base_SetConfig  stm32f1xx_hal_tim.o
    0x080024f0   0x00000016   Code   RO         1009    i.TIM_CCxChannelCmd  stm32f1xx_hal_tim.o
    0x08002506   0x00000014   Code   RO         1015    i.TIM_ETR_SetConfig  stm32f1xx_hal_tim.o
    0x0800251a   0x00000010   Code   RO         1016    i.TIM_ITRx_SetConfig  stm32f1xx_hal_tim.o
    0x0800252a   0x00000002   PAD
    0x0800252c   0x00000060   Code   RO         1017    i.TIM_OC1_SetConfig  stm32f1xx_hal_tim.o
    0x0800258c   0x0000006c   Code   RO         1018    i.TIM_OC2_SetConfig  stm32f1xx_hal_tim.o
    0x080025f8   0x00000068   Code   RO         1019    i.TIM_OC3_SetConfig  stm32f1xx_hal_tim.o
    0x08002660   0x00000050   Code   RO         1020    i.TIM_OC4_SetConfig  stm32f1xx_hal_tim.o
    0x080026b0   0x00000022   Code   RO         1022    i.TIM_TI1_ConfigInputStage  stm32f1xx_hal_tim.o
    0x080026d2   0x00000002   PAD
    0x080026d4   0x0000006c   Code   RO         1023    i.TIM_TI1_SetConfig  stm32f1xx_hal_tim.o
    0x08002740   0x00000024   Code   RO         1024    i.TIM_TI2_ConfigInputStage  stm32f1xx_hal_tim.o
    0x08002764   0x00000036   Code   RO         1025    i.TIM_TI2_SetConfig  stm32f1xx_hal_tim.o
    0x0800279a   0x00000010   Code   RO         1824    i.UART_DMAAbortOnError  stm32f1xx_hal_uart.o
    0x080027aa   0x0000001c   Code   RO         1834    i.UART_EndRxTransfer  stm32f1xx_hal_uart.o
    0x080027c6   0x00000096   Code   RO         1836    i.UART_Receive_IT   stm32f1xx_hal_uart.o
    0x0800285c   0x00000170   Code   RO         1837    i.UART_SetConfig    stm32f1xx_hal_uart.o
    0x080029cc   0x00000062   Code   RO         1838    i.UART_Transmit_IT  stm32f1xx_hal_uart.o
    0x08002a2e   0x00000002   PAD
    0x08002a30   0x00000020   Code   RO          464    i.USART1_IRQHandler  stm32f1xx_it.o
    0x08002a50   0x00000002   Code   RO          465    i.UsageFault_Handler  stm32f1xx_it.o
    0x08002a52   0x00000002   PAD
    0x08002a54   0x00000028   Code   RO         3296    i.__0sprintf        mc_w.l(printfa.o)
    0x08002a7c   0x0000000e   Code   RO         3425    i.__scatterload_copy  mc_w.l(handlers.o)
    0x08002a8a   0x00000002   Code   RO         3426    i.__scatterload_null  mc_w.l(handlers.o)
    0x08002a8c   0x0000000e   Code   RO         3427    i.__scatterload_zeroinit  mc_w.l(handlers.o)
    0x08002a9a   0x00000002   PAD
    0x08002a9c   0x00000184   Code   RO         3301    i._fp_digits        mc_w.l(printfa.o)
    0x08002c20   0x000006dc   Code   RO         3302    i._printf_core      mc_w.l(printfa.o)
    0x080032fc   0x00000024   Code   RO         3303    i._printf_post_padding  mc_w.l(printfa.o)
    0x08003320   0x0000002e   Code   RO         3304    i._printf_pre_padding  mc_w.l(printfa.o)
    0x0800334e   0x0000000a   Code   RO         3306    i._sputc            mc_w.l(printfa.o)
    0x08003358   0x00000340   Code   RO          371    i.main              main.o
    0x08003698   0x0000003e   Code   RO          372    i.set_pwm           main.o
    0x080036d6   0x000005f0   Data   RO           32    .constdata          lcd.o
    0x08003cc6   0x00000010   Data   RO         3005    .constdata          system_stm32f1xx.o
    0x08003cd6   0x00000008   Data   RO         3006    .constdata          system_stm32f1xx.o
    0x08003cde   0x00000002   PAD
    0x08003ce0   0x00000020   Data   RO         3423    Region$$Table       anon$$obj.o


    Execution Region RW_IRAM1 (Base: 0x20000000, Size: 0x00000550, Max: 0x00010000, ABSOLUTE)

    Base Addr    Size         Type   Attr      Idx    E Section Name        Object

    0x20000000   0x00000008   Data   RW          375    .data               main.o
    0x20000008   0x00000004   Data   RW          377    .data               main.o
    0x2000000c   0x00000008   Data   RW          566    .data               stm32f1xx_hal_msp.o
    0x20000014   0x0000000c   Data   RW         2135    .data               stm32f1xx_hal.o
    0x20000020   0x00000004   Data   RW         3007    .data               system_stm32f1xx.o
    0x20000024   0x0000012c   Zero   RW          373    .bss                main.o
    0x20000150   0x00000400   Zero   RW            1    STACK               startup_stm32f103xe.o


==============================================================================

Image component sizes


      Code (inc. data)   RO Data    RW Data    ZI Data      Debug   Object Name

       148         10          0          0          0        918   bluetooth.o
        84         10          0          0          0       1012   joystick.o
       768         42       1520          0          0     497843   lcd.o
      1592        158          0         12        300       7217   main.o
        44          8          0          0          0        938   motor.o
        36          8        304          0       1024        808   startup_stm32f103xe.o
       128         24          0         12          0       5941   stm32f1xx_hal.o
       194         14          0          0          0      25787   stm32f1xx_hal_cortex.o
       304          8          0          0          0       1175   stm32f1xx_hal_dma.o
       508         42          0          0          0       3535   stm32f1xx_hal_gpio.o
       540         78          0          8          0       4798   stm32f1xx_hal_msp.o
      1308         98          0          0          0       5252   stm32f1xx_hal_rcc.o
        86          0          0          0          0       1204   stm32f1xx_hal_sram.o
      2214         84          0          0          0      19739   stm32f1xx_hal_tim.o
        84          0          0          0          0       2350   stm32f1xx_hal_tim_ex.o
      1116         10          0          0          0       7347   stm32f1xx_hal_uart.o
        64         16          0          0          0       4743   stm32f1xx_it.o
       280         12          0          0          0       2579   stm32f1xx_ll_fsmc.o
        72         16         24          4          0       1175   system_stm32f1xx.o

    ----------------------------------------------------------------------
      9594        638       1882         36       1324     594361   Object Totals
         0          0         32          0          0          0   (incl. Generated)
        24          0          2          0          0          0   (incl. Padding)

    ----------------------------------------------------------------------

      Code (inc. data)   RO Data    RW Data    ZI Data      Debug   Library Member Name

         0          0          0          0          0          0   entry.o
         0          0          0          0          0          0   entry10a.o
         0          0          0          0          0          0   entry11a.o
         8          4          0          0          0          0   entry2.o
         4          0          0          0          0          0   entry5.o
         0          0          0          0          0          0   entry7b.o
         0          0          0          0          0          0   entry8b.o
         8          4          0          0          0          0   entry9a.o
        30          0          0          0          0          0   handlers.o
        36          8          0          0          0         68   init.o
         0          0          0          0          0          0   iusefp.o
        30          0          0          0          0         68   llshl.o
        36          0          0          0          0         68   llsshr.o
        32          0          0          0          0         68   llushr.o
        36          0          0          0          0        108   memseta.o
      2276         86          0          0          0        520   printfa.o
        44          0          0          0          0         80   uidiv.o
        98          0          0          0          0         92   uldiv.o
        48          0          0          0          0         68   cdrcmple.o
       334          0          0          0          0        148   dadd.o
       222          0          0          0          0        100   ddiv.o
       186          0          0          0          0        176   depilogue.o
        48          0          0          0          0         68   dfixul.o
       228          0          0          0          0         96   dmul.o
        38          0          0          0          0         68   f2d.o
       124          0          0          0          0         88   fdiv.o
       110          0          0          0          0        168   fepilogue.o
        50          0          0          0          0         68   ffixi.o
        10          0          0          0          0         68   ffltui.o
       100          0          0          0          0         76   fmul.o

    ----------------------------------------------------------------------
      4140        102          0          0          0       2264   Library Totals
         4          0          0          0          0          0   (incl. Padding)

    ----------------------------------------------------------------------

      Code (inc. data)   RO Data    RW Data    ZI Data      Debug   Library Name

      2638        102          0          0          0       1072   mc_w.l
      1498          0          0          0          0       1192   mf_w.l

    ----------------------------------------------------------------------
      4140        102          0          0          0       2264   Library Totals

    ----------------------------------------------------------------------

==============================================================================


      Code (inc. data)   RO Data    RW Data    ZI Data      Debug   

     13734        740       1882         36       1324     590433   Grand Totals
     13734        740       1882         36       1324     590433   ELF Image Totals
     13734        740       1882         36          0          0   ROM Totals

==============================================================================

    Total RO  Size (Code + RO Data)                15616 (  15.25kB)
    Total RW  Size (RW Data + ZI Data)              1360 (   1.33kB)
    Total ROM Size (Code + RO Data + RW Data)      15652 (  15.29kB)

==============================================================================

